******************************************************************************
                  TI ARM Linker PC v20.2.1                     
******************************************************************************
>> Linked Thu Jul  9 16:27:38 2020

OUTPUT FILE NAME:   <empty_MSP_EXP432P401R_nortos_ccs.out>
ENTRY POINT SYMBOL: "_c_int00_noargs"  address: 000009e9


MEMORY CONFIGURATION

         name            origin    length      used     unused   attr    fill
----------------------  --------  ---------  --------  --------  ----  --------
  MAIN                  00000000   00040000  00000bb4  0003f44c  R  X
  INFO                  00200000   00004000  00000000  00004000  R  X
  SRAM_CODE             01000000   00010000  00000222  0000fdde  RW X
  SRAM_DATA             20000000   00010000  00000222  0000fdde  RW  


SEGMENT ALLOCATION MAP

run origin  load origin   length   init length attrs members
----------  ----------- ---------- ----------- ----- -------
00000000    00000000    00000bb4   00000bb4    r-x
  00000000    00000000    000000e4   000000e4    r-- .intvecs
  000000e4    000000e4    00000a64   00000a64    r-x .text
  00000b48    00000b48    00000058   00000058    r-- .const
  00000ba0    00000ba0    00000014   00000014    r-- .cinit
20000000    20000000    00000022   00000000    rw-
  20000000    20000000    00000022   00000000    rw- .bss
2000fe00    2000fe00    00000200   00000000    rw-
  2000fe00    2000fe00    00000200   00000000    rw- .stack


SECTION ALLOCATION MAP

 output                                  attributes/
section   page    origin      length       input sections
--------  ----  ----------  ----------   ----------------
.intvecs   0    00000000    000000e4     
                  00000000    000000e4     startup_msp432p401r_ccs.obj (.intvecs:retain)

.text      0    000000e4    00000a64     
                  000000e4    000001b6     rtsv7M4_T_le_v4SPD16_eabi.lib : fd_add_t2.asm.obj (.text)
                  0000029a    00000002     startup_msp432p401r_ccs.obj (.text:Default_Handler)
                  0000029c    00000120     main.obj (.text:main)
                  000003bc    0000011c     msp432p4xx_driverlib.lib : uart.o (.text:UART_initModule)
                  000004d8    000000fc     rtsv7M4_T_le_v4SPD16_eabi.lib : fd_mul_t2.asm.obj (.text)
                  000005d4    00000086                                   : fd_cmp_t2.asm.obj (.text:__aeabi_cdcmple)
                  0000065a    00000002     --HOLE-- [fill = 0]
                  0000065c    0000007c     uart_functions.obj (.text:initUART)
                  000006d8    00000078     system_msp432p401r.obj (.text:SystemInit)
                  00000750    00000070     uart_functions.obj (.text:EUSCIA0_IRQHandler)
                  000007c0    00000070     main.obj (.text:getDebouncedSwitchState)
                  00000830    00000064     msp432p4xx_driverlib.lib : uart.o (.text:UART_getEnabledInterruptStatus)
                  00000894    00000058                              : gpio.o (.text:GPIO_setAsInputPinWithPullUpResistor)
                  000008ec    00000044     rtsv7M4_T_le_v4SPD16_eabi.lib : autoinit.c.obj (.text:__TI_auto_init_nobinit_nopinit:__TI_auto_init_nobinit_nopinit)
                  00000930    00000044                                   : fd_tou_t2.asm.obj (.text)
                  00000974    00000040     msp432p4xx_driverlib.lib : gpio.o (.text:GPIO_setAsOutputPin)
                  000009b4    00000034                              : cs.o (.text:CS_setDCOCenteredFrequency)
                  000009e8    00000034     rtsv7M4_T_le_v4SPD16_eabi.lib : boot_cortex_m.c.obj (.text:_c_int00_noargs:_c_int00_noargs)
                  00000a1c    00000034     uart_functions.obj (.text:writeString)
                  00000a50    00000030     msp432p4xx_driverlib.lib : gpio.o (.text:GPIO_getInputPinValue)
                  00000a80    00000028                              : gpio.o (.text:GPIO_toggleOutputOnPin)
                  00000aa8    00000024                              : wdt_a.o (.text:WDT_A_holdTimer)
                  00000acc    00000020     rtsv7M4_T_le_v4SPD16_eabi.lib : u_tofd_t2.asm.obj (.text)
                  00000aec    0000001c                                   : copy_zero_init.c.obj (.text:decompress:ZI:__TI_zero_init_nomemset:__TI_zero_init_nomemset)
                  00000b08    00000018     msp432p4xx_driverlib.lib : uart.o (.text:UART_getInterruptStatus)
                  00000b20    00000014     main.obj (.text:getSwitchState)
                  00000b34    0000000c     startup_msp432p401r_ccs.obj (.text:Reset_Handler)
                  00000b40    00000004     rtsv7M4_T_le_v4SPD16_eabi.lib : pre_init.c.obj (.text:_system_pre_init)
                  00000b44    00000004                                   : exit.c.obj (.text:abort:abort)

.const     0    00000b48    00000058     
                  00000b48    00000030     msp432p4xx_driverlib.lib : gpio.o (.const:GPIO_PORT_TO_BASE)
                  00000b78    00000028     uart_functions.obj (.const:uartConfig)

.cinit     0    00000ba0    00000014     
                  00000ba0    00000008     (.cinit..bss.load) [load image, compression = zero_init]
                  00000ba8    00000004     (__TI_handler_table)
                  00000bac    00000008     (__TI_cinit_table)

.init_array 
*          0    00000000    00000000     UNINITIALIZED

.binit     0    00000000    00000000     

.bss       0    20000000    00000022     UNINITIALIZED
                  20000000    00000022     (.common:ringBuffer)

.stack     0    2000fe00    00000200     UNINITIALIZED
                  2000fe00    00000004     rtsv7M4_T_le_v4SPD16_eabi.lib : boot_cortex_m.c.obj (.stack)
                  2000fe04    000001fc     --HOLE--

__llvm_prf_cnts 
*          0    20000000    00000000     UNINITIALIZED

MODULE SUMMARY

       Module                        code   ro data   rw data
       ------                        ----   -------   -------
    .\
       main.obj                      420    0         0      
       uart_functions.obj            288    40        68     
       system_msp432p401r.obj        120    0         0      
    +--+-----------------------------+------+---------+---------+
       Total:                        828    40        68     
                                                             
    .\ccs\
       startup_msp432p401r_ccs.obj   14     228       0      
    +--+-----------------------------+------+---------+---------+
       Total:                        14     228       0      
                                                             
    C:/ti/simplelink_msp432p4_sdk_3_40_01_02/source/ti/devices/msp432p4xx/driverlib/ccs/msp432p4xx_driverlib.lib
       uart.o                        408    0         0      
       gpio.o                        240    48        0      
       cs.o                          52     0         0      
       wdt_a.o                       36     0         0      
    +--+-----------------------------+------+---------+---------+
       Total:                        736    48        0      
                                                             
    C:\ti\ccs1010\ccs\tools\compiler\ti-cgt-arm_20.2.1.LTS\lib\rtsv7M4_T_le_v4SPD16_eabi.lib
       fd_add_t2.asm.obj             438    0         0      
       fd_mul_t2.asm.obj             252    0         0      
       fd_cmp_t2.asm.obj             134    0         0      
       autoinit.c.obj                68     0         0      
       fd_tou_t2.asm.obj             68     0         0      
       boot_cortex_m.c.obj           52     0         0      
       u_tofd_t2.asm.obj             32     0         0      
       copy_zero_init.c.obj          28     0         0      
       exit.c.obj                    4      0         0      
       pre_init.c.obj                4      0         0      
    +--+-----------------------------+------+---------+---------+
       Total:                        1080   0         0      
                                                             
       Stack:                        0      0         1024   
       Linker Generated:             0      20        0      
    +--+-----------------------------+------+---------+---------+
       Grand Total:                  2658   336       1092   


LINKER GENERATED COPY TABLES

__TI_cinit_table @ 00000bac records: 1, size/record: 8, table size: 8
	.bss: load addr=00000ba0, load size=00000008 bytes, run addr=20000000, run size=00000022 bytes, compression=zero_init


LINKER GENERATED HANDLER TABLE

__TI_handler_table @ 00000ba8 records: 1, size/record: 4, table size: 4
	index: 0, handler: __TI_zero_init


GLOBAL SYMBOLS: SORTED ALPHABETICALLY BY Name 

address   name                                
-------   ----                                
0000029b  ADC14_IRQHandler                    
0000029b  AES256_IRQHandler                   
0000029b  BusFault_Handler                    
00000b45  C$$EXIT                             
0000029b  COMP_E0_IRQHandler                  
0000029b  COMP_E1_IRQHandler                  
0000029b  CS_IRQHandler                       
000009b5  CS_setDCOCenteredFrequency          
0000029b  DMA_ERR_IRQHandler                  
0000029b  DMA_INT0_IRQHandler                 
0000029b  DMA_INT1_IRQHandler                 
0000029b  DMA_INT2_IRQHandler                 
0000029b  DMA_INT3_IRQHandler                 
0000029b  DebugMon_Handler                    
0000029b  Default_Handler                     
00000751  EUSCIA0_IRQHandler                  
00000751  EUSCIA0_IRQHandler                  
0000029b  EUSCIA1_IRQHandler                  
0000029b  EUSCIA2_IRQHandler                  
0000029b  EUSCIA3_IRQHandler                  
0000029b  EUSCIB0_IRQHandler                  
0000029b  EUSCIB1_IRQHandler                  
0000029b  EUSCIB2_IRQHandler                  
0000029b  EUSCIB3_IRQHandler                  
0000029b  FLCTL_IRQHandler                    
0000029b  FPU_IRQHandler                      
00000a51  GPIO_getInputPinValue               
00000895  GPIO_setAsInputPinWithPullUpResistor
00000975  GPIO_setAsOutputPin                 
00000a81  GPIO_toggleOutputOnPin              
0000029b  HardFault_Handler                   
0000029b  MemManage_Handler                   
0000029b  NMI_Handler                         
0000029b  PCM_IRQHandler                      
0000029b  PORT1_IRQHandler                    
0000029b  PORT2_IRQHandler                    
0000029b  PORT3_IRQHandler                    
0000029b  PORT4_IRQHandler                    
0000029b  PORT5_IRQHandler                    
0000029b  PORT6_IRQHandler                    
0000029b  PSS_IRQHandler                      
0000029b  PendSV_Handler                      
0000029b  RTC_C_IRQHandler                    
00000b35  Reset_Handler                       
0000029b  SVC_Handler                         
0000029b  SysTick_Handler                     
000006d9  SystemInit                          
0000029b  T32_INT1_IRQHandler                 
0000029b  T32_INT2_IRQHandler                 
0000029b  T32_INTC_IRQHandler                 
0000029b  TA0_0_IRQHandler                    
0000029b  TA0_N_IRQHandler                    
0000029b  TA1_0_IRQHandler                    
0000029b  TA1_N_IRQHandler                    
0000029b  TA2_0_IRQHandler                    
0000029b  TA2_N_IRQHandler                    
0000029b  TA3_0_IRQHandler                    
0000029b  TA3_N_IRQHandler                    
00000831  UART_getEnabledInterruptStatus      
00000b09  UART_getInterruptStatus             
000003bd  UART_initModule                     
0000029b  UsageFault_Handler                  
4000480c  WDTCTL_SYM                          
0000029b  WDT_A_IRQHandler                    
00000aa9  WDT_A_holdTimer                     
20010000  __STACK_END                         
00000200  __STACK_SIZE                        
00000bac  __TI_CINIT_Base                     
00000bb4  __TI_CINIT_Limit                    
00000ba8  __TI_Handler_Table_Base             
00000bac  __TI_Handler_Table_Limit            
000008ed  __TI_auto_init_nobinit_nopinit      
ffffffff  __TI_pprof_out_hndl                 
ffffffff  __TI_prof_data_size                 
ffffffff  __TI_prof_data_start                
00000000  __TI_static_base__                  
00000aed  __TI_zero_init_nomemset             
000005d5  __aeabi_cdcmpeq                     
000005d5  __aeabi_cdcmple                     
00000931  __aeabi_d2uiz                       
000000ef  __aeabi_dadd                        
000004d9  __aeabi_dmul                        
000000e5  __aeabi_dsub                        
00000acd  __aeabi_ui2d                        
ffffffff  __binit__                           
ffffffff  __c_args__                          
UNDEFED   __mpu_init                          
2000fe00  __stack                             
20000000  __start___llvm_prf_cnts             
20000000  __stop___llvm_prf_cnts              
000009e9  _c_int00_noargs                     
UNDEFED   _system_post_cinit                  
00000b41  _system_pre_init                    
00000b45  abort                               
ffffffff  binit                               
000007c1  getDebouncedSwitchState             
00000b21  getSwitchState                      
0000065d  initUART                            
00000000  interruptVectors                    
0000029d  main                                
20000000  ringBuffer                          
00000b78  uartConfig                          
00000a1d  writeString                         


GLOBAL SYMBOLS: SORTED BY Symbol Address 

address   name                                
-------   ----                                
00000000  __TI_static_base__                  
00000000  interruptVectors                    
000000e5  __aeabi_dsub                        
000000ef  __aeabi_dadd                        
00000200  __STACK_SIZE                        
0000029b  ADC14_IRQHandler                    
0000029b  AES256_IRQHandler                   
0000029b  BusFault_Handler                    
0000029b  COMP_E0_IRQHandler                  
0000029b  COMP_E1_IRQHandler                  
0000029b  CS_IRQHandler                       
0000029b  DMA_ERR_IRQHandler                  
0000029b  DMA_INT0_IRQHandler                 
0000029b  DMA_INT1_IRQHandler                 
0000029b  DMA_INT2_IRQHandler                 
0000029b  DMA_INT3_IRQHandler                 
0000029b  DebugMon_Handler                    
0000029b  Default_Handler                     
0000029b  EUSCIA1_IRQHandler                  
0000029b  EUSCIA2_IRQHandler                  
0000029b  EUSCIA3_IRQHandler                  
0000029b  EUSCIB0_IRQHandler                  
0000029b  EUSCIB1_IRQHandler                  
0000029b  EUSCIB2_IRQHandler                  
0000029b  EUSCIB3_IRQHandler                  
0000029b  FLCTL_IRQHandler                    
0000029b  FPU_IRQHandler                      
0000029b  HardFault_Handler                   
0000029b  MemManage_Handler                   
0000029b  NMI_Handler                         
0000029b  PCM_IRQHandler                      
0000029b  PORT1_IRQHandler                    
0000029b  PORT2_IRQHandler                    
0000029b  PORT3_IRQHandler                    
0000029b  PORT4_IRQHandler                    
0000029b  PORT5_IRQHandler                    
0000029b  PORT6_IRQHandler                    
0000029b  PSS_IRQHandler                      
0000029b  PendSV_Handler                      
0000029b  RTC_C_IRQHandler                    
0000029b  SVC_Handler                         
0000029b  SysTick_Handler                     
0000029b  T32_INT1_IRQHandler                 
0000029b  T32_INT2_IRQHandler                 
0000029b  T32_INTC_IRQHandler                 
0000029b  TA0_0_IRQHandler                    
0000029b  TA0_N_IRQHandler                    
0000029b  TA1_0_IRQHandler                    
0000029b  TA1_N_IRQHandler                    
0000029b  TA2_0_IRQHandler                    
0000029b  TA2_N_IRQHandler                    
0000029b  TA3_0_IRQHandler                    
0000029b  TA3_N_IRQHandler                    
0000029b  UsageFault_Handler                  
0000029b  WDT_A_IRQHandler                    
0000029d  main                                
000003bd  UART_initModule                     
000004d9  __aeabi_dmul                        
000005d5  __aeabi_cdcmpeq                     
000005d5  __aeabi_cdcmple                     
0000065d  initUART                            
000006d9  SystemInit                          
00000751  EUSCIA0_IRQHandler                  
00000751  EUSCIA0_IRQHandler                  
000007c1  getDebouncedSwitchState             
00000831  UART_getEnabledInterruptStatus      
00000895  GPIO_setAsInputPinWithPullUpResistor
000008ed  __TI_auto_init_nobinit_nopinit      
00000931  __aeabi_d2uiz                       
00000975  GPIO_setAsOutputPin                 
000009b5  CS_setDCOCenteredFrequency          
000009e9  _c_int00_noargs                     
00000a1d  writeString                         
00000a51  GPIO_getInputPinValue               
00000a81  GPIO_toggleOutputOnPin              
00000aa9  WDT_A_holdTimer                     
00000acd  __aeabi_ui2d                        
00000aed  __TI_zero_init_nomemset             
00000b09  UART_getInterruptStatus             
00000b21  getSwitchState                      
00000b35  Reset_Handler                       
00000b41  _system_pre_init                    
00000b45  C$$EXIT                             
00000b45  abort                               
00000b78  uartConfig                          
00000ba8  __TI_Handler_Table_Base             
00000bac  __TI_CINIT_Base                     
00000bac  __TI_Handler_Table_Limit            
00000bb4  __TI_CINIT_Limit                    
20000000  __start___llvm_prf_cnts             
20000000  __stop___llvm_prf_cnts              
20000000  ringBuffer                          
2000fe00  __stack                             
20010000  __STACK_END                         
4000480c  WDTCTL_SYM                          
ffffffff  __TI_pprof_out_hndl                 
ffffffff  __TI_prof_data_size                 
ffffffff  __TI_prof_data_start                
ffffffff  __binit__                           
ffffffff  __c_args__                          
ffffffff  binit                               
UNDEFED   __mpu_init                          
UNDEFED   _system_post_cinit                  

[103 symbols]
