******************************************************************************
                  TI ARM Linker PC v20.2.1                     
******************************************************************************
>> Linked Fri Oct  9 20:57:32 2020

OUTPUT FILE NAME:   <LAB2_P3_.out>
ENTRY POINT SYMBOL: "_c_int00_noargs"  address: 000005b9


MEMORY CONFIGURATION

         name            origin    length      used     unused   attr    fill
----------------------  --------  ---------  --------  --------  ----  --------
  MAIN                  00000000   00040000  00000744  0003f8bc  R  X
  INFO                  00200000   00004000  00000000  00004000  R  X
  SRAM_CODE             01000000   00010000  00000222  0000fdde  RW X
  SRAM_DATA             20000000   00010000  00000222  0000fdde  RW  


SEGMENT ALLOCATION MAP

run origin  load origin   length   init length attrs members
----------  ----------- ---------- ----------- ----- -------
00000000    00000000    00000744   00000744    r-x
  00000000    00000000    000000e4   000000e4    r-- .intvecs
  000000e4    000000e4    000005f4   000005f4    r-x .text
  000006d8    000006d8    00000058   00000058    r-- .const
  00000730    00000730    00000014   00000014    r-- .cinit
20000000    20000000    00000022   00000000    rw-
  20000000    20000000    00000022   00000000    rw- .bss
2000fe00    2000fe00    00000200   00000000    rw-
  2000fe00    2000fe00    00000200   00000000    rw- .stack


SECTION ALLOCATION MAP

 output                                  attributes/
section   page    origin      length       input sections
--------  ----  ----------  ----------   ----------------
.intvecs   0    00000000    000000e4     
                  00000000    000000e4     startup_msp432p401r_ccs.obj (.intvecs:retain)

.text      0    000000e4    000005f4     
                  000000e4    0000011c     msp432p4xx_driverlib.lib : uart.o (.text:UART_initModule)
                  00000200    0000007c     uart_functions.obj (.text:initUART)
                  0000027c    00000078     system_msp432p401r.obj (.text:SystemInit)
                  000002f4    00000072     main.obj (.text:main)
                  00000366    00000002     startup_msp432p401r_ccs.obj (.text:Default_Handler)
                  00000368    00000070     uart_functions.obj (.text:EUSCIA0_IRQHandler)
                  000003d8    0000006c     uart_functions.obj (.text:writeString)
                  00000444    00000064     msp432p4xx_driverlib.lib : uart.o (.text:UART_getEnabledInterruptStatus)
                  000004a8    00000058                              : gpio.o (.text:GPIO_setAsInputPinWithPullDownResistor)
                  00000500    00000044     rtsv7M4_T_le_v4SPD16_eabi.lib : autoinit.c.obj (.text:__TI_auto_init_nobinit_nopinit:__TI_auto_init_nobinit_nopinit)
                  00000544    00000040     msp432p4xx_driverlib.lib : gpio.o (.text:GPIO_setAsOutputPin)
                  00000584    00000034                              : cs.o (.text:CS_setDCOCenteredFrequency)
                  000005b8    00000034     rtsv7M4_T_le_v4SPD16_eabi.lib : boot_cortex_m.c.obj (.text:_c_int00_noargs:_c_int00_noargs)
                  000005ec    00000030     msp432p4xx_driverlib.lib : gpio.o (.text:GPIO_getInputPinValue)
                  0000061c    00000028                              : gpio.o (.text:GPIO_setOutputHighOnPin)
                  00000644    00000028                              : gpio.o (.text:GPIO_setOutputLowOnPin)
                  0000066c    00000024                              : wdt_a.o (.text:WDT_A_holdTimer)
                  00000690    0000001c     rtsv7M4_T_le_v4SPD16_eabi.lib : copy_zero_init.c.obj (.text:decompress:ZI:__TI_zero_init_nomemset:__TI_zero_init_nomemset)
                  000006ac    00000018     msp432p4xx_driverlib.lib : uart.o (.text:UART_getInterruptStatus)
                  000006c4    0000000c     startup_msp432p401r_ccs.obj (.text:Reset_Handler)
                  000006d0    00000004     rtsv7M4_T_le_v4SPD16_eabi.lib : pre_init.c.obj (.text:_system_pre_init)
                  000006d4    00000004                                   : exit.c.obj (.text:abort:abort)

.const     0    000006d8    00000058     
                  000006d8    00000030     msp432p4xx_driverlib.lib : gpio.o (.const:GPIO_PORT_TO_BASE)
                  00000708    00000028     uart_functions.obj (.const:uartConfig)

.cinit     0    00000730    00000014     
                  00000730    00000008     (.cinit..bss.load) [load image, compression = zero_init]
                  00000738    00000004     (__TI_handler_table)
                  0000073c    00000008     (__TI_cinit_table)

.init_array 
*          0    00000000    00000000     UNINITIALIZED

.binit     0    00000000    00000000     

.bss       0    20000000    00000022     UNINITIALIZED
                  20000000    00000022     (.common:ringBuffer)

.stack     0    2000fe00    00000200     UNINITIALIZED
                  2000fe00    00000004     rtsv7M4_T_le_v4SPD16_eabi.lib : boot_cortex_m.c.obj (.stack)
                  2000fe04    000001fc     --HOLE--

__llvm_prf_cnts 
*          0    20000000    00000000     UNINITIALIZED

MODULE SUMMARY

       Module                        code   ro data   rw data
       ------                        ----   -------   -------
    .\
       uart_functions.obj            344    40        68     
       system_msp432p401r.obj        120    0         0      
       main.obj                      114    0         0      
    +--+-----------------------------+------+---------+---------+
       Total:                        578    40        68     
                                                             
    .\ccs\
       startup_msp432p401r_ccs.obj   14     228       0      
    +--+-----------------------------+------+---------+---------+
       Total:                        14     228       0      
                                                             
    C:/ti/simplelink_msp432p4_sdk_3_40_01_02/source/ti/devices/msp432p4xx/driverlib/ccs/msp432p4xx_driverlib.lib
       uart.o                        408    0         0      
       gpio.o                        280    48        0      
       cs.o                          52     0         0      
       wdt_a.o                       36     0         0      
    +--+-----------------------------+------+---------+---------+
       Total:                        776    48        0      
                                                             
    C:\ti\ccs1010\ccs\tools\compiler\ti-cgt-arm_20.2.1.LTS\lib\rtsv7M4_T_le_v4SPD16_eabi.lib
       autoinit.c.obj                68     0         0      
       boot_cortex_m.c.obj           52     0         0      
       copy_zero_init.c.obj          28     0         0      
       exit.c.obj                    4      0         0      
       pre_init.c.obj                4      0         0      
    +--+-----------------------------+------+---------+---------+
       Total:                        156    0         0      
                                                             
       Stack:                        0      0         1024   
       Linker Generated:             0      20        0      
    +--+-----------------------------+------+---------+---------+
       Grand Total:                  1524   336       1092   


LINKER GENERATED COPY TABLES

__TI_cinit_table @ 0000073c records: 1, size/record: 8, table size: 8
	.bss: load addr=00000730, load size=00000008 bytes, run addr=20000000, run size=00000022 bytes, compression=zero_init


LINKER GENERATED HANDLER TABLE

__TI_handler_table @ 00000738 records: 1, size/record: 4, table size: 4
	index: 0, handler: __TI_zero_init


GLOBAL SYMBOLS: SORTED ALPHABETICALLY BY Name 

address   name                                  
-------   ----                                  
00000367  ADC14_IRQHandler                      
00000367  AES256_IRQHandler                     
00000367  BusFault_Handler                      
000006d5  C$$EXIT                               
00000367  COMP_E0_IRQHandler                    
00000367  COMP_E1_IRQHandler                    
00000367  CS_IRQHandler                         
00000585  CS_setDCOCenteredFrequency            
00000367  DMA_ERR_IRQHandler                    
00000367  DMA_INT0_IRQHandler                   
00000367  DMA_INT1_IRQHandler                   
00000367  DMA_INT2_IRQHandler                   
00000367  DMA_INT3_IRQHandler                   
00000367  DebugMon_Handler                      
00000367  Default_Handler                       
00000369  EUSCIA0_IRQHandler                    
00000369  EUSCIA0_IRQHandler                    
00000367  EUSCIA1_IRQHandler                    
00000367  EUSCIA2_IRQHandler                    
00000367  EUSCIA3_IRQHandler                    
00000367  EUSCIB0_IRQHandler                    
00000367  EUSCIB1_IRQHandler                    
00000367  EUSCIB2_IRQHandler                    
00000367  EUSCIB3_IRQHandler                    
00000367  FLCTL_IRQHandler                      
00000367  FPU_IRQHandler                        
000005ed  GPIO_getInputPinValue                 
000004a9  GPIO_setAsInputPinWithPullDownResistor
00000545  GPIO_setAsOutputPin                   
0000061d  GPIO_setOutputHighOnPin               
00000645  GPIO_setOutputLowOnPin                
00000367  HardFault_Handler                     
00000367  MemManage_Handler                     
00000367  NMI_Handler                           
00000367  PCM_IRQHandler                        
00000367  PORT1_IRQHandler                      
00000367  PORT2_IRQHandler                      
00000367  PORT3_IRQHandler                      
00000367  PORT4_IRQHandler                      
00000367  PORT5_IRQHandler                      
00000367  PORT6_IRQHandler                      
00000367  PSS_IRQHandler                        
00000367  PendSV_Handler                        
00000367  RTC_C_IRQHandler                      
000006c5  Reset_Handler                         
00000367  SVC_Handler                           
00000367  SysTick_Handler                       
0000027d  SystemInit                            
00000367  T32_INT1_IRQHandler                   
00000367  T32_INT2_IRQHandler                   
00000367  T32_INTC_IRQHandler                   
00000367  TA0_0_IRQHandler                      
00000367  TA0_N_IRQHandler                      
00000367  TA1_0_IRQHandler                      
00000367  TA1_N_IRQHandler                      
00000367  TA2_0_IRQHandler                      
00000367  TA2_N_IRQHandler                      
00000367  TA3_0_IRQHandler                      
00000367  TA3_N_IRQHandler                      
00000445  UART_getEnabledInterruptStatus        
000006ad  UART_getInterruptStatus               
000000e5  UART_initModule                       
00000367  UsageFault_Handler                    
4000480c  WDTCTL_SYM                            
00000367  WDT_A_IRQHandler                      
0000066d  WDT_A_holdTimer                       
20010000  __STACK_END                           
00000200  __STACK_SIZE                          
0000073c  __TI_CINIT_Base                       
00000744  __TI_CINIT_Limit                      
00000738  __TI_Handler_Table_Base               
0000073c  __TI_Handler_Table_Limit              
00000501  __TI_auto_init_nobinit_nopinit        
ffffffff  __TI_pprof_out_hndl                   
ffffffff  __TI_prof_data_size                   
ffffffff  __TI_prof_data_start                  
00000000  __TI_static_base__                    
00000691  __TI_zero_init_nomemset               
ffffffff  __binit__                             
ffffffff  __c_args__                            
UNDEFED   __mpu_init                            
2000fe00  __stack                               
20000000  __start___llvm_prf_cnts               
20000000  __stop___llvm_prf_cnts                
000005b9  _c_int00_noargs                       
UNDEFED   _system_post_cinit                    
000006d1  _system_pre_init                      
000006d5  abort                                 
ffffffff  binit                                 
00000201  initUART                              
00000000  interruptVectors                      
000002f5  main                                  
20000000  ringBuffer                            
00000708  uartConfig                            
000003d9  writeString                           


GLOBAL SYMBOLS: SORTED BY Symbol Address 

address   name                                  
-------   ----                                  
00000000  __TI_static_base__                    
00000000  interruptVectors                      
000000e5  UART_initModule                       
00000200  __STACK_SIZE                          
00000201  initUART                              
0000027d  SystemInit                            
000002f5  main                                  
00000367  ADC14_IRQHandler                      
00000367  AES256_IRQHandler                     
00000367  BusFault_Handler                      
00000367  COMP_E0_IRQHandler                    
00000367  COMP_E1_IRQHandler                    
00000367  CS_IRQHandler                         
00000367  DMA_ERR_IRQHandler                    
00000367  DMA_INT0_IRQHandler                   
00000367  DMA_INT1_IRQHandler                   
00000367  DMA_INT2_IRQHandler                   
00000367  DMA_INT3_IRQHandler                   
00000367  DebugMon_Handler                      
00000367  Default_Handler                       
00000367  EUSCIA1_IRQHandler                    
00000367  EUSCIA2_IRQHandler                    
00000367  EUSCIA3_IRQHandler                    
00000367  EUSCIB0_IRQHandler                    
00000367  EUSCIB1_IRQHandler                    
00000367  EUSCIB2_IRQHandler                    
00000367  EUSCIB3_IRQHandler                    
00000367  FLCTL_IRQHandler                      
00000367  FPU_IRQHandler                        
00000367  HardFault_Handler                     
00000367  MemManage_Handler                     
00000367  NMI_Handler                           
00000367  PCM_IRQHandler                        
00000367  PORT1_IRQHandler                      
00000367  PORT2_IRQHandler                      
00000367  PORT3_IRQHandler                      
00000367  PORT4_IRQHandler                      
00000367  PORT5_IRQHandler                      
00000367  PORT6_IRQHandler                      
00000367  PSS_IRQHandler                        
00000367  PendSV_Handler                        
00000367  RTC_C_IRQHandler                      
00000367  SVC_Handler                           
00000367  SysTick_Handler                       
00000367  T32_INT1_IRQHandler                   
00000367  T32_INT2_IRQHandler                   
00000367  T32_INTC_IRQHandler                   
00000367  TA0_0_IRQHandler                      
00000367  TA0_N_IRQHandler                      
00000367  TA1_0_IRQHandler                      
00000367  TA1_N_IRQHandler                      
00000367  TA2_0_IRQHandler                      
00000367  TA2_N_IRQHandler                      
00000367  TA3_0_IRQHandler                      
00000367  TA3_N_IRQHandler                      
00000367  UsageFault_Handler                    
00000367  WDT_A_IRQHandler                      
00000369  EUSCIA0_IRQHandler                    
00000369  EUSCIA0_IRQHandler                    
000003d9  writeString                           
00000445  UART_getEnabledInterruptStatus        
000004a9  GPIO_setAsInputPinWithPullDownResistor
00000501  __TI_auto_init_nobinit_nopinit        
00000545  GPIO_setAsOutputPin                   
00000585  CS_setDCOCenteredFrequency            
000005b9  _c_int00_noargs                       
000005ed  GPIO_getInputPinValue                 
0000061d  GPIO_setOutputHighOnPin               
00000645  GPIO_setOutputLowOnPin                
0000066d  WDT_A_holdTimer                       
00000691  __TI_zero_init_nomemset               
000006ad  UART_getInterruptStatus               
000006c5  Reset_Handler                         
000006d1  _system_pre_init                      
000006d5  C$$EXIT                               
000006d5  abort                                 
00000708  uartConfig                            
00000738  __TI_Handler_Table_Base               
0000073c  __TI_CINIT_Base                       
0000073c  __TI_Handler_Table_Limit              
00000744  __TI_CINIT_Limit                      
20000000  __start___llvm_prf_cnts               
20000000  __stop___llvm_prf_cnts                
20000000  ringBuffer                            
2000fe00  __stack                               
20010000  __STACK_END                           
4000480c  WDTCTL_SYM                            
ffffffff  __TI_pprof_out_hndl                   
ffffffff  __TI_prof_data_size                   
ffffffff  __TI_prof_data_start                  
ffffffff  __binit__                             
ffffffff  __c_args__                            
ffffffff  binit                                 
UNDEFED   __mpu_init                            
UNDEFED   _system_post_cinit                    

[95 symbols]
