******************************************************************************
                  TI ARM Linker PC v20.2.1                     
******************************************************************************
>> Linked Tue Jul 14 20:16:09 2020

OUTPUT FILE NAME:   <empty_MSP_EXP432P401R_nortos_ccs.out>
ENTRY POINT SYMBOL: "_c_int00_noargs"  address: 00000759


MEMORY CONFIGURATION

         name            origin    length      used     unused   attr    fill
----------------------  --------  ---------  --------  --------  ----  --------
  MAIN                  00000000   00040000  0000096a  0003f696  R  X
  INFO                  00200000   00004000  00000000  00004000  R  X
  SRAM_CODE             01000000   00010000  00000222  0000fdde  RW X
  SRAM_DATA             20000000   00010000  00000222  0000fdde  RW  


SEGMENT ALLOCATION MAP

run origin  load origin   length   init length attrs members
----------  ----------- ---------- ----------- ----- -------
00000000    00000000    0000096c   0000096c    r-x
  00000000    00000000    000000e4   000000e4    r-- .intvecs
  000000e4    000000e4    0000081a   0000081a    r-x .text
  00000900    00000900    00000058   00000058    r-- .const
  00000958    00000958    00000014   00000014    r-- .cinit
20000000    20000000    00000022   00000000    rw-
  20000000    20000000    00000022   00000000    rw- .bss
2000fe00    2000fe00    00000200   00000000    rw-
  2000fe00    2000fe00    00000200   00000000    rw- .stack


SECTION ALLOCATION MAP

 output                                  attributes/
section   page    origin      length       input sections
--------  ----  ----------  ----------   ----------------
.intvecs   0    00000000    000000e4     
                  00000000    000000e4     startup_msp432p401r_ccs.obj (.intvecs:retain)

.text      0    000000e4    0000081a     
                  000000e4    000001a4     main.obj (.text:main)
                  00000288    0000011c     msp432p4xx_driverlib.lib : uart.o (.text:UART_initModule)
                  000003a4    0000007c     uart_functions.obj (.text:initUART)
                  00000420    00000078     system_msp432p401r.obj (.text:SystemInit)
                  00000498    00000070     uart_functions.obj (.text:EUSCIA0_IRQHandler)
                  00000508    0000006e     main.obj (.text:getDebouncedSwitchState11)
                  00000576    0000006e     main.obj (.text:getDebouncedSwitchState14)
                  000005e4    00000064     msp432p4xx_driverlib.lib : uart.o (.text:UART_getEnabledInterruptStatus)
                  00000648    00000058                              : gpio.o (.text:GPIO_setAsInputPinWithPullUpResistor)
                  000006a0    00000044     rtsv7M4_T_le_v4SPD16_eabi.lib : autoinit.c.obj (.text:__TI_auto_init_nobinit_nopinit:__TI_auto_init_nobinit_nopinit)
                  000006e4    00000040     msp432p4xx_driverlib.lib : gpio.o (.text:GPIO_setAsOutputPin)
                  00000724    00000034                              : cs.o (.text:CS_setDCOCenteredFrequency)
                  00000758    00000034     rtsv7M4_T_le_v4SPD16_eabi.lib : boot_cortex_m.c.obj (.text:_c_int00_noargs:_c_int00_noargs)
                  0000078c    00000034     uart_functions.obj (.text:writeString)
                  000007c0    00000030     msp432p4xx_driverlib.lib : gpio.o (.text:GPIO_getInputPinValue)
                  000007f0    00000028                              : gpio.o (.text:GPIO_setOutputHighOnPin)
                  00000818    00000028                              : gpio.o (.text:GPIO_setOutputLowOnPin)
                  00000840    00000028                              : gpio.o (.text:GPIO_toggleOutputOnPin)
                  00000868    00000024                              : wdt_a.o (.text:WDT_A_holdTimer)
                  0000088c    0000001c     rtsv7M4_T_le_v4SPD16_eabi.lib : copy_zero_init.c.obj (.text:decompress:ZI:__TI_zero_init_nomemset:__TI_zero_init_nomemset)
                  000008a8    00000018     msp432p4xx_driverlib.lib : uart.o (.text:UART_getInterruptStatus)
                  000008c0    00000014     main.obj (.text:getSwitchState11)
                  000008d4    00000014     main.obj (.text:getSwitchState14)
                  000008e8    0000000c     startup_msp432p401r_ccs.obj (.text:Reset_Handler)
                  000008f4    00000004     rtsv7M4_T_le_v4SPD16_eabi.lib : pre_init.c.obj (.text:_system_pre_init)
                  000008f8    00000004                                   : exit.c.obj (.text:abort:abort)
                  000008fc    00000002     startup_msp432p401r_ccs.obj (.text:Default_Handler)

.const     0    00000900    00000058     
                  00000900    00000030     msp432p4xx_driverlib.lib : gpio.o (.const:GPIO_PORT_TO_BASE)
                  00000930    00000028     uart_functions.obj (.const:uartConfig)

.cinit     0    00000958    00000014     
                  00000958    00000008     (.cinit..bss.load) [load image, compression = zero_init]
                  00000960    00000004     (__TI_handler_table)
                  00000964    00000008     (__TI_cinit_table)

.init_array 
*          0    00000000    00000000     UNINITIALIZED

.binit     0    00000000    00000000     

.bss       0    20000000    00000022     UNINITIALIZED
                  20000000    00000022     (.common:ringBuffer)

.stack     0    2000fe00    00000200     UNINITIALIZED
                  2000fe00    00000004     rtsv7M4_T_le_v4SPD16_eabi.lib : boot_cortex_m.c.obj (.stack)
                  2000fe04    000001fc     --HOLE--

__llvm_prf_cnts 
*          0    20000000    00000000     UNINITIALIZED

MODULE SUMMARY

       Module                        code   ro data   rw data
       ------                        ----   -------   -------
    .\
       main.obj                      680    0         0      
       uart_functions.obj            288    40        68     
       system_msp432p401r.obj        120    0         0      
    +--+-----------------------------+------+---------+---------+
       Total:                        1088   40        68     
                                                             
    .\ccs\
       startup_msp432p401r_ccs.obj   14     228       0      
    +--+-----------------------------+------+---------+---------+
       Total:                        14     228       0      
                                                             
    C:/ti/simplelink_msp432p4_sdk_3_40_01_02/source/ti/devices/msp432p4xx/driverlib/ccs/msp432p4xx_driverlib.lib
       uart.o                        408    0         0      
       gpio.o                        320    48        0      
       cs.o                          52     0         0      
       wdt_a.o                       36     0         0      
    +--+-----------------------------+------+---------+---------+
       Total:                        816    48        0      
                                                             
    C:\ti\ccs1010\ccs\tools\compiler\ti-cgt-arm_20.2.1.LTS\lib\rtsv7M4_T_le_v4SPD16_eabi.lib
       autoinit.c.obj                68     0         0      
       boot_cortex_m.c.obj           52     0         0      
       copy_zero_init.c.obj          28     0         0      
       exit.c.obj                    4      0         0      
       pre_init.c.obj                4      0         0      
    +--+-----------------------------+------+---------+---------+
       Total:                        156    0         0      
                                                             
       Stack:                        0      0         1024   
       Linker Generated:             0      20        0      
    +--+-----------------------------+------+---------+---------+
       Grand Total:                  2074   336       1092   


LINKER GENERATED COPY TABLES

__TI_cinit_table @ 00000964 records: 1, size/record: 8, table size: 8
	.bss: load addr=00000958, load size=00000008 bytes, run addr=20000000, run size=00000022 bytes, compression=zero_init


LINKER GENERATED HANDLER TABLE

__TI_handler_table @ 00000960 records: 1, size/record: 4, table size: 4
	index: 0, handler: __TI_zero_init


GLOBAL SYMBOLS: SORTED ALPHABETICALLY BY Name 

address   name                                
-------   ----                                
000008fd  ADC14_IRQHandler                    
000008fd  AES256_IRQHandler                   
000008fd  BusFault_Handler                    
000008f9  C$$EXIT                             
000008fd  COMP_E0_IRQHandler                  
000008fd  COMP_E1_IRQHandler                  
000008fd  CS_IRQHandler                       
00000725  CS_setDCOCenteredFrequency          
000008fd  DMA_ERR_IRQHandler                  
000008fd  DMA_INT0_IRQHandler                 
000008fd  DMA_INT1_IRQHandler                 
000008fd  DMA_INT2_IRQHandler                 
000008fd  DMA_INT3_IRQHandler                 
000008fd  DebugMon_Handler                    
000008fd  Default_Handler                     
00000499  EUSCIA0_IRQHandler                  
00000499  EUSCIA0_IRQHandler                  
000008fd  EUSCIA1_IRQHandler                  
000008fd  EUSCIA2_IRQHandler                  
000008fd  EUSCIA3_IRQHandler                  
000008fd  EUSCIB0_IRQHandler                  
000008fd  EUSCIB1_IRQHandler                  
000008fd  EUSCIB2_IRQHandler                  
000008fd  EUSCIB3_IRQHandler                  
000008fd  FLCTL_IRQHandler                    
000008fd  FPU_IRQHandler                      
000007c1  GPIO_getInputPinValue               
00000649  GPIO_setAsInputPinWithPullUpResistor
000006e5  GPIO_setAsOutputPin                 
000007f1  GPIO_setOutputHighOnPin             
00000819  GPIO_setOutputLowOnPin              
00000841  GPIO_toggleOutputOnPin              
000008fd  HardFault_Handler                   
000008fd  MemManage_Handler                   
000008fd  NMI_Handler                         
000008fd  PCM_IRQHandler                      
000008fd  PORT1_IRQHandler                    
000008fd  PORT2_IRQHandler                    
000008fd  PORT3_IRQHandler                    
000008fd  PORT4_IRQHandler                    
000008fd  PORT5_IRQHandler                    
000008fd  PORT6_IRQHandler                    
000008fd  PSS_IRQHandler                      
000008fd  PendSV_Handler                      
000008fd  RTC_C_IRQHandler                    
000008e9  Reset_Handler                       
000008fd  SVC_Handler                         
000008fd  SysTick_Handler                     
00000421  SystemInit                          
000008fd  T32_INT1_IRQHandler                 
000008fd  T32_INT2_IRQHandler                 
000008fd  T32_INTC_IRQHandler                 
000008fd  TA0_0_IRQHandler                    
000008fd  TA0_N_IRQHandler                    
000008fd  TA1_0_IRQHandler                    
000008fd  TA1_N_IRQHandler                    
000008fd  TA2_0_IRQHandler                    
000008fd  TA2_N_IRQHandler                    
000008fd  TA3_0_IRQHandler                    
000008fd  TA3_N_IRQHandler                    
000005e5  UART_getEnabledInterruptStatus      
000008a9  UART_getInterruptStatus             
00000289  UART_initModule                     
000008fd  UsageFault_Handler                  
4000480c  WDTCTL_SYM                          
000008fd  WDT_A_IRQHandler                    
00000869  WDT_A_holdTimer                     
20010000  __STACK_END                         
00000200  __STACK_SIZE                        
00000964  __TI_CINIT_Base                     
0000096c  __TI_CINIT_Limit                    
00000960  __TI_Handler_Table_Base             
00000964  __TI_Handler_Table_Limit            
000006a1  __TI_auto_init_nobinit_nopinit      
ffffffff  __TI_pprof_out_hndl                 
ffffffff  __TI_prof_data_size                 
ffffffff  __TI_prof_data_start                
00000000  __TI_static_base__                  
0000088d  __TI_zero_init_nomemset             
ffffffff  __binit__                           
ffffffff  __c_args__                          
UNDEFED   __mpu_init                          
2000fe00  __stack                             
20000000  __start___llvm_prf_cnts             
20000000  __stop___llvm_prf_cnts              
00000759  _c_int00_noargs                     
UNDEFED   _system_post_cinit                  
000008f5  _system_pre_init                    
000008f9  abort                               
ffffffff  binit                               
00000509  getDebouncedSwitchState11           
00000577  getDebouncedSwitchState14           
000008c1  getSwitchState11                    
000008d5  getSwitchState14                    
000003a5  initUART                            
00000000  interruptVectors                    
000000e5  main                                
20000000  ringBuffer                          
00000930  uartConfig                          
0000078d  writeString                         


GLOBAL SYMBOLS: SORTED BY Symbol Address 

address   name                                
-------   ----                                
00000000  __TI_static_base__                  
00000000  interruptVectors                    
000000e5  main                                
00000200  __STACK_SIZE                        
00000289  UART_initModule                     
000003a5  initUART                            
00000421  SystemInit                          
00000499  EUSCIA0_IRQHandler                  
00000499  EUSCIA0_IRQHandler                  
00000509  getDebouncedSwitchState11           
00000577  getDebouncedSwitchState14           
000005e5  UART_getEnabledInterruptStatus      
00000649  GPIO_setAsInputPinWithPullUpResistor
000006a1  __TI_auto_init_nobinit_nopinit      
000006e5  GPIO_setAsOutputPin                 
00000725  CS_setDCOCenteredFrequency          
00000759  _c_int00_noargs                     
0000078d  writeString                         
000007c1  GPIO_getInputPinValue               
000007f1  GPIO_setOutputHighOnPin             
00000819  GPIO_setOutputLowOnPin              
00000841  GPIO_toggleOutputOnPin              
00000869  WDT_A_holdTimer                     
0000088d  __TI_zero_init_nomemset             
000008a9  UART_getInterruptStatus             
000008c1  getSwitchState11                    
000008d5  getSwitchState14                    
000008e9  Reset_Handler                       
000008f5  _system_pre_init                    
000008f9  C$$EXIT                             
000008f9  abort                               
000008fd  ADC14_IRQHandler                    
000008fd  AES256_IRQHandler                   
000008fd  BusFault_Handler                    
000008fd  COMP_E0_IRQHandler                  
000008fd  COMP_E1_IRQHandler                  
000008fd  CS_IRQHandler                       
000008fd  DMA_ERR_IRQHandler                  
000008fd  DMA_INT0_IRQHandler                 
000008fd  DMA_INT1_IRQHandler                 
000008fd  DMA_INT2_IRQHandler                 
000008fd  DMA_INT3_IRQHandler                 
000008fd  DebugMon_Handler                    
000008fd  Default_Handler                     
000008fd  EUSCIA1_IRQHandler                  
000008fd  EUSCIA2_IRQHandler                  
000008fd  EUSCIA3_IRQHandler                  
000008fd  EUSCIB0_IRQHandler                  
000008fd  EUSCIB1_IRQHandler                  
000008fd  EUSCIB2_IRQHandler                  
000008fd  EUSCIB3_IRQHandler                  
000008fd  FLCTL_IRQHandler                    
000008fd  FPU_IRQHandler                      
000008fd  HardFault_Handler                   
000008fd  MemManage_Handler                   
000008fd  NMI_Handler                         
000008fd  PCM_IRQHandler                      
000008fd  PORT1_IRQHandler                    
000008fd  PORT2_IRQHandler                    
000008fd  PORT3_IRQHandler                    
000008fd  PORT4_IRQHandler                    
000008fd  PORT5_IRQHandler                    
000008fd  PORT6_IRQHandler                    
000008fd  PSS_IRQHandler                      
000008fd  PendSV_Handler                      
000008fd  RTC_C_IRQHandler                    
000008fd  SVC_Handler                         
000008fd  SysTick_Handler                     
000008fd  T32_INT1_IRQHandler                 
000008fd  T32_INT2_IRQHandler                 
000008fd  T32_INTC_IRQHandler                 
000008fd  TA0_0_IRQHandler                    
000008fd  TA0_N_IRQHandler                    
000008fd  TA1_0_IRQHandler                    
000008fd  TA1_N_IRQHandler                    
000008fd  TA2_0_IRQHandler                    
000008fd  TA2_N_IRQHandler                    
000008fd  TA3_0_IRQHandler                    
000008fd  TA3_N_IRQHandler                    
000008fd  UsageFault_Handler                  
000008fd  WDT_A_IRQHandler                    
00000930  uartConfig                          
00000960  __TI_Handler_Table_Base             
00000964  __TI_CINIT_Base                     
00000964  __TI_Handler_Table_Limit            
0000096c  __TI_CINIT_Limit                    
20000000  __start___llvm_prf_cnts             
20000000  __stop___llvm_prf_cnts              
20000000  ringBuffer                          
2000fe00  __stack                             
20010000  __STACK_END                         
4000480c  WDTCTL_SYM                          
ffffffff  __TI_pprof_out_hndl                 
ffffffff  __TI_prof_data_size                 
ffffffff  __TI_prof_data_start                
ffffffff  __binit__                           
ffffffff  __c_args__                          
ffffffff  binit                               
UNDEFED   __mpu_init                          
UNDEFED   _system_post_cinit                  

[100 symbols]
