******************************************************************************
                  TI ARM Linker PC v20.2.1                     
******************************************************************************
>> Linked Fri Oct  9 20:58:27 2020

OUTPUT FILE NAME:   <QUIZ_1_TEST.out>
ENTRY POINT SYMBOL: "_c_int00_noargs"  address: 000025b9


MEMORY CONFIGURATION

         name            origin    length      used     unused   attr    fill
----------------------  --------  ---------  --------  --------  ----  --------
  MAIN                  00000000   00040000  000029dc  0003d624  R  X
  INFO                  00200000   00004000  00000000  00004000  R  X
  SRAM_CODE             01000000   00010000  00000238  0000fdc8  RW X
  SRAM_DATA             20000000   00010000  00000238  0000fdc8  RW  


SEGMENT ALLOCATION MAP

run origin  load origin   length   init length attrs members
----------  ----------- ---------- ----------- ----- -------
00000000    00000000    000029e0   000029e0    r-x
  00000000    00000000    000000e4   000000e4    r-- .intvecs
  000000e4    000000e4    00002764   00002764    r-x .text
  00002848    00002848    00000164   00000164    r-- .const
  000029b0    000029b0    00000030   00000030    r-- .cinit
20000000    20000000    00000038   00000000    rw-
  20000000    20000000    00000028   00000000    rw- .bss
  20000028    20000028    00000010   00000000    rw- .data
2000fe00    2000fe00    00000200   00000000    rw-
  2000fe00    2000fe00    00000200   00000000    rw- .stack


SECTION ALLOCATION MAP

 output                                  attributes/
section   page    origin      length       input sections
--------  ----  ----------  ----------   ----------------
.intvecs   0    00000000    000000e4     
                  00000000    000000e4     startup_msp432p401r_ccs.obj (.intvecs:retain)

.text      0    000000e4    00002764     
                  000000e4    00000a4e     rtsv7M4_T_le_v4SPD16_eabi.lib : _printfi.c.obj (.text:__TI_printfi)
                  00000b32    00000002     startup_msp432p401r_ccs.obj (.text:Default_Handler)
                  00000b34    00000270     rtsv7M4_T_le_v4SPD16_eabi.lib : _printfi.c.obj (.text:_pconv_a)
                  00000da4    000001d0                                   : _printfi.c.obj (.text:_pconv_g)
                  00000f74    000001b6                                   : fd_add_t2.asm.obj (.text)
                  0000112a    00000002                                   : div0.asm.obj (.text)
                  0000112c    00000144     msp432p4xx_driverlib.lib : timer_a.o (.text:privateTimer_AProcessClockSourceDivider)
                  00001270    0000013c     rtsv7M4_T_le_v4SPD16_eabi.lib : _printfi.c.obj (.text:_pconv_e)
                  000013ac    00000136                                   : fd_div_t2.asm.obj (.text)
                  000014e2    00000002     --HOLE-- [fill = 0]
                  000014e4    00000130     msp432p4xx_driverlib.lib : cs.o (.text:CS_initClockSignal)
                  00001614    00000124     rtsv7M4_T_le_v4SPD16_eabi.lib : _printfi.c.obj (.text:fcvt)
                  00001738    00000110                                   : s_scalbn.c.obj (.text:scalbn)
                  00001848    000000fc                                   : fd_mul_t2.asm.obj (.text)
                  00001944    000000d8     main.obj (.text:TA0_N_IRQHandler)
                  00001a1c    000000b1     rtsv7M4_T_le_v4SPD16_eabi.lib : _printfi.c.obj (.text:_ltostr)
                  00001acd    00000003     --HOLE-- [fill = 0]
                  00001ad0    0000009c                                   : s_modf.c.obj (.text:modf)
                  00001b6c    0000009c                                   : memcpy_t2.asm.obj (.text)
                  00001c08    00000096                                   : ull_div_t2.asm.obj (.text)
                  00001c9e    00000002     --HOLE-- [fill = 0]
                  00001ca0    00000088     msp432p4xx_driverlib.lib : gpio.o (.text:GPIO_setAsPeripheralModuleFunctionInputPin)
                  00001d28    00000086     rtsv7M4_T_le_v4SPD16_eabi.lib : fd_cmp_t2.asm.obj (.text:__aeabi_cdcmple)
                  00001dae    00000086                                   : fd_cmp_t2.asm.obj (.text:__aeabi_cdrcmple)
                  00001e34    00000080     msp432p4xx_driverlib.lib : interrupt.o (.text:Interrupt_enableInterrupt)
                  00001eb4    0000007a     rtsv7M4_T_le_v4SPD16_eabi.lib : memset_t2.asm.obj (.text)
                  00001f2e    00000002     --HOLE-- [fill = 0]
                  00001f30    00000078     system_msp432p401r.obj (.text:SystemInit)
                  00001fa8    00000078     uart_functions.obj (.text:writeFloat)
                  00002020    00000070     uart_functions.obj (.text:EUSCIA0_IRQHandler)
                  00002090    00000070     main.obj (.text:main)
                  00002100    0000006e     rtsv7M4_T_le_v4SPD16_eabi.lib : _printfi.c.obj (.text:_mcpy)
                  0000216e    00000068                                   : copy_decompress_lzss.c.obj (.text:decompress:lzss:__TI_decompress_lzss)
                  000021d6    00000064     msp432p4xx_driverlib.lib : uart.o (.text:UART_getEnabledInterruptStatus)
                  0000223a    00000002     --HOLE-- [fill = 0]
                  0000223c    00000064     rtsv7M4_T_le_v4SPD16_eabi.lib : s_frexp.c.obj (.text:frexp)
                  000022a0    00000058     msp432p4xx_driverlib.lib : timer_a.o (.text:Timer_A_initCapture)
                  000022f8    00000056     rtsv7M4_T_le_v4SPD16_eabi.lib : _printfi.c.obj (.text:_pconv_f)
                  0000234e    00000054                                   : _ltoa.c.obj (.text:__TI_ltoa)
                  000023a2    00000052                                   : _printfi.c.obj (.text:_ecpy)
                  000023f4    0000004c                                   : atoi.c.obj (.text:atoi)
                  00002440    00000048                                   : fd_toi_t2.asm.obj (.text)
                  00002488    00000044                                   : autoinit.c.obj (.text:__TI_auto_init_nobinit_nopinit:__TI_auto_init_nobinit_nopinit)
                  000024cc    00000040                                   : sprintf.c.obj (.text:sprintf)
                  0000250c    0000003e                                   : _printfi.c.obj (.text:_fcpy)
                  0000254a    00000038                                   : fs_tod_t2.asm.obj (.text)
                  00002582    00000002     --HOLE-- [fill = 0]
                  00002584    00000034     msp432p4xx_driverlib.lib : timer_a.o (.text:Timer_A_configureContinuousMode)
                  000025b8    00000034     rtsv7M4_T_le_v4SPD16_eabi.lib : boot_cortex_m.c.obj (.text:_c_int00_noargs:_c_int00_noargs)
                  000025ec    00000034     uart_functions.obj (.text:writeString)
                  00002620    00000030     msp432p4xx_driverlib.lib : cs.o (.text:CS_setReferenceOscillatorFrequency)
                  00002650    0000002e     rtsv7M4_T_le_v4SPD16_eabi.lib : i_tofd_t2.asm.obj (.text)
                  0000267e    00000002     --HOLE-- [fill = 0]
                  00002680    0000002c     msp432p4xx_driverlib.lib : timer_a.o (.text:Timer_A_clearCaptureCompareInterrupt)
                  000026ac    0000002c                              : timer_a.o (.text:Timer_A_enableCaptureCompareInterrupt)
                  000026d8    00000022                              : timer_a.o (.text:Timer_A_getCaptureCompareCount)
                  000026fa    0000001c     rtsv7M4_T_le_v4SPD16_eabi.lib : copy_zero_init.c.obj (.text:decompress:ZI:__TI_zero_init_nomemset:__TI_zero_init_nomemset)
                  00002716    0000001c                                   : memccpy.c.obj (.text:memccpy)
                  00002732    0000001a                                   : s_copysign.c.obj (.text:copysign)
                  0000274c    00000018     msp432p4xx_driverlib.lib : uart.o (.text:UART_getInterruptStatus)
                  00002764    00000018     rtsv7M4_T_le_v4SPD16_eabi.lib : sprintf.c.obj (.text:_outs)
                  0000277c    00000016     msp432p4xx_driverlib.lib : timer_a.o (.text:Timer_A_clearInterruptFlag)
                  00002792    00000016                              : timer_a.o (.text:Timer_A_startCounter)
                  000027a8    00000016     rtsv7M4_T_le_v4SPD16_eabi.lib : strchr.c.obj (.text:strchr)
                  000027be    00000014                                   : strlen.c.obj (.text:strlen)
                  000027d2    00000012     msp432p4xx_driverlib.lib : timer_a.o (.text:Timer_A_getInterruptStatus)
                  000027e4    00000012     rtsv7M4_T_le_v4SPD16_eabi.lib : wcslen.c.obj (.text:wcslen)
                  000027f6    00000010     msp432p4xx_driverlib.lib : interrupt.o (.text:Interrupt_enableMaster)
                  00002806    0000000e     rtsv7M4_T_le_v4SPD16_eabi.lib : copy_decompress_none.c.obj (.text:decompress:none:__TI_decompress_none)
                  00002814    0000000c     msp432p4xx_driverlib.lib : cpu.o (.text:CPU_cpsie)
                  00002820    0000000c     startup_msp432p401r_ccs.obj (.text:Reset_Handler)
                  0000282c    0000000a     rtsv7M4_T_le_v4SPD16_eabi.lib : sprintf.c.obj (.text:_outc)
                  00002836    00000002     --HOLE-- [fill = 0]
                  00002838    00000008                                   : errno.c.obj (.text:__aeabi_errno_addr)
                  00002840    00000004                                   : pre_init.c.obj (.text:_system_pre_init)
                  00002844    00000004                                   : exit.c.obj (.text:abort:abort)

.const     0    00002848    00000164     
                  00002848    00000101     rtsv7M4_T_le_v4SPD16_eabi.lib : ctype.c.obj (.const:.string:_ctypes_)
                  00002949    00000003     --HOLE-- [fill = 0]
                  0000294c    00000030     msp432p4xx_driverlib.lib : gpio.o (.const:GPIO_PORT_TO_BASE)
                  0000297c    00000018     main.obj (.const:captureModeConfig)
                  00002994    00000010     main.obj (.const:continuousModeConfig)
                  000029a4    00000008     msp432p4xx_driverlib.lib : interrupt.o (.const:g_pulEnRegs)

.cinit     0    000029b0    00000030     
                  000029b0    0000000c     (.cinit..data.load) [load image, compression = lzss]
                  000029bc    0000000c     (__TI_handler_table)
                  000029c8    00000008     (.cinit..bss.load) [load image, compression = zero_init]
                  000029d0    00000010     (__TI_cinit_table)

.init_array 
*          0    00000000    00000000     UNINITIALIZED

.binit     0    00000000    00000000     

.bss       0    20000000    00000028     UNINITIALIZED
                  20000000    00000022     (.common:ringBuffer)
                  20000022    00000002     --HOLE--
                  20000024    00000004     (.common:Timeint)

.data      0    20000028    00000010     UNINITIALIZED
                  20000028    00000008     main.obj (.data)
                  20000030    00000004     main.obj (.data:CaptureValues)
                  20000034    00000004     rtsv7M4_T_le_v4SPD16_eabi.lib : errno.c.obj (.data)

.stack     0    2000fe00    00000200     UNINITIALIZED
                  2000fe00    00000004     rtsv7M4_T_le_v4SPD16_eabi.lib : boot_cortex_m.c.obj (.stack)
                  2000fe04    000001fc     --HOLE--

__llvm_prf_cnts 
*          0    20000000    00000000     UNINITIALIZED

MODULE SUMMARY

       Module                        code    ro data   rw data
       ------                        ----    -------   -------
    .\
       main.obj                      328     40        32     
       uart_functions.obj            284     0         68     
       system_msp432p401r.obj        120     0         0      
    +--+-----------------------------+-------+---------+---------+
       Total:                        732     40        100    
                                                              
    .\ccs\
       startup_msp432p401r_ccs.obj   14      228       0      
    +--+-----------------------------+-------+---------+---------+
       Total:                        14      228       0      
                                                              
    C:/ti/simplelink_msp432p4_sdk_3_40_01_02/source/ti/devices/msp432p4xx/driverlib/ccs/msp432p4xx_driverlib.lib
       timer_a.o                     648     0         0      
       cs.o                          352     0         0      
       gpio.o                        136     48        0      
       interrupt.o                   144     8         0      
       uart.o                        124     0         0      
       cpu.o                         12      0         0      
    +--+-----------------------------+-------+---------+---------+
       Total:                        1416    56        0      
                                                              
    C:\ti\ccs1010\ccs\tools\compiler\ti-cgt-arm_20.2.1.LTS\lib\rtsv7M4_T_le_v4SPD16_eabi.lib
       _printfi.c.obj                4851    0         0      
       fd_add_t2.asm.obj             438     0         0      
       fd_div_t2.asm.obj             310     0         0      
       s_scalbn.c.obj                272     0         0      
       fd_cmp_t2.asm.obj             268     0         0      
       ctype.c.obj                   0       257       0      
       fd_mul_t2.asm.obj             252     0         0      
       memcpy_t2.asm.obj             156     0         0      
       s_modf.c.obj                  156     0         0      
       ull_div_t2.asm.obj            150     0         0      
       memset_t2.asm.obj             122     0         0      
       copy_decompress_lzss.c.obj    104     0         0      
       s_frexp.c.obj                 100     0         0      
       sprintf.c.obj                 98      0         0      
       _ltoa.c.obj                   84      0         0      
       atoi.c.obj                    76      0         0      
       fd_toi_t2.asm.obj             72      0         0      
       autoinit.c.obj                68      0         0      
       fs_tod_t2.asm.obj             56      0         0      
       boot_cortex_m.c.obj           52      0         0      
       i_tofd_t2.asm.obj             46      0         0      
       copy_zero_init.c.obj          28      0         0      
       memccpy.c.obj                 28      0         0      
       s_copysign.c.obj              26      0         0      
       strchr.c.obj                  22      0         0      
       strlen.c.obj                  20      0         0      
       wcslen.c.obj                  18      0         0      
       errno.c.obj                   8       0         8      
       copy_decompress_none.c.obj    14      0         0      
       exit.c.obj                    4       0         0      
       pre_init.c.obj                4       0         0      
       div0.asm.obj                  2       0         0      
    +--+-----------------------------+-------+---------+---------+
       Total:                        7905    257       8      
                                                              
       Stack:                        0       0         1024   
       Linker Generated:             0       48        0      
    +--+-----------------------------+-------+---------+---------+
       Grand Total:                  10067   629       1132   


LINKER GENERATED COPY TABLES

__TI_cinit_table @ 000029d0 records: 2, size/record: 8, table size: 16
	.data: load addr=000029b0, load size=0000000c bytes, run addr=20000028, run size=00000010 bytes, compression=lzss
	.bss: load addr=000029c8, load size=00000008 bytes, run addr=20000000, run size=00000028 bytes, compression=zero_init


LINKER GENERATED HANDLER TABLE

__TI_handler_table @ 000029bc records: 3, size/record: 4, table size: 12
	index: 0, handler: __TI_decompress_lzss
	index: 1, handler: __TI_decompress_none
	index: 2, handler: __TI_zero_init


GLOBAL SYMBOLS: SORTED ALPHABETICALLY BY Name 

address   name                                      
-------   ----                                      
00000b33  ADC14_IRQHandler                          
00000b33  AES256_IRQHandler                         
00000b33  BusFault_Handler                          
00002845  C$$EXIT                                   
00000b33  COMP_E0_IRQHandler                        
00000b33  COMP_E1_IRQHandler                        
00002815  CPU_cpsie                                 
00000b33  CS_IRQHandler                             
000014e5  CS_initClockSignal                        
00002621  CS_setReferenceOscillatorFrequency        
20000030  CaptureValues                             
00000b33  DMA_ERR_IRQHandler                        
00000b33  DMA_INT0_IRQHandler                       
00000b33  DMA_INT1_IRQHandler                       
00000b33  DMA_INT2_IRQHandler                       
00000b33  DMA_INT3_IRQHandler                       
00000b33  DebugMon_Handler                          
00000b33  Default_Handler                           
00002021  EUSCIA0_IRQHandler                        
00002021  EUSCIA0_IRQHandler                        
00000b33  EUSCIA1_IRQHandler                        
00000b33  EUSCIA2_IRQHandler                        
00000b33  EUSCIA3_IRQHandler                        
00000b33  EUSCIB0_IRQHandler                        
00000b33  EUSCIB1_IRQHandler                        
00000b33  EUSCIB2_IRQHandler                        
00000b33  EUSCIB3_IRQHandler                        
00000b33  FLCTL_IRQHandler                          
00000b33  FPU_IRQHandler                            
00001ca1  GPIO_setAsPeripheralModuleFunctionInputPin
00000b33  HardFault_Handler                         
00001e35  Interrupt_enableInterrupt                 
000027f7  Interrupt_enableMaster                    
00000b33  MemManage_Handler                         
00000b33  NMI_Handler                               
00000b33  PCM_IRQHandler                            
00000b33  PORT1_IRQHandler                          
00000b33  PORT2_IRQHandler                          
00000b33  PORT3_IRQHandler                          
00000b33  PORT4_IRQHandler                          
00000b33  PORT5_IRQHandler                          
00000b33  PORT6_IRQHandler                          
00000b33  PSS_IRQHandler                            
00000b33  PendSV_Handler                            
00000b33  RTC_C_IRQHandler                          
00002821  Reset_Handler                             
00000b33  SVC_Handler                               
00000b33  SysTick_Handler                           
00001f31  SystemInit                                
00000b33  T32_INT1_IRQHandler                       
00000b33  T32_INT2_IRQHandler                       
00000b33  T32_INTC_IRQHandler                       
00000b33  TA0_0_IRQHandler                          
00001945  TA0_N_IRQHandler                          
00001945  TA0_N_IRQHandler                          
00000b33  TA1_0_IRQHandler                          
00000b33  TA1_N_IRQHandler                          
00000b33  TA2_0_IRQHandler                          
00000b33  TA2_N_IRQHandler                          
00000b33  TA3_0_IRQHandler                          
00000b33  TA3_N_IRQHandler                          
20000024  Timeint                                   
00002681  Timer_A_clearCaptureCompareInterrupt      
0000277d  Timer_A_clearInterruptFlag                
00002585  Timer_A_configureContinuousMode           
000026ad  Timer_A_enableCaptureCompareInterrupt     
000026d9  Timer_A_getCaptureCompareCount            
000027d3  Timer_A_getInterruptStatus                
000022a1  Timer_A_initCapture                       
00002793  Timer_A_startCounter                      
000021d7  UART_getEnabledInterruptStatus            
0000274d  UART_getInterruptStatus                   
00000b33  UsageFault_Handler                        
4000480c  WDTCTL_SYM                                
00000b33  WDT_A_IRQHandler                          
20010000  __STACK_END                               
00000200  __STACK_SIZE                              
000029d0  __TI_CINIT_Base                           
000029e0  __TI_CINIT_Limit                          
000029bc  __TI_Handler_Table_Base                   
000029c8  __TI_Handler_Table_Limit                  
00002489  __TI_auto_init_nobinit_nopinit            
0000216f  __TI_decompress_lzss                      
00002807  __TI_decompress_none                      
0000234f  __TI_ltoa                                 
ffffffff  __TI_pprof_out_hndl                       
000000e5  __TI_printfi                              
ffffffff  __TI_prof_data_size                       
ffffffff  __TI_prof_data_start                      
00000000  __TI_static_base__                        
000026fb  __TI_zero_init_nomemset                   
00001d29  __aeabi_cdcmpeq                           
00001d29  __aeabi_cdcmple                           
00001daf  __aeabi_cdrcmple                          
00002441  __aeabi_d2iz                              
00000f7f  __aeabi_dadd                              
000013ad  __aeabi_ddiv                              
00001849  __aeabi_dmul                              
00000f75  __aeabi_dsub                              
00002839  __aeabi_errno_addr                        
0000254b  __aeabi_f2d                               
00002651  __aeabi_i2d                               
0000112b  __aeabi_idiv0                             
0000112b  __aeabi_ldiv0                             
00001eb5  __aeabi_memclr                            
00001eb5  __aeabi_memclr4                           
00001eb5  __aeabi_memclr8                           
00001b6d  __aeabi_memcpy                            
00001b6d  __aeabi_memcpy4                           
00001b6d  __aeabi_memcpy8                           
00001eb7  __aeabi_memset                            
00001eb7  __aeabi_memset4                           
00001eb7  __aeabi_memset8                           
00001c09  __aeabi_uldivmod                          
ffffffff  __binit__                                 
ffffffff  __c_args__                                
UNDEFED   __mpu_init                                
2000fe00  __stack                                   
20000000  __start___llvm_prf_cnts                   
20000000  __stop___llvm_prf_cnts                    
000025b9  _c_int00_noargs                           
00002848  _ctypes_                                  
UNDEFED   _system_post_cinit                        
00002841  _system_pre_init                          
00002845  abort                                     
000023f5  atoi                                      
ffffffff  binit                                     
0000297c  captureModeConfig                         
00002994  continuousModeConfig                      
00002733  copysign                                  
00002733  copysignl                                 
20000034  errno                                     
0000223d  frexp                                     
0000223d  frexpl                                    
2000002a  i                                         
00000000  interruptVectors                          
2000002c  j                                         
00001739  ldexp                                     
00001739  ldexpl                                    
00002091  main                                      
00002717  memccpy                                   
00001b6d  memcpy                                    
00001ebd  memset                                    
00001ad1  modf                                      
00001ad1  modfl                                     
20000028  ovf                                       
20000000  ringBuffer                                
00001739  scalbn                                    
00001739  scalbnl                                   
000024cd  sprintf                                   
000027a9  strchr                                    
000027bf  strlen                                    
000027e5  wcslen                                    
00001fa9  writeFloat                                
000025ed  writeString                               


GLOBAL SYMBOLS: SORTED BY Symbol Address 

address   name                                      
-------   ----                                      
00000000  __TI_static_base__                        
00000000  interruptVectors                          
000000e5  __TI_printfi                              
00000200  __STACK_SIZE                              
00000b33  ADC14_IRQHandler                          
00000b33  AES256_IRQHandler                         
00000b33  BusFault_Handler                          
00000b33  COMP_E0_IRQHandler                        
00000b33  COMP_E1_IRQHandler                        
00000b33  CS_IRQHandler                             
00000b33  DMA_ERR_IRQHandler                        
00000b33  DMA_INT0_IRQHandler                       
00000b33  DMA_INT1_IRQHandler                       
00000b33  DMA_INT2_IRQHandler                       
00000b33  DMA_INT3_IRQHandler                       
00000b33  DebugMon_Handler                          
00000b33  Default_Handler                           
00000b33  EUSCIA1_IRQHandler                        
00000b33  EUSCIA2_IRQHandler                        
00000b33  EUSCIA3_IRQHandler                        
00000b33  EUSCIB0_IRQHandler                        
00000b33  EUSCIB1_IRQHandler                        
00000b33  EUSCIB2_IRQHandler                        
00000b33  EUSCIB3_IRQHandler                        
00000b33  FLCTL_IRQHandler                          
00000b33  FPU_IRQHandler                            
00000b33  HardFault_Handler                         
00000b33  MemManage_Handler                         
00000b33  NMI_Handler                               
00000b33  PCM_IRQHandler                            
00000b33  PORT1_IRQHandler                          
00000b33  PORT2_IRQHandler                          
00000b33  PORT3_IRQHandler                          
00000b33  PORT4_IRQHandler                          
00000b33  PORT5_IRQHandler                          
00000b33  PORT6_IRQHandler                          
00000b33  PSS_IRQHandler                            
00000b33  PendSV_Handler                            
00000b33  RTC_C_IRQHandler                          
00000b33  SVC_Handler                               
00000b33  SysTick_Handler                           
00000b33  T32_INT1_IRQHandler                       
00000b33  T32_INT2_IRQHandler                       
00000b33  T32_INTC_IRQHandler                       
00000b33  TA0_0_IRQHandler                          
00000b33  TA1_0_IRQHandler                          
00000b33  TA1_N_IRQHandler                          
00000b33  TA2_0_IRQHandler                          
00000b33  TA2_N_IRQHandler                          
00000b33  TA3_0_IRQHandler                          
00000b33  TA3_N_IRQHandler                          
00000b33  UsageFault_Handler                        
00000b33  WDT_A_IRQHandler                          
00000f75  __aeabi_dsub                              
00000f7f  __aeabi_dadd                              
0000112b  __aeabi_idiv0                             
0000112b  __aeabi_ldiv0                             
000013ad  __aeabi_ddiv                              
000014e5  CS_initClockSignal                        
00001739  ldexp                                     
00001739  ldexpl                                    
00001739  scalbn                                    
00001739  scalbnl                                   
00001849  __aeabi_dmul                              
00001945  TA0_N_IRQHandler                          
00001945  TA0_N_IRQHandler                          
00001ad1  modf                                      
00001ad1  modfl                                     
00001b6d  __aeabi_memcpy                            
00001b6d  __aeabi_memcpy4                           
00001b6d  __aeabi_memcpy8                           
00001b6d  memcpy                                    
00001c09  __aeabi_uldivmod                          
00001ca1  GPIO_setAsPeripheralModuleFunctionInputPin
00001d29  __aeabi_cdcmpeq                           
00001d29  __aeabi_cdcmple                           
00001daf  __aeabi_cdrcmple                          
00001e35  Interrupt_enableInterrupt                 
00001eb5  __aeabi_memclr                            
00001eb5  __aeabi_memclr4                           
00001eb5  __aeabi_memclr8                           
00001eb7  __aeabi_memset                            
00001eb7  __aeabi_memset4                           
00001eb7  __aeabi_memset8                           
00001ebd  memset                                    
00001f31  SystemInit                                
00001fa9  writeFloat                                
00002021  EUSCIA0_IRQHandler                        
00002021  EUSCIA0_IRQHandler                        
00002091  main                                      
0000216f  __TI_decompress_lzss                      
000021d7  UART_getEnabledInterruptStatus            
0000223d  frexp                                     
0000223d  frexpl                                    
000022a1  Timer_A_initCapture                       
0000234f  __TI_ltoa                                 
000023f5  atoi                                      
00002441  __aeabi_d2iz                              
00002489  __TI_auto_init_nobinit_nopinit            
000024cd  sprintf                                   
0000254b  __aeabi_f2d                               
00002585  Timer_A_configureContinuousMode           
000025b9  _c_int00_noargs                           
000025ed  writeString                               
00002621  CS_setReferenceOscillatorFrequency        
00002651  __aeabi_i2d                               
00002681  Timer_A_clearCaptureCompareInterrupt      
000026ad  Timer_A_enableCaptureCompareInterrupt     
000026d9  Timer_A_getCaptureCompareCount            
000026fb  __TI_zero_init_nomemset                   
00002717  memccpy                                   
00002733  copysign                                  
00002733  copysignl                                 
0000274d  UART_getInterruptStatus                   
0000277d  Timer_A_clearInterruptFlag                
00002793  Timer_A_startCounter                      
000027a9  strchr                                    
000027bf  strlen                                    
000027d3  Timer_A_getInterruptStatus                
000027e5  wcslen                                    
000027f7  Interrupt_enableMaster                    
00002807  __TI_decompress_none                      
00002815  CPU_cpsie                                 
00002821  Reset_Handler                             
00002839  __aeabi_errno_addr                        
00002841  _system_pre_init                          
00002845  C$$EXIT                                   
00002845  abort                                     
00002848  _ctypes_                                  
0000297c  captureModeConfig                         
00002994  continuousModeConfig                      
000029bc  __TI_Handler_Table_Base                   
000029c8  __TI_Handler_Table_Limit                  
000029d0  __TI_CINIT_Base                           
000029e0  __TI_CINIT_Limit                          
20000000  __start___llvm_prf_cnts                   
20000000  __stop___llvm_prf_cnts                    
20000000  ringBuffer                                
20000024  Timeint                                   
20000028  ovf                                       
2000002a  i                                         
2000002c  j                                         
20000030  CaptureValues                             
20000034  errno                                     
2000fe00  __stack                                   
20010000  __STACK_END                               
4000480c  WDTCTL_SYM                                
ffffffff  __TI_pprof_out_hndl                       
ffffffff  __TI_prof_data_size                       
ffffffff  __TI_prof_data_start                      
ffffffff  __binit__                                 
ffffffff  __c_args__                                
ffffffff  binit                                     
UNDEFED   __mpu_init                                
UNDEFED   _system_post_cinit                        

[155 symbols]
