******************************************************************************
                  TI ARM Linker PC v20.2.1                     
******************************************************************************
>> Linked Fri Oct  9 20:57:42 2020

OUTPUT FILE NAME:   <LAB4_P1.out>
ENTRY POINT SYMBOL: "_c_int00_noargs"  address: 00000455


MEMORY CONFIGURATION

         name            origin    length      used     unused   attr    fill
----------------------  --------  ---------  --------  --------  ----  --------
  MAIN                  00000000   00040000  000005e6  0003fa1a  R  X
  INFO                  00200000   00004000  00000000  00004000  R  X
  SRAM_CODE             01000000   00010000  00000201  0000fdff  RW X
  SRAM_DATA             20000000   00010000  00000201  0000fdff  RW  


SEGMENT ALLOCATION MAP

run origin  load origin   length   init length attrs members
----------  ----------- ---------- ----------- ----- -------
00000000    00000000    000005ec   000005ec    r-x
  00000000    00000000    000000e4   000000e4    r-- .intvecs
  000000e4    000000e4    000004b6   000004b6    r-x .text
  0000059c    0000059c    00000038   00000038    r-- .const
  000005d8    000005d8    00000014   00000014    r-- .cinit
20000000    20000000    00000001   00000000    rw-
  20000000    20000000    00000001   00000000    rw- .bss
2000fe00    2000fe00    00000200   00000000    rw-
  2000fe00    2000fe00    00000200   00000000    rw- .stack


SECTION ALLOCATION MAP

 output                                  attributes/
section   page    origin      length       input sections
--------  ----  ----------  ----------   ----------------
.intvecs   0    00000000    000000e4     
                  00000000    000000e4     startup_msp432p401r_ccs.obj (.intvecs:retain)

.text      0    000000e4    000004b6     
                  000000e4    00000084     msp432p4xx_driverlib.lib : gpio.o (.text:GPIO_getEnabledInterruptStatus)
                  00000168    00000084     main.obj (.text:PORT1_IRQHandler)
                  000001ec    00000080     msp432p4xx_driverlib.lib : interrupt.o (.text:Interrupt_enableInterrupt)
                  0000026c    00000078     system_msp432p401r.obj (.text:SystemInit)
                  000002e4    00000058     msp432p4xx_driverlib.lib : gpio.o (.text:GPIO_setAsInputPinWithPullUpResistor)
                  0000033c    00000058     main.obj (.text:main)
                  00000394    00000044     rtsv7M4_T_le_v4SPD16_eabi.lib : autoinit.c.obj (.text:__TI_auto_init_nobinit_nopinit:__TI_auto_init_nobinit_nopinit)
                  000003d8    00000040     msp432p4xx_driverlib.lib : gpio.o (.text:GPIO_setAsOutputPin)
                  00000418    0000003c                              : gpio.o (.text:GPIO_interruptEdgeSelect)
                  00000454    00000034     rtsv7M4_T_le_v4SPD16_eabi.lib : boot_cortex_m.c.obj (.text:_c_int00_noargs:_c_int00_noargs)
                  00000488    00000028     msp432p4xx_driverlib.lib : gpio.o (.text:GPIO_clearInterruptFlag)
                  000004b0    00000028                              : gpio.o (.text:GPIO_enableInterrupt)
                  000004d8    00000028                              : gpio.o (.text:GPIO_setOutputHighOnPin)
                  00000500    00000028                              : gpio.o (.text:GPIO_setOutputLowOnPin)
                  00000528    00000024                              : gpio.o (.text:GPIO_getInterruptStatus)
                  0000054c    0000001c     rtsv7M4_T_le_v4SPD16_eabi.lib : copy_zero_init.c.obj (.text:decompress:ZI:__TI_zero_init_nomemset:__TI_zero_init_nomemset)
                  00000568    00000010     msp432p4xx_driverlib.lib : interrupt.o (.text:Interrupt_enableMaster)
                  00000578    0000000c                              : cpu.o (.text:CPU_cpsie)
                  00000584    0000000c     startup_msp432p401r_ccs.obj (.text:Reset_Handler)
                  00000590    00000004     rtsv7M4_T_le_v4SPD16_eabi.lib : pre_init.c.obj (.text:_system_pre_init)
                  00000594    00000004                                   : exit.c.obj (.text:abort:abort)
                  00000598    00000002     startup_msp432p401r_ccs.obj (.text:Default_Handler)

.const     0    0000059c    00000038     
                  0000059c    00000030     msp432p4xx_driverlib.lib : gpio.o (.const:GPIO_PORT_TO_BASE)
                  000005cc    00000008                              : interrupt.o (.const:g_pulEnRegs)

.cinit     0    000005d8    00000014     
                  000005d8    00000008     (.cinit..bss.load) [load image, compression = zero_init]
                  000005e0    00000004     (__TI_handler_table)
                  000005e4    00000008     (__TI_cinit_table)

.init_array 
*          0    00000000    00000000     UNINITIALIZED

.binit     0    00000000    00000000     

.bss       0    20000000    00000001     UNINITIALIZED
                  20000000    00000001     (.common:count)

.stack     0    2000fe00    00000200     UNINITIALIZED
                  2000fe00    00000004     rtsv7M4_T_le_v4SPD16_eabi.lib : boot_cortex_m.c.obj (.stack)
                  2000fe04    000001fc     --HOLE--

__llvm_prf_cnts 
*          0    20000000    00000000     UNINITIALIZED

MODULE SUMMARY

       Module                        code   ro data   rw data
       ------                        ----   -------   -------
    .\
       main.obj                      220    0         2      
       system_msp432p401r.obj        120    0         0      
    +--+-----------------------------+------+---------+---------+
       Total:                        340    0         2      
                                                             
    .\ccs\
       startup_msp432p401r_ccs.obj   14     228       0      
    +--+-----------------------------+------+---------+---------+
       Total:                        14     228       0      
                                                             
    C:/ti/simplelink_msp432p4_sdk_3_40_01_02/source/ti/devices/msp432p4xx/driverlib/ccs/msp432p4xx_driverlib.lib
       gpio.o                        540    48        0      
       interrupt.o                   144    8         0      
       cpu.o                         12     0         0      
    +--+-----------------------------+------+---------+---------+
       Total:                        696    56        0      
                                                             
    C:\ti\ccs1010\ccs\tools\compiler\ti-cgt-arm_20.2.1.LTS\lib\rtsv7M4_T_le_v4SPD16_eabi.lib
       autoinit.c.obj                68     0         0      
       boot_cortex_m.c.obj           52     0         0      
       copy_zero_init.c.obj          28     0         0      
       exit.c.obj                    4      0         0      
       pre_init.c.obj                4      0         0      
    +--+-----------------------------+------+---------+---------+
       Total:                        156    0         0      
                                                             
       Stack:                        0      0         1024   
       Linker Generated:             0      20        0      
    +--+-----------------------------+------+---------+---------+
       Grand Total:                  1206   304       1026   


LINKER GENERATED COPY TABLES

__TI_cinit_table @ 000005e4 records: 1, size/record: 8, table size: 8
	.bss: load addr=000005d8, load size=00000008 bytes, run addr=20000000, run size=00000001 bytes, compression=zero_init


LINKER GENERATED HANDLER TABLE

__TI_handler_table @ 000005e0 records: 1, size/record: 4, table size: 4
	index: 0, handler: __TI_zero_init


GLOBAL SYMBOLS: SORTED ALPHABETICALLY BY Name 

address   name                                
-------   ----                                
00000599  ADC14_IRQHandler                    
00000599  AES256_IRQHandler                   
00000599  BusFault_Handler                    
00000595  C$$EXIT                             
00000599  COMP_E0_IRQHandler                  
00000599  COMP_E1_IRQHandler                  
00000579  CPU_cpsie                           
00000599  CS_IRQHandler                       
00000599  DMA_ERR_IRQHandler                  
00000599  DMA_INT0_IRQHandler                 
00000599  DMA_INT1_IRQHandler                 
00000599  DMA_INT2_IRQHandler                 
00000599  DMA_INT3_IRQHandler                 
00000599  DebugMon_Handler                    
00000599  Default_Handler                     
00000599  EUSCIA0_IRQHandler                  
00000599  EUSCIA1_IRQHandler                  
00000599  EUSCIA2_IRQHandler                  
00000599  EUSCIA3_IRQHandler                  
00000599  EUSCIB0_IRQHandler                  
00000599  EUSCIB1_IRQHandler                  
00000599  EUSCIB2_IRQHandler                  
00000599  EUSCIB3_IRQHandler                  
00000599  FLCTL_IRQHandler                    
00000599  FPU_IRQHandler                      
00000489  GPIO_clearInterruptFlag             
000004b1  GPIO_enableInterrupt                
000000e5  GPIO_getEnabledInterruptStatus      
00000529  GPIO_getInterruptStatus             
00000419  GPIO_interruptEdgeSelect            
000002e5  GPIO_setAsInputPinWithPullUpResistor
000003d9  GPIO_setAsOutputPin                 
000004d9  GPIO_setOutputHighOnPin             
00000501  GPIO_setOutputLowOnPin              
00000599  HardFault_Handler                   
000001ed  Interrupt_enableInterrupt           
00000569  Interrupt_enableMaster              
00000599  MemManage_Handler                   
00000599  NMI_Handler                         
00000599  PCM_IRQHandler                      
00000169  PORT1_IRQHandler                    
00000169  PORT1_IRQHandler                    
00000599  PORT2_IRQHandler                    
00000599  PORT3_IRQHandler                    
00000599  PORT4_IRQHandler                    
00000599  PORT5_IRQHandler                    
00000599  PORT6_IRQHandler                    
00000599  PSS_IRQHandler                      
00000599  PendSV_Handler                      
00000599  RTC_C_IRQHandler                    
00000585  Reset_Handler                       
00000599  SVC_Handler                         
00000599  SysTick_Handler                     
0000026d  SystemInit                          
00000599  T32_INT1_IRQHandler                 
00000599  T32_INT2_IRQHandler                 
00000599  T32_INTC_IRQHandler                 
00000599  TA0_0_IRQHandler                    
00000599  TA0_N_IRQHandler                    
00000599  TA1_0_IRQHandler                    
00000599  TA1_N_IRQHandler                    
00000599  TA2_0_IRQHandler                    
00000599  TA2_N_IRQHandler                    
00000599  TA3_0_IRQHandler                    
00000599  TA3_N_IRQHandler                    
00000599  UsageFault_Handler                  
4000480c  WDTCTL_SYM                          
00000599  WDT_A_IRQHandler                    
20010000  __STACK_END                         
00000200  __STACK_SIZE                        
000005e4  __TI_CINIT_Base                     
000005ec  __TI_CINIT_Limit                    
000005e0  __TI_Handler_Table_Base             
000005e4  __TI_Handler_Table_Limit            
00000395  __TI_auto_init_nobinit_nopinit      
ffffffff  __TI_pprof_out_hndl                 
ffffffff  __TI_prof_data_size                 
ffffffff  __TI_prof_data_start                
00000000  __TI_static_base__                  
0000054d  __TI_zero_init_nomemset             
ffffffff  __binit__                           
ffffffff  __c_args__                          
UNDEFED   __mpu_init                          
2000fe00  __stack                             
20000000  __start___llvm_prf_cnts             
20000000  __stop___llvm_prf_cnts              
00000455  _c_int00_noargs                     
UNDEFED   _system_post_cinit                  
00000591  _system_pre_init                    
00000595  abort                               
ffffffff  binit                               
20000000  count                               
00000000  interruptVectors                    
0000033d  main                                


GLOBAL SYMBOLS: SORTED BY Symbol Address 

address   name                                
-------   ----                                
00000000  __TI_static_base__                  
00000000  interruptVectors                    
000000e5  GPIO_getEnabledInterruptStatus      
00000169  PORT1_IRQHandler                    
00000169  PORT1_IRQHandler                    
000001ed  Interrupt_enableInterrupt           
00000200  __STACK_SIZE                        
0000026d  SystemInit                          
000002e5  GPIO_setAsInputPinWithPullUpResistor
0000033d  main                                
00000395  __TI_auto_init_nobinit_nopinit      
000003d9  GPIO_setAsOutputPin                 
00000419  GPIO_interruptEdgeSelect            
00000455  _c_int00_noargs                     
00000489  GPIO_clearInterruptFlag             
000004b1  GPIO_enableInterrupt                
000004d9  GPIO_setOutputHighOnPin             
00000501  GPIO_setOutputLowOnPin              
00000529  GPIO_getInterruptStatus             
0000054d  __TI_zero_init_nomemset             
00000569  Interrupt_enableMaster              
00000579  CPU_cpsie                           
00000585  Reset_Handler                       
00000591  _system_pre_init                    
00000595  C$$EXIT                             
00000595  abort                               
00000599  ADC14_IRQHandler                    
00000599  AES256_IRQHandler                   
00000599  BusFault_Handler                    
00000599  COMP_E0_IRQHandler                  
00000599  COMP_E1_IRQHandler                  
00000599  CS_IRQHandler                       
00000599  DMA_ERR_IRQHandler                  
00000599  DMA_INT0_IRQHandler                 
00000599  DMA_INT1_IRQHandler                 
00000599  DMA_INT2_IRQHandler                 
00000599  DMA_INT3_IRQHandler                 
00000599  DebugMon_Handler                    
00000599  Default_Handler                     
00000599  EUSCIA0_IRQHandler                  
00000599  EUSCIA1_IRQHandler                  
00000599  EUSCIA2_IRQHandler                  
00000599  EUSCIA3_IRQHandler                  
00000599  EUSCIB0_IRQHandler                  
00000599  EUSCIB1_IRQHandler                  
00000599  EUSCIB2_IRQHandler                  
00000599  EUSCIB3_IRQHandler                  
00000599  FLCTL_IRQHandler                    
00000599  FPU_IRQHandler                      
00000599  HardFault_Handler                   
00000599  MemManage_Handler                   
00000599  NMI_Handler                         
00000599  PCM_IRQHandler                      
00000599  PORT2_IRQHandler                    
00000599  PORT3_IRQHandler                    
00000599  PORT4_IRQHandler                    
00000599  PORT5_IRQHandler                    
00000599  PORT6_IRQHandler                    
00000599  PSS_IRQHandler                      
00000599  PendSV_Handler                      
00000599  RTC_C_IRQHandler                    
00000599  SVC_Handler                         
00000599  SysTick_Handler                     
00000599  T32_INT1_IRQHandler                 
00000599  T32_INT2_IRQHandler                 
00000599  T32_INTC_IRQHandler                 
00000599  TA0_0_IRQHandler                    
00000599  TA0_N_IRQHandler                    
00000599  TA1_0_IRQHandler                    
00000599  TA1_N_IRQHandler                    
00000599  TA2_0_IRQHandler                    
00000599  TA2_N_IRQHandler                    
00000599  TA3_0_IRQHandler                    
00000599  TA3_N_IRQHandler                    
00000599  UsageFault_Handler                  
00000599  WDT_A_IRQHandler                    
000005e0  __TI_Handler_Table_Base             
000005e4  __TI_CINIT_Base                     
000005e4  __TI_Handler_Table_Limit            
000005ec  __TI_CINIT_Limit                    
20000000  __start___llvm_prf_cnts             
20000000  __stop___llvm_prf_cnts              
20000000  count                               
2000fe00  __stack                             
20010000  __STACK_END                         
4000480c  WDTCTL_SYM                          
ffffffff  __TI_pprof_out_hndl                 
ffffffff  __TI_prof_data_size                 
ffffffff  __TI_prof_data_start                
ffffffff  __binit__                           
ffffffff  __c_args__                          
ffffffff  binit                               
UNDEFED   __mpu_init                          
UNDEFED   _system_post_cinit                  

[94 symbols]
