<?xml version="1.0" encoding="ISO-8859-1" ?>
<link_info>
   <banner>TI ARM Linker PC v20.2.1.LTS</banner>
   <copyright>Copyright (c) 1996-2018 Texas Instruments Incorporated</copyright>
   <link_time>0x5efe49a2</link_time>
   <link_errors>0x0</link_errors>
   <output_file>empty_MSP_EXP432P401R_nortos_ccs.out</output_file>
   <entry_point>
      <name>_c_int00_noargs</name>
      <address>0x631</address>
   </entry_point>
   <input_file_list>
      <input_file id="fl-2">
         <path>.\</path>
         <kind>object</kind>
         <file>main.obj</file>
         <name>main.obj</name>
      </input_file>
      <input_file id="fl-3">
         <path>.\</path>
         <kind>object</kind>
         <file>system_msp432p401r.obj</file>
         <name>system_msp432p401r.obj</name>
      </input_file>
      <input_file id="fl-4">
         <path>.\</path>
         <kind>object</kind>
         <file>uart_functions.obj</file>
         <name>uart_functions.obj</name>
      </input_file>
      <input_file id="fl-5">
         <path>.\ccs\</path>
         <kind>object</kind>
         <file>startup_msp432p401r_ccs.obj</file>
         <name>startup_msp432p401r_ccs.obj</name>
      </input_file>
      <input_file id="fl-f">
         <kind>object</kind>
         <file>&lt;internal&gt;</file>
         <name>&lt;internal&gt;</name>
      </input_file>
      <input_file id="fl-10">
         <path>C:\ti\simplelink_msp432p4_sdk_3_40_01_02\source\ti\devices\msp432p4xx\driverlib\ccs\</path>
         <kind>archive</kind>
         <file>msp432p4xx_driverlib.lib</file>
         <name>cs.o</name>
      </input_file>
      <input_file id="fl-11">
         <path>C:\ti\simplelink_msp432p4_sdk_3_40_01_02\source\ti\devices\msp432p4xx\driverlib\ccs\</path>
         <kind>archive</kind>
         <file>msp432p4xx_driverlib.lib</file>
         <name>gpio.o</name>
      </input_file>
      <input_file id="fl-12">
         <path>C:\ti\simplelink_msp432p4_sdk_3_40_01_02\source\ti\devices\msp432p4xx\driverlib\ccs\</path>
         <kind>archive</kind>
         <file>msp432p4xx_driverlib.lib</file>
         <name>interrupt.o</name>
      </input_file>
      <input_file id="fl-13">
         <path>C:\ti\simplelink_msp432p4_sdk_3_40_01_02\source\ti\devices\msp432p4xx\driverlib\ccs\</path>
         <kind>archive</kind>
         <file>msp432p4xx_driverlib.lib</file>
         <name>sysctl_a.o</name>
      </input_file>
      <input_file id="fl-14">
         <path>C:\ti\simplelink_msp432p4_sdk_3_40_01_02\source\ti\devices\msp432p4xx\driverlib\ccs\</path>
         <kind>archive</kind>
         <file>msp432p4xx_driverlib.lib</file>
         <name>uart.o</name>
      </input_file>
      <input_file id="fl-15">
         <path>C:\ti\simplelink_msp432p4_sdk_3_40_01_02\source\ti\devices\msp432p4xx\driverlib\ccs\</path>
         <kind>archive</kind>
         <file>msp432p4xx_driverlib.lib</file>
         <name>wdt_a.o</name>
      </input_file>
      <input_file id="fl-16">
         <path>C:\ti\simplelink_msp432p4_sdk_3_40_01_02\source\ti\devices\msp432p4xx\driverlib\ccs\</path>
         <kind>archive</kind>
         <file>msp432p4xx_driverlib.lib</file>
         <name>cpu.o</name>
      </input_file>
      <input_file id="fl-cc">
         <path>C:\ti\ccs1010\ccs\tools\compiler\ti-cgt-arm_20.2.1.LTS\lib\</path>
         <kind>archive</kind>
         <file>rtsv7M4_T_le_v4SPD16_eabi.lib</file>
         <name>s_modf.c.obj</name>
      </input_file>
      <input_file id="fl-cd">
         <path>C:\ti\ccs1010\ccs\tools\compiler\ti-cgt-arm_20.2.1.LTS\lib\</path>
         <kind>archive</kind>
         <file>rtsv7M4_T_le_v4SPD16_eabi.lib</file>
         <name>sprintf.c.obj</name>
      </input_file>
      <input_file id="fl-ce">
         <path>C:\ti\ccs1010\ccs\tools\compiler\ti-cgt-arm_20.2.1.LTS\lib\</path>
         <kind>archive</kind>
         <file>rtsv7M4_T_le_v4SPD16_eabi.lib</file>
         <name>fd_add_t2.asm.obj</name>
      </input_file>
      <input_file id="fl-cf">
         <path>C:\ti\ccs1010\ccs\tools\compiler\ti-cgt-arm_20.2.1.LTS\lib\</path>
         <kind>archive</kind>
         <file>rtsv7M4_T_le_v4SPD16_eabi.lib</file>
         <name>fd_div_t2.asm.obj</name>
      </input_file>
      <input_file id="fl-d0">
         <path>C:\ti\ccs1010\ccs\tools\compiler\ti-cgt-arm_20.2.1.LTS\lib\</path>
         <kind>archive</kind>
         <file>rtsv7M4_T_le_v4SPD16_eabi.lib</file>
         <name>fd_mul_t2.asm.obj</name>
      </input_file>
      <input_file id="fl-d1">
         <path>C:\ti\ccs1010\ccs\tools\compiler\ti-cgt-arm_20.2.1.LTS\lib\</path>
         <kind>archive</kind>
         <file>rtsv7M4_T_le_v4SPD16_eabi.lib</file>
         <name>fd_toi_t2.asm.obj</name>
      </input_file>
      <input_file id="fl-d2">
         <path>C:\ti\ccs1010\ccs\tools\compiler\ti-cgt-arm_20.2.1.LTS\lib\</path>
         <kind>archive</kind>
         <file>rtsv7M4_T_le_v4SPD16_eabi.lib</file>
         <name>fd_tos_t2.asm.obj</name>
      </input_file>
      <input_file id="fl-d3">
         <path>C:\ti\ccs1010\ccs\tools\compiler\ti-cgt-arm_20.2.1.LTS\lib\</path>
         <kind>archive</kind>
         <file>rtsv7M4_T_le_v4SPD16_eabi.lib</file>
         <name>fs_tod_t2.asm.obj</name>
      </input_file>
      <input_file id="fl-d4">
         <path>C:\ti\ccs1010\ccs\tools\compiler\ti-cgt-arm_20.2.1.LTS\lib\</path>
         <kind>archive</kind>
         <file>rtsv7M4_T_le_v4SPD16_eabi.lib</file>
         <name>memcpy_t2.asm.obj</name>
      </input_file>
      <input_file id="fl-d5">
         <path>C:\ti\ccs1010\ccs\tools\compiler\ti-cgt-arm_20.2.1.LTS\lib\</path>
         <kind>archive</kind>
         <file>rtsv7M4_T_le_v4SPD16_eabi.lib</file>
         <name>copy_zero_init.c.obj</name>
      </input_file>
      <input_file id="fl-d6">
         <path>C:\ti\ccs1010\ccs\tools\compiler\ti-cgt-arm_20.2.1.LTS\lib\</path>
         <kind>archive</kind>
         <file>rtsv7M4_T_le_v4SPD16_eabi.lib</file>
         <name>copy_decompress_none.c.obj</name>
      </input_file>
      <input_file id="fl-d7">
         <path>C:\ti\ccs1010\ccs\tools\compiler\ti-cgt-arm_20.2.1.LTS\lib\</path>
         <kind>archive</kind>
         <file>rtsv7M4_T_le_v4SPD16_eabi.lib</file>
         <name>copy_decompress_lzss.c.obj</name>
      </input_file>
      <input_file id="fl-d8">
         <path>C:\ti\ccs1010\ccs\tools\compiler\ti-cgt-arm_20.2.1.LTS\lib\</path>
         <kind>archive</kind>
         <file>rtsv7M4_T_le_v4SPD16_eabi.lib</file>
         <name>atof.c.obj</name>
      </input_file>
      <input_file id="fl-d9">
         <path>C:\ti\ccs1010\ccs\tools\compiler\ti-cgt-arm_20.2.1.LTS\lib\</path>
         <kind>archive</kind>
         <file>rtsv7M4_T_le_v4SPD16_eabi.lib</file>
         <name>atoi.c.obj</name>
      </input_file>
      <input_file id="fl-da">
         <path>C:\ti\ccs1010\ccs\tools\compiler\ti-cgt-arm_20.2.1.LTS\lib\</path>
         <kind>archive</kind>
         <file>rtsv7M4_T_le_v4SPD16_eabi.lib</file>
         <name>ctype.c.obj</name>
      </input_file>
      <input_file id="fl-db">
         <path>C:\ti\ccs1010\ccs\tools\compiler\ti-cgt-arm_20.2.1.LTS\lib\</path>
         <kind>archive</kind>
         <file>rtsv7M4_T_le_v4SPD16_eabi.lib</file>
         <name>strtod.c.obj</name>
      </input_file>
      <input_file id="fl-dc">
         <path>C:\ti\ccs1010\ccs\tools\compiler\ti-cgt-arm_20.2.1.LTS\lib\</path>
         <kind>archive</kind>
         <file>rtsv7M4_T_le_v4SPD16_eabi.lib</file>
         <name>errno.c.obj</name>
      </input_file>
      <input_file id="fl-dd">
         <path>C:\ti\ccs1010\ccs\tools\compiler\ti-cgt-arm_20.2.1.LTS\lib\</path>
         <kind>archive</kind>
         <file>rtsv7M4_T_le_v4SPD16_eabi.lib</file>
         <name>boot_cortex_m.c.obj</name>
      </input_file>
      <input_file id="fl-de">
         <path>C:\ti\ccs1010\ccs\tools\compiler\ti-cgt-arm_20.2.1.LTS\lib\</path>
         <kind>archive</kind>
         <file>rtsv7M4_T_le_v4SPD16_eabi.lib</file>
         <name>s_scalbn.c.obj</name>
      </input_file>
      <input_file id="fl-df">
         <path>C:\ti\ccs1010\ccs\tools\compiler\ti-cgt-arm_20.2.1.LTS\lib\</path>
         <kind>archive</kind>
         <file>rtsv7M4_T_le_v4SPD16_eabi.lib</file>
         <name>_printfi.c.obj</name>
      </input_file>
      <input_file id="fl-e0">
         <path>C:\ti\ccs1010\ccs\tools\compiler\ti-cgt-arm_20.2.1.LTS\lib\</path>
         <kind>archive</kind>
         <file>rtsv7M4_T_le_v4SPD16_eabi.lib</file>
         <name>memset_t2.asm.obj</name>
      </input_file>
      <input_file id="fl-e1">
         <path>C:\ti\ccs1010\ccs\tools\compiler\ti-cgt-arm_20.2.1.LTS\lib\</path>
         <kind>archive</kind>
         <file>rtsv7M4_T_le_v4SPD16_eabi.lib</file>
         <name>fd_cmp_t2.asm.obj</name>
      </input_file>
      <input_file id="fl-e2">
         <path>C:\ti\ccs1010\ccs\tools\compiler\ti-cgt-arm_20.2.1.LTS\lib\</path>
         <kind>archive</kind>
         <file>rtsv7M4_T_le_v4SPD16_eabi.lib</file>
         <name>i_tofd_t2.asm.obj</name>
      </input_file>
      <input_file id="fl-e3">
         <path>C:\ti\ccs1010\ccs\tools\compiler\ti-cgt-arm_20.2.1.LTS\lib\</path>
         <kind>archive</kind>
         <file>rtsv7M4_T_le_v4SPD16_eabi.lib</file>
         <name>ull_div_t2.asm.obj</name>
      </input_file>
      <input_file id="fl-e4">
         <path>C:\ti\ccs1010\ccs\tools\compiler\ti-cgt-arm_20.2.1.LTS\lib\</path>
         <kind>archive</kind>
         <file>rtsv7M4_T_le_v4SPD16_eabi.lib</file>
         <name>autoinit.c.obj</name>
      </input_file>
      <input_file id="fl-e5">
         <path>C:\ti\ccs1010\ccs\tools\compiler\ti-cgt-arm_20.2.1.LTS\lib\</path>
         <kind>archive</kind>
         <file>rtsv7M4_T_le_v4SPD16_eabi.lib</file>
         <name>pre_init.c.obj</name>
      </input_file>
      <input_file id="fl-e6">
         <path>C:\ti\ccs1010\ccs\tools\compiler\ti-cgt-arm_20.2.1.LTS\lib\</path>
         <kind>archive</kind>
         <file>rtsv7M4_T_le_v4SPD16_eabi.lib</file>
         <name>cpy_tbl.c.obj</name>
      </input_file>
      <input_file id="fl-e7">
         <path>C:\ti\ccs1010\ccs\tools\compiler\ti-cgt-arm_20.2.1.LTS\lib\</path>
         <kind>archive</kind>
         <file>rtsv7M4_T_le_v4SPD16_eabi.lib</file>
         <name>exit.c.obj</name>
      </input_file>
      <input_file id="fl-e8">
         <path>C:\ti\ccs1010\ccs\tools\compiler\ti-cgt-arm_20.2.1.LTS\lib\</path>
         <kind>archive</kind>
         <file>rtsv7M4_T_le_v4SPD16_eabi.lib</file>
         <name>_lock.c.obj</name>
      </input_file>
      <input_file id="fl-e9">
         <path>C:\ti\ccs1010\ccs\tools\compiler\ti-cgt-arm_20.2.1.LTS\lib\</path>
         <kind>archive</kind>
         <file>rtsv7M4_T_le_v4SPD16_eabi.lib</file>
         <name>_ltoa.c.obj</name>
      </input_file>
      <input_file id="fl-ea">
         <path>C:\ti\ccs1010\ccs\tools\compiler\ti-cgt-arm_20.2.1.LTS\lib\</path>
         <kind>archive</kind>
         <file>rtsv7M4_T_le_v4SPD16_eabi.lib</file>
         <name>args_main.c.obj</name>
      </input_file>
      <input_file id="fl-eb">
         <path>C:\ti\ccs1010\ccs\tools\compiler\ti-cgt-arm_20.2.1.LTS\lib\</path>
         <kind>archive</kind>
         <file>rtsv7M4_T_le_v4SPD16_eabi.lib</file>
         <name>memccpy.c.obj</name>
      </input_file>
      <input_file id="fl-ec">
         <path>C:\ti\ccs1010\ccs\tools\compiler\ti-cgt-arm_20.2.1.LTS\lib\</path>
         <kind>archive</kind>
         <file>rtsv7M4_T_le_v4SPD16_eabi.lib</file>
         <name>strchr.c.obj</name>
      </input_file>
      <input_file id="fl-ed">
         <path>C:\ti\ccs1010\ccs\tools\compiler\ti-cgt-arm_20.2.1.LTS\lib\</path>
         <kind>archive</kind>
         <file>rtsv7M4_T_le_v4SPD16_eabi.lib</file>
         <name>strlen.c.obj</name>
      </input_file>
      <input_file id="fl-ee">
         <path>C:\ti\ccs1010\ccs\tools\compiler\ti-cgt-arm_20.2.1.LTS\lib\</path>
         <kind>archive</kind>
         <file>rtsv7M4_T_le_v4SPD16_eabi.lib</file>
         <name>s_copysign.c.obj</name>
      </input_file>
      <input_file id="fl-ef">
         <path>C:\ti\ccs1010\ccs\tools\compiler\ti-cgt-arm_20.2.1.LTS\lib\</path>
         <kind>archive</kind>
         <file>rtsv7M4_T_le_v4SPD16_eabi.lib</file>
         <name>s_frexp.c.obj</name>
      </input_file>
      <input_file id="fl-f0">
         <path>C:\ti\ccs1010\ccs\tools\compiler\ti-cgt-arm_20.2.1.LTS\lib\</path>
         <kind>archive</kind>
         <file>rtsv7M4_T_le_v4SPD16_eabi.lib</file>
         <name>wcslen.c.obj</name>
      </input_file>
      <input_file id="fl-f1">
         <path>C:\ti\ccs1010\ccs\tools\compiler\ti-cgt-arm_20.2.1.LTS\lib\</path>
         <kind>archive</kind>
         <file>rtsv7M4_T_le_v4SPD16_eabi.lib</file>
         <name>div0.asm.obj</name>
      </input_file>
   </input_file_list>
   <object_component_list>
      <object_component id="oc-26">
         <name>.intvecs:retain</name>
         <load_address>0x0</load_address>
         <run_address>0x0</run_address>
         <size>0xe4</size>
         <input_file_ref idref="fl-5"/>
      </object_component>
      <object_component id="oc-187">
         <name>.text:UART_initModule</name>
         <load_address>0xe4</load_address>
         <run_address>0xe4</run_address>
         <size>0x11c</size>
         <input_file_ref idref="fl-14"/>
      </object_component>
      <object_component id="oc-9f">
         <name>.text:main</name>
         <load_address>0x200</load_address>
         <run_address>0x200</run_address>
         <size>0x94</size>
         <input_file_ref idref="fl-2"/>
      </object_component>
      <object_component id="oc-ea">
         <name>.text:initUART</name>
         <load_address>0x294</load_address>
         <run_address>0x294</run_address>
         <size>0x7c</size>
         <input_file_ref idref="fl-4"/>
      </object_component>
      <object_component id="oc-b1">
         <name>.text:SystemInit</name>
         <load_address>0x310</load_address>
         <run_address>0x310</run_address>
         <size>0x78</size>
         <input_file_ref idref="fl-3"/>
      </object_component>
      <object_component id="oc-73">
         <name>.text:EUSCIA0_IRQHandler</name>
         <load_address>0x388</load_address>
         <run_address>0x388</run_address>
         <size>0x70</size>
         <input_file_ref idref="fl-4"/>
      </object_component>
      <object_component id="oc-f0">
         <name>.text:writeString</name>
         <load_address>0x3f8</load_address>
         <run_address>0x3f8</run_address>
         <size>0x6c</size>
         <input_file_ref idref="fl-4"/>
      </object_component>
      <object_component id="oc-b9">
         <name>.text:UART_getEnabledInterruptStatus</name>
         <load_address>0x464</load_address>
         <run_address>0x464</run_address>
         <size>0x64</size>
         <input_file_ref idref="fl-14"/>
      </object_component>
      <object_component id="oc-198">
         <name>.text:readString</name>
         <load_address>0x4c8</load_address>
         <run_address>0x4c8</run_address>
         <size>0x64</size>
         <input_file_ref idref="fl-4"/>
      </object_component>
      <object_component id="oc-19e">
         <name>.text:atoi</name>
         <load_address>0x52c</load_address>
         <run_address>0x52c</run_address>
         <size>0x4c</size>
         <input_file_ref idref="fl-d9"/>
      </object_component>
      <object_component id="oc-121">
         <name>.text:__TI_auto_init_nobinit_nopinit:__TI_auto_init_nobinit_nopinit</name>
         <load_address>0x578</load_address>
         <run_address>0x578</run_address>
         <size>0x44</size>
         <input_file_ref idref="fl-e4"/>
      </object_component>
      <object_component id="oc-f6">
         <name>.text:GPIO_setAsOutputPin</name>
         <load_address>0x5bc</load_address>
         <run_address>0x5bc</run_address>
         <size>0x40</size>
         <input_file_ref idref="fl-11"/>
      </object_component>
      <object_component id="oc-fc">
         <name>.text:CS_setDCOCenteredFrequency</name>
         <load_address>0x5fc</load_address>
         <run_address>0x5fc</run_address>
         <size>0x34</size>
         <input_file_ref idref="fl-10"/>
      </object_component>
      <object_component id="oc-55">
         <name>.text:_c_int00_noargs:_c_int00_noargs</name>
         <load_address>0x630</load_address>
         <run_address>0x630</run_address>
         <size>0x34</size>
         <input_file_ref idref="fl-dd"/>
      </object_component>
      <object_component id="oc-10e">
         <name>.text:GPIO_toggleOutputOnPin</name>
         <load_address>0x664</load_address>
         <run_address>0x664</run_address>
         <size>0x28</size>
         <input_file_ref idref="fl-11"/>
      </object_component>
      <object_component id="oc-e4">
         <name>.text:WDT_A_holdTimer</name>
         <load_address>0x68c</load_address>
         <run_address>0x68c</run_address>
         <size>0x24</size>
         <input_file_ref idref="fl-15"/>
      </object_component>
      <object_component id="oc-43">
         <name>.text:decompress:ZI:__TI_zero_init_nomemset:__TI_zero_init_nomemset</name>
         <load_address>0x6b0</load_address>
         <run_address>0x6b0</run_address>
         <size>0x1c</size>
         <input_file_ref idref="fl-d5"/>
      </object_component>
      <object_component id="oc-108">
         <name>.text:readChar</name>
         <load_address>0x6cc</load_address>
         <run_address>0x6cc</run_address>
         <size>0x1a</size>
         <input_file_ref idref="fl-4"/>
      </object_component>
      <object_component id="oc-154">
         <name>.text:UART_getInterruptStatus</name>
         <load_address>0x6e6</load_address>
         <run_address>0x6e6</run_address>
         <size>0x18</size>
         <input_file_ref idref="fl-14"/>
      </object_component>
      <object_component id="oc-67">
         <name>.text:Reset_Handler</name>
         <load_address>0x6fe</load_address>
         <run_address>0x6fe</run_address>
         <size>0xc</size>
         <input_file_ref idref="fl-5"/>
      </object_component>
      <object_component id="oc-99">
         <name>.text:_system_pre_init</name>
         <load_address>0x70a</load_address>
         <run_address>0x70a</run_address>
         <size>0x4</size>
         <input_file_ref idref="fl-e5"/>
      </object_component>
      <object_component id="oc-115">
         <name>.text:abort:abort</name>
         <load_address>0x70e</load_address>
         <run_address>0x70e</run_address>
         <size>0x4</size>
         <input_file_ref idref="fl-e7"/>
      </object_component>
      <object_component id="oc-102">
         <name>.text:peek</name>
         <load_address>0x712</load_address>
         <run_address>0x712</run_address>
         <size>0x4</size>
         <input_file_ref idref="fl-4"/>
      </object_component>
      <object_component id="oc-6d">
         <name>.text:Default_Handler</name>
         <load_address>0x716</load_address>
         <run_address>0x716</run_address>
         <size>0x2</size>
         <input_file_ref idref="fl-5"/>
      </object_component>
      <object_component id="oc-1d6">
         <name>.const:.string:_ctypes_</name>
         <load_address>0x718</load_address>
         <run_address>0x718</run_address>
         <size>0x101</size>
         <input_file_ref idref="fl-da"/>
      </object_component>
      <object_component id="oc-192">
         <name>.const:GPIO_PORT_TO_BASE</name>
         <load_address>0x81c</load_address>
         <run_address>0x81c</run_address>
         <size>0x30</size>
         <input_file_ref idref="fl-11"/>
      </object_component>
      <object_component id="oc-18d">
         <name>.const:uartConfig</name>
         <load_address>0x84c</load_address>
         <run_address>0x84c</run_address>
         <size>0x28</size>
         <input_file_ref idref="fl-4"/>
      </object_component>
      <object_component id="oc-263">
         <name>.cinit..bss.load</name>
         <load_address>0x878</load_address>
         <run_address>0x878</run_address>
         <size>0x8</size>
      </object_component>
      <object_component id="oc-261">
         <name>__TI_handler_table</name>
         <load_address>0x880</load_address>
         <run_address>0x880</run_address>
         <size>0x4</size>
      </object_component>
      <object_component id="oc-262">
         <name>__TI_cinit_table</name>
         <load_address>0x884</load_address>
         <run_address>0x884</run_address>
         <size>0x8</size>
      </object_component>
      <object_component id="oc-235">
         <name>.binit</name>
         <load_address>0x0</load_address>
         <run_address>0x0</run_address>
         <size>0x0</size>
      </object_component>
      <object_component id="oc-bf">
         <name>.common:ringBuffer</name>
         <uninitialized>true</uninitialized>
         <run_address>0x20000000</run_address>
         <size>0x22</size>
      </object_component>
      <object_component id="oc-29">
         <name>.stack</name>
         <uninitialized>true</uninitialized>
         <run_address>0x2000fe00</run_address>
         <size>0x4</size>
         <input_file_ref idref="fl-dd"/>
      </object_component>
      <object_component id="oc-265">
         <name>.stack</name>
         <uninitialized>true</uninitialized>
         <run_address>0x2000fe00</run_address>
         <size>0x0</size>
      </object_component>
      <object_component id="oc-185">
         <name>.debug_info</name>
         <load_address>0x0</load_address>
         <run_address>0x0</run_address>
         <size>0x6ac</size>
         <input_file_ref idref="fl-2"/>
      </object_component>
      <object_component id="oc-a1">
         <name>.debug_info</name>
         <load_address>0x6ac</load_address>
         <run_address>0x6ac</run_address>
         <size>0x1f1</size>
         <input_file_ref idref="fl-2"/>
      </object_component>
      <object_component id="oc-cf">
         <name>.debug_info</name>
         <load_address>0x89d</load_address>
         <run_address>0x89d</run_address>
         <size>0x26b</size>
         <input_file_ref idref="fl-2"/>
      </object_component>
      <object_component id="oc-16c">
         <name>.debug_info</name>
         <load_address>0xb08</load_address>
         <run_address>0xb08</run_address>
         <size>0x1028</size>
         <input_file_ref idref="fl-2"/>
      </object_component>
      <object_component id="oc-167">
         <name>.debug_info</name>
         <load_address>0x1b30</load_address>
         <run_address>0x1b30</run_address>
         <size>0x37e2</size>
         <input_file_ref idref="fl-2"/>
      </object_component>
      <object_component id="oc-c8">
         <name>.debug_info</name>
         <load_address>0x5312</load_address>
         <run_address>0x5312</run_address>
         <size>0x8b</size>
         <input_file_ref idref="fl-2"/>
      </object_component>
      <object_component id="oc-180">
         <name>.debug_info</name>
         <load_address>0x539d</load_address>
         <run_address>0x539d</run_address>
         <size>0x2a4</size>
         <input_file_ref idref="fl-2"/>
      </object_component>
      <object_component id="oc-17b">
         <name>.debug_info</name>
         <load_address>0x5641</load_address>
         <run_address>0x5641</run_address>
         <size>0xef</size>
         <input_file_ref idref="fl-2"/>
      </object_component>
      <object_component id="oc-c3">
         <name>.debug_info</name>
         <load_address>0x5730</load_address>
         <run_address>0x5730</run_address>
         <size>0xbb</size>
         <input_file_ref idref="fl-2"/>
      </object_component>
      <object_component id="oc-171">
         <name>.debug_info</name>
         <load_address>0x57eb</load_address>
         <run_address>0x57eb</run_address>
         <size>0x102</size>
         <input_file_ref idref="fl-2"/>
      </object_component>
      <object_component id="oc-b4">
         <name>.debug_info</name>
         <load_address>0x58ed</load_address>
         <run_address>0x58ed</run_address>
         <size>0x141</size>
         <input_file_ref idref="fl-3"/>
      </object_component>
      <object_component id="oc-32">
         <name>.debug_info</name>
         <load_address>0x5a2e</load_address>
         <run_address>0x5a2e</run_address>
         <size>0x84</size>
         <input_file_ref idref="fl-3"/>
      </object_component>
      <object_component id="oc-c0">
         <name>.debug_info</name>
         <load_address>0x5ab2</load_address>
         <run_address>0x5ab2</run_address>
         <size>0x74e</size>
         <input_file_ref idref="fl-4"/>
      </object_component>
      <object_component id="oc-18e">
         <name>.debug_info</name>
         <load_address>0x6200</load_address>
         <run_address>0x6200</run_address>
         <size>0xf4</size>
         <input_file_ref idref="fl-4"/>
      </object_component>
      <object_component id="oc-74">
         <name>.debug_info</name>
         <load_address>0x62f4</load_address>
         <run_address>0x62f4</run_address>
         <size>0x19e</size>
         <input_file_ref idref="fl-4"/>
      </object_component>
      <object_component id="oc-103">
         <name>.debug_info</name>
         <load_address>0x6492</load_address>
         <run_address>0x6492</run_address>
         <size>0x12a</size>
         <input_file_ref idref="fl-4"/>
      </object_component>
      <object_component id="oc-109">
         <name>.debug_info</name>
         <load_address>0x65bc</load_address>
         <run_address>0x65bc</run_address>
         <size>0x172</size>
         <input_file_ref idref="fl-4"/>
      </object_component>
      <object_component id="oc-199">
         <name>.debug_info</name>
         <load_address>0x672e</load_address>
         <run_address>0x672e</run_address>
         <size>0x179</size>
         <input_file_ref idref="fl-4"/>
      </object_component>
      <object_component id="oc-f1">
         <name>.debug_info</name>
         <load_address>0x68a7</load_address>
         <run_address>0x68a7</run_address>
         <size>0x192</size>
         <input_file_ref idref="fl-4"/>
      </object_component>
      <object_component id="oc-eb">
         <name>.debug_info</name>
         <load_address>0x6a39</load_address>
         <run_address>0x6a39</run_address>
         <size>0x188</size>
         <input_file_ref idref="fl-4"/>
      </object_component>
      <object_component id="oc-176">
         <name>.debug_info</name>
         <load_address>0x6bc1</load_address>
         <run_address>0x6bc1</run_address>
         <size>0x69</size>
         <input_file_ref idref="fl-4"/>
      </object_component>
      <object_component id="oc-7b">
         <name>.debug_info</name>
         <load_address>0x6c2a</load_address>
         <run_address>0x6c2a</run_address>
         <size>0x2e1</size>
         <input_file_ref idref="fl-5"/>
      </object_component>
      <object_component id="oc-27">
         <name>.debug_info</name>
         <load_address>0x6f0b</load_address>
         <run_address>0x6f0b</run_address>
         <size>0x10d</size>
         <input_file_ref idref="fl-5"/>
      </object_component>
      <object_component id="oc-6a">
         <name>.debug_info</name>
         <load_address>0x7018</load_address>
         <run_address>0x7018</run_address>
         <size>0x170</size>
         <input_file_ref idref="fl-5"/>
      </object_component>
      <object_component id="oc-71">
         <name>.debug_info</name>
         <load_address>0x7188</load_address>
         <run_address>0x7188</run_address>
         <size>0x158</size>
         <input_file_ref idref="fl-5"/>
      </object_component>
      <object_component id="oc-1fc">
         <name>.debug_info</name>
         <load_address>0x72e0</load_address>
         <run_address>0x72e0</run_address>
         <size>0x807</size>
         <input_file_ref idref="fl-10"/>
      </object_component>
      <object_component id="oc-ff">
         <name>.debug_info</name>
         <load_address>0x7ae7</load_address>
         <run_address>0x7ae7</run_address>
         <size>0x1e5</size>
         <input_file_ref idref="fl-10"/>
      </object_component>
      <object_component id="oc-1ff">
         <name>.debug_info</name>
         <load_address>0x7ccc</load_address>
         <run_address>0x7ccc</run_address>
         <size>0x431a</size>
         <input_file_ref idref="fl-10"/>
      </object_component>
      <object_component id="oc-22b">
         <name>.debug_info</name>
         <load_address>0xbfe6</load_address>
         <run_address>0xbfe6</run_address>
         <size>0x1b5</size>
         <input_file_ref idref="fl-10"/>
      </object_component>
      <object_component id="oc-209">
         <name>.debug_info</name>
         <load_address>0xc19b</load_address>
         <run_address>0xc19b</run_address>
         <size>0x26b</size>
         <input_file_ref idref="fl-10"/>
      </object_component>
      <object_component id="oc-204">
         <name>.debug_info</name>
         <load_address>0xc406</load_address>
         <run_address>0xc406</run_address>
         <size>0x1028</size>
         <input_file_ref idref="fl-10"/>
      </object_component>
      <object_component id="oc-1c7">
         <name>.debug_info</name>
         <load_address>0xd42e</load_address>
         <run_address>0xd42e</run_address>
         <size>0x297</size>
         <input_file_ref idref="fl-10"/>
      </object_component>
      <object_component id="oc-15b">
         <name>.debug_info</name>
         <load_address>0xd6c5</load_address>
         <run_address>0xd6c5</run_address>
         <size>0xef</size>
         <input_file_ref idref="fl-10"/>
      </object_component>
      <object_component id="oc-160">
         <name>.debug_info</name>
         <load_address>0xd7b4</load_address>
         <run_address>0xd7b4</run_address>
         <size>0xbb</size>
         <input_file_ref idref="fl-10"/>
      </object_component>
      <object_component id="oc-1d4">
         <name>.debug_info</name>
         <load_address>0xd86f</load_address>
         <run_address>0xd86f</run_address>
         <size>0x701</size>
         <input_file_ref idref="fl-11"/>
      </object_component>
      <object_component id="oc-193">
         <name>.debug_info</name>
         <load_address>0xdf70</load_address>
         <run_address>0xdf70</run_address>
         <size>0x135</size>
         <input_file_ref idref="fl-11"/>
      </object_component>
      <object_component id="oc-f8">
         <name>.debug_info</name>
         <load_address>0xe0a5</load_address>
         <run_address>0xe0a5</run_address>
         <size>0x252</size>
         <input_file_ref idref="fl-11"/>
      </object_component>
      <object_component id="oc-110">
         <name>.debug_info</name>
         <load_address>0xe2f7</load_address>
         <run_address>0xe2f7</run_address>
         <size>0x258</size>
         <input_file_ref idref="fl-11"/>
      </object_component>
      <object_component id="oc-1cf">
         <name>.debug_info</name>
         <load_address>0xe54f</load_address>
         <run_address>0xe54f</run_address>
         <size>0x6eb</size>
         <input_file_ref idref="fl-14"/>
      </object_component>
      <object_component id="oc-188">
         <name>.debug_info</name>
         <load_address>0xec3a</load_address>
         <run_address>0xec3a</run_address>
         <size>0x234</size>
         <input_file_ref idref="fl-14"/>
      </object_component>
      <object_component id="oc-155">
         <name>.debug_info</name>
         <load_address>0xee6e</load_address>
         <run_address>0xee6e</run_address>
         <size>0x229</size>
         <input_file_ref idref="fl-14"/>
      </object_component>
      <object_component id="oc-ba">
         <name>.debug_info</name>
         <load_address>0xf097</load_address>
         <run_address>0xf097</run_address>
         <size>0x26c</size>
         <input_file_ref idref="fl-14"/>
      </object_component>
      <object_component id="oc-20e">
         <name>.debug_info</name>
         <load_address>0xf303</load_address>
         <run_address>0xf303</run_address>
         <size>0x102</size>
         <input_file_ref idref="fl-14"/>
      </object_component>
      <object_component id="oc-e5">
         <name>.debug_info</name>
         <load_address>0xf405</load_address>
         <run_address>0xf405</run_address>
         <size>0x1c9</size>
         <input_file_ref idref="fl-15"/>
      </object_component>
      <object_component id="oc-92">
         <name>.debug_info</name>
         <load_address>0xf5ce</load_address>
         <run_address>0xf5ce</run_address>
         <size>0x2d4</size>
         <input_file_ref idref="fl-d5"/>
      </object_component>
      <object_component id="oc-45">
         <name>.debug_info</name>
         <load_address>0xf8a2</load_address>
         <run_address>0xf8a2</run_address>
         <size>0x1d2</size>
         <input_file_ref idref="fl-d5"/>
      </object_component>
      <object_component id="oc-8d">
         <name>.debug_info</name>
         <load_address>0xfa74</load_address>
         <run_address>0xfa74</run_address>
         <size>0x46</size>
         <input_file_ref idref="fl-d5"/>
      </object_component>
      <object_component id="oc-db">
         <name>.debug_info</name>
         <load_address>0xfaba</load_address>
         <run_address>0xfaba</run_address>
         <size>0x2c</size>
         <input_file_ref idref="fl-d5"/>
      </object_component>
      <object_component id="oc-1da">
         <name>.debug_info</name>
         <load_address>0xfae6</load_address>
         <run_address>0xfae6</run_address>
         <size>0x2b9</size>
         <input_file_ref idref="fl-d9"/>
      </object_component>
      <object_component id="oc-1a1">
         <name>.debug_info</name>
         <load_address>0xfd9f</load_address>
         <run_address>0xfd9f</run_address>
         <size>0x17c</size>
         <input_file_ref idref="fl-d9"/>
      </object_component>
      <object_component id="oc-217">
         <name>.debug_info</name>
         <load_address>0xff1b</load_address>
         <run_address>0xff1b</run_address>
         <size>0xf9</size>
         <input_file_ref idref="fl-da"/>
      </object_component>
      <object_component id="oc-1d7">
         <name>.debug_info</name>
         <load_address>0x10014</load_address>
         <run_address>0x10014</run_address>
         <size>0x105</size>
         <input_file_ref idref="fl-da"/>
      </object_component>
      <object_component id="oc-2a">
         <name>.debug_info</name>
         <load_address>0x10119</load_address>
         <run_address>0x10119</run_address>
         <size>0x10b</size>
         <input_file_ref idref="fl-dd"/>
      </object_component>
      <object_component id="oc-56">
         <name>.debug_info</name>
         <load_address>0x10224</load_address>
         <run_address>0x10224</run_address>
         <size>0x1a9</size>
         <input_file_ref idref="fl-dd"/>
      </object_component>
      <object_component id="oc-1b1">
         <name>.debug_info</name>
         <load_address>0x103cd</load_address>
         <run_address>0x103cd</run_address>
         <size>0x4b3</size>
         <input_file_ref idref="fl-e4"/>
      </object_component>
      <object_component id="oc-123">
         <name>.debug_info</name>
         <load_address>0x10880</load_address>
         <run_address>0x10880</run_address>
         <size>0x1a6</size>
         <input_file_ref idref="fl-e4"/>
      </object_component>
      <object_component id="oc-1eb">
         <name>.debug_info</name>
         <load_address>0x10a26</load_address>
         <run_address>0x10a26</run_address>
         <size>0x39</size>
         <input_file_ref idref="fl-e4"/>
      </object_component>
      <object_component id="oc-21d">
         <name>.debug_info</name>
         <load_address>0x10a5f</load_address>
         <run_address>0x10a5f</run_address>
         <size>0x39</size>
         <input_file_ref idref="fl-e4"/>
      </object_component>
      <object_component id="oc-1f0">
         <name>.debug_info</name>
         <load_address>0x10a98</load_address>
         <run_address>0x10a98</run_address>
         <size>0x39</size>
         <input_file_ref idref="fl-e4"/>
      </object_component>
      <object_component id="oc-1f5">
         <name>.debug_info</name>
         <load_address>0x10ad1</load_address>
         <run_address>0x10ad1</run_address>
         <size>0xcd</size>
         <input_file_ref idref="fl-e4"/>
      </object_component>
      <object_component id="oc-9a">
         <name>.debug_info</name>
         <load_address>0x10b9e</load_address>
         <run_address>0x10b9e</run_address>
         <size>0x153</size>
         <input_file_ref idref="fl-e5"/>
      </object_component>
      <object_component id="oc-119">
         <name>.debug_info</name>
         <load_address>0x10cf1</load_address>
         <run_address>0x10cf1</run_address>
         <size>0x122</size>
         <input_file_ref idref="fl-e7"/>
      </object_component>
      <object_component id="oc-266">
         <name>.debug_info</name>
         <load_address>0x10e13</load_address>
         <run_address>0x10e13</run_address>
         <size>0xb5</size>
      </object_component>
      <object_component id="oc-1cd">
         <name>.debug_line</name>
         <load_address>0x0</load_address>
         <run_address>0x0</run_address>
         <size>0x144</size>
         <input_file_ref idref="fl-2"/>
      </object_component>
      <object_component id="oc-a0">
         <name>.debug_line</name>
         <load_address>0x144</load_address>
         <run_address>0x144</run_address>
         <size>0x65</size>
         <input_file_ref idref="fl-2"/>
      </object_component>
      <object_component id="oc-d2">
         <name>.debug_line</name>
         <load_address>0x1a9</load_address>
         <run_address>0x1a9</run_address>
         <size>0x6f</size>
         <input_file_ref idref="fl-2"/>
      </object_component>
      <object_component id="oc-16f">
         <name>.debug_line</name>
         <load_address>0x218</load_address>
         <run_address>0x218</run_address>
         <size>0x78</size>
         <input_file_ref idref="fl-2"/>
      </object_component>
      <object_component id="oc-16a">
         <name>.debug_line</name>
         <load_address>0x290</load_address>
         <run_address>0x290</run_address>
         <size>0x7b</size>
         <input_file_ref idref="fl-2"/>
      </object_component>
      <object_component id="oc-cb">
         <name>.debug_line</name>
         <load_address>0x30b</load_address>
         <run_address>0x30b</run_address>
         <size>0x20</size>
         <input_file_ref idref="fl-2"/>
      </object_component>
      <object_component id="oc-183">
         <name>.debug_line</name>
         <load_address>0x32b</load_address>
         <run_address>0x32b</run_address>
         <size>0x73</size>
         <input_file_ref idref="fl-2"/>
      </object_component>
      <object_component id="oc-17e">
         <name>.debug_line</name>
         <load_address>0x39e</load_address>
         <run_address>0x39e</run_address>
         <size>0x6f</size>
         <input_file_ref idref="fl-2"/>
      </object_component>
      <object_component id="oc-c6">
         <name>.debug_line</name>
         <load_address>0x40d</load_address>
         <run_address>0x40d</run_address>
         <size>0x70</size>
         <input_file_ref idref="fl-2"/>
      </object_component>
      <object_component id="oc-174">
         <name>.debug_line</name>
         <load_address>0x47d</load_address>
         <run_address>0x47d</run_address>
         <size>0x7a</size>
         <input_file_ref idref="fl-2"/>
      </object_component>
      <object_component id="oc-b3">
         <name>.debug_line</name>
         <load_address>0x4f7</load_address>
         <run_address>0x4f7</run_address>
         <size>0x66</size>
         <input_file_ref idref="fl-3"/>
      </object_component>
      <object_component id="oc-35">
         <name>.debug_line</name>
         <load_address>0x55d</load_address>
         <run_address>0x55d</run_address>
         <size>0x20</size>
         <input_file_ref idref="fl-3"/>
      </object_component>
      <object_component id="oc-166">
         <name>.debug_line</name>
         <load_address>0x57d</load_address>
         <run_address>0x57d</run_address>
         <size>0x1c7</size>
         <input_file_ref idref="fl-4"/>
      </object_component>
      <object_component id="oc-1d1">
         <name>.debug_line</name>
         <load_address>0x744</load_address>
         <run_address>0x744</run_address>
         <size>0x37</size>
         <input_file_ref idref="fl-4"/>
      </object_component>
      <object_component id="oc-77">
         <name>.debug_line</name>
         <load_address>0x77b</load_address>
         <run_address>0x77b</run_address>
         <size>0x5e</size>
         <input_file_ref idref="fl-4"/>
      </object_component>
      <object_component id="oc-106">
         <name>.debug_line</name>
         <load_address>0x7d9</load_address>
         <run_address>0x7d9</run_address>
         <size>0x4c</size>
         <input_file_ref idref="fl-4"/>
      </object_component>
      <object_component id="oc-10c">
         <name>.debug_line</name>
         <load_address>0x825</load_address>
         <run_address>0x825</run_address>
         <size>0x51</size>
         <input_file_ref idref="fl-4"/>
      </object_component>
      <object_component id="oc-19c">
         <name>.debug_line</name>
         <load_address>0x876</load_address>
         <run_address>0x876</run_address>
         <size>0x65</size>
         <input_file_ref idref="fl-4"/>
      </object_component>
      <object_component id="oc-f5">
         <name>.debug_line</name>
         <load_address>0x8db</load_address>
         <run_address>0x8db</run_address>
         <size>0x62</size>
         <input_file_ref idref="fl-4"/>
      </object_component>
      <object_component id="oc-ee">
         <name>.debug_line</name>
         <load_address>0x93d</load_address>
         <run_address>0x93d</run_address>
         <size>0x58</size>
         <input_file_ref idref="fl-4"/>
      </object_component>
      <object_component id="oc-179">
         <name>.debug_line</name>
         <load_address>0x995</load_address>
         <run_address>0x995</run_address>
         <size>0x37</size>
         <input_file_ref idref="fl-4"/>
      </object_component>
      <object_component id="oc-ce">
         <name>.debug_line</name>
         <load_address>0x9cc</load_address>
         <run_address>0x9cc</run_address>
         <size>0x44</size>
         <input_file_ref idref="fl-5"/>
      </object_component>
      <object_component id="oc-7a">
         <name>.debug_line</name>
         <load_address>0xa10</load_address>
         <run_address>0xa10</run_address>
         <size>0x44</size>
         <input_file_ref idref="fl-5"/>
      </object_component>
      <object_component id="oc-6c">
         <name>.debug_line</name>
         <load_address>0xa54</load_address>
         <run_address>0xa54</run_address>
         <size>0x5d</size>
         <input_file_ref idref="fl-5"/>
      </object_component>
      <object_component id="oc-6f">
         <name>.debug_line</name>
         <load_address>0xab1</load_address>
         <run_address>0xab1</run_address>
         <size>0x59</size>
         <input_file_ref idref="fl-5"/>
      </object_component>
      <object_component id="oc-22a">
         <name>.debug_line</name>
         <load_address>0xb0a</load_address>
         <run_address>0xb0a</run_address>
         <size>0x8b</size>
         <input_file_ref idref="fl-10"/>
      </object_component>
      <object_component id="oc-fe">
         <name>.debug_line</name>
         <load_address>0xb95</load_address>
         <run_address>0xb95</run_address>
         <size>0x69</size>
         <input_file_ref idref="fl-10"/>
      </object_component>
      <object_component id="oc-202">
         <name>.debug_line</name>
         <load_address>0xbfe</load_address>
         <run_address>0xbfe</run_address>
         <size>0x51</size>
         <input_file_ref idref="fl-10"/>
      </object_component>
      <object_component id="oc-22e">
         <name>.debug_line</name>
         <load_address>0xc4f</load_address>
         <run_address>0xc4f</run_address>
         <size>0x55</size>
         <input_file_ref idref="fl-10"/>
      </object_component>
      <object_component id="oc-20c">
         <name>.debug_line</name>
         <load_address>0xca4</load_address>
         <run_address>0xca4</run_address>
         <size>0x51</size>
         <input_file_ref idref="fl-10"/>
      </object_component>
      <object_component id="oc-207">
         <name>.debug_line</name>
         <load_address>0xcf5</load_address>
         <run_address>0xcf5</run_address>
         <size>0x4f</size>
         <input_file_ref idref="fl-10"/>
      </object_component>
      <object_component id="oc-1ca">
         <name>.debug_line</name>
         <load_address>0xd44</load_address>
         <run_address>0xd44</run_address>
         <size>0x55</size>
         <input_file_ref idref="fl-10"/>
      </object_component>
      <object_component id="oc-15e">
         <name>.debug_line</name>
         <load_address>0xd99</load_address>
         <run_address>0xd99</run_address>
         <size>0x51</size>
         <input_file_ref idref="fl-10"/>
      </object_component>
      <object_component id="oc-163">
         <name>.debug_line</name>
         <load_address>0xdea</load_address>
         <run_address>0xdea</run_address>
         <size>0x52</size>
         <input_file_ref idref="fl-10"/>
      </object_component>
      <object_component id="oc-214">
         <name>.debug_line</name>
         <load_address>0xe3c</load_address>
         <run_address>0xe3c</run_address>
         <size>0x56</size>
         <input_file_ref idref="fl-11"/>
      </object_component>
      <object_component id="oc-1d3">
         <name>.debug_line</name>
         <load_address>0xe92</load_address>
         <run_address>0xe92</run_address>
         <size>0x51</size>
         <input_file_ref idref="fl-11"/>
      </object_component>
      <object_component id="oc-f7">
         <name>.debug_line</name>
         <load_address>0xee3</load_address>
         <run_address>0xee3</run_address>
         <size>0x6e</size>
         <input_file_ref idref="fl-11"/>
      </object_component>
      <object_component id="oc-10f">
         <name>.debug_line</name>
         <load_address>0xf51</load_address>
         <run_address>0xf51</run_address>
         <size>0x6c</size>
         <input_file_ref idref="fl-11"/>
      </object_component>
      <object_component id="oc-1fe">
         <name>.debug_line</name>
         <load_address>0xfbd</load_address>
         <run_address>0xfbd</run_address>
         <size>0x56</size>
         <input_file_ref idref="fl-14"/>
      </object_component>
      <object_component id="oc-18b">
         <name>.debug_line</name>
         <load_address>0x1013</load_address>
         <run_address>0x1013</run_address>
         <size>0x9f</size>
         <input_file_ref idref="fl-14"/>
      </object_component>
      <object_component id="oc-158">
         <name>.debug_line</name>
         <load_address>0x10b2</load_address>
         <run_address>0x10b2</run_address>
         <size>0x69</size>
         <input_file_ref idref="fl-14"/>
      </object_component>
      <object_component id="oc-be">
         <name>.debug_line</name>
         <load_address>0x111b</load_address>
         <run_address>0x111b</run_address>
         <size>0x8e</size>
         <input_file_ref idref="fl-14"/>
      </object_component>
      <object_component id="oc-211">
         <name>.debug_line</name>
         <load_address>0x11a9</load_address>
         <run_address>0x11a9</run_address>
         <size>0x51</size>
         <input_file_ref idref="fl-14"/>
      </object_component>
      <object_component id="oc-e8">
         <name>.debug_line</name>
         <load_address>0x11fa</load_address>
         <run_address>0x11fa</run_address>
         <size>0x6a</size>
         <input_file_ref idref="fl-15"/>
      </object_component>
      <object_component id="oc-e1">
         <name>.debug_line</name>
         <load_address>0x1264</load_address>
         <run_address>0x1264</run_address>
         <size>0x92</size>
         <input_file_ref idref="fl-d5"/>
      </object_component>
      <object_component id="oc-47">
         <name>.debug_line</name>
         <load_address>0x12f6</load_address>
         <run_address>0x12f6</run_address>
         <size>0x56</size>
         <input_file_ref idref="fl-d5"/>
      </object_component>
      <object_component id="oc-90">
         <name>.debug_line</name>
         <load_address>0x134c</load_address>
         <run_address>0x134c</run_address>
         <size>0x34</size>
         <input_file_ref idref="fl-d5"/>
      </object_component>
      <object_component id="oc-de">
         <name>.debug_line</name>
         <load_address>0x1380</load_address>
         <run_address>0x1380</run_address>
         <size>0x92</size>
         <input_file_ref idref="fl-d5"/>
      </object_component>
      <object_component id="oc-219">
         <name>.debug_line</name>
         <load_address>0x1412</load_address>
         <run_address>0x1412</run_address>
         <size>0x91</size>
         <input_file_ref idref="fl-d9"/>
      </object_component>
      <object_component id="oc-19f">
         <name>.debug_line</name>
         <load_address>0x14a3</load_address>
         <run_address>0x14a3</run_address>
         <size>0x63</size>
         <input_file_ref idref="fl-d9"/>
      </object_component>
      <object_component id="oc-231">
         <name>.debug_line</name>
         <load_address>0x1506</load_address>
         <run_address>0x1506</run_address>
         <size>0x20</size>
         <input_file_ref idref="fl-da"/>
      </object_component>
      <object_component id="oc-216">
         <name>.debug_line</name>
         <load_address>0x1526</load_address>
         <run_address>0x1526</run_address>
         <size>0x2b</size>
         <input_file_ref idref="fl-da"/>
      </object_component>
      <object_component id="oc-7d">
         <name>.debug_line</name>
         <load_address>0x1551</load_address>
         <run_address>0x1551</run_address>
         <size>0x33</size>
         <input_file_ref idref="fl-dd"/>
      </object_component>
      <object_component id="oc-5a">
         <name>.debug_line</name>
         <load_address>0x1584</load_address>
         <run_address>0x1584</run_address>
         <size>0x45</size>
         <input_file_ref idref="fl-dd"/>
      </object_component>
      <object_component id="oc-1ea">
         <name>.debug_line</name>
         <load_address>0x15c9</load_address>
         <run_address>0x15c9</run_address>
         <size>0xbf</size>
         <input_file_ref idref="fl-e4"/>
      </object_component>
      <object_component id="oc-122">
         <name>.debug_line</name>
         <load_address>0x1688</load_address>
         <run_address>0x1688</run_address>
         <size>0x6f</size>
         <input_file_ref idref="fl-e4"/>
      </object_component>
      <object_component id="oc-1ee">
         <name>.debug_line</name>
         <load_address>0x16f7</load_address>
         <run_address>0x16f7</run_address>
         <size>0x2e</size>
         <input_file_ref idref="fl-e4"/>
      </object_component>
      <object_component id="oc-220">
         <name>.debug_line</name>
         <load_address>0x1725</load_address>
         <run_address>0x1725</run_address>
         <size>0x9a</size>
         <input_file_ref idref="fl-e4"/>
      </object_component>
      <object_component id="oc-1f3">
         <name>.debug_line</name>
         <load_address>0x17bf</load_address>
         <run_address>0x17bf</run_address>
         <size>0x97</size>
         <input_file_ref idref="fl-e4"/>
      </object_component>
      <object_component id="oc-1f8">
         <name>.debug_line</name>
         <load_address>0x1856</load_address>
         <run_address>0x1856</run_address>
         <size>0x93</size>
         <input_file_ref idref="fl-e4"/>
      </object_component>
      <object_component id="oc-9e">
         <name>.debug_line</name>
         <load_address>0x18e9</load_address>
         <run_address>0x18e9</run_address>
         <size>0x40</size>
         <input_file_ref idref="fl-e5"/>
      </object_component>
      <object_component id="oc-118">
         <name>.debug_line</name>
         <load_address>0x1929</load_address>
         <run_address>0x1929</run_address>
         <size>0x3c</size>
         <input_file_ref idref="fl-e7"/>
      </object_component>
      <object_component id="oc-a4">
         <name>.debug_frame</name>
         <load_address>0x0</load_address>
         <run_address>0x0</run_address>
         <size>0x5c</size>
         <input_file_ref idref="fl-2"/>
      </object_component>
      <object_component id="oc-b6">
         <name>.debug_frame</name>
         <load_address>0x5c</load_address>
         <run_address>0x5c</run_address>
         <size>0x54</size>
         <input_file_ref idref="fl-3"/>
      </object_component>
      <object_component id="oc-78">
         <name>.debug_frame</name>
         <load_address>0xb0</load_address>
         <run_address>0xb0</run_address>
         <size>0x5c</size>
         <input_file_ref idref="fl-4"/>
      </object_component>
      <object_component id="oc-107">
         <name>.debug_frame</name>
         <load_address>0x10c</load_address>
         <run_address>0x10c</run_address>
         <size>0x54</size>
         <input_file_ref idref="fl-4"/>
      </object_component>
      <object_component id="oc-10d">
         <name>.debug_frame</name>
         <load_address>0x160</load_address>
         <run_address>0x160</run_address>
         <size>0x5c</size>
         <input_file_ref idref="fl-4"/>
      </object_component>
      <object_component id="oc-19d">
         <name>.debug_frame</name>
         <load_address>0x1bc</load_address>
         <run_address>0x1bc</run_address>
         <size>0x58</size>
         <input_file_ref idref="fl-4"/>
      </object_component>
      <object_component id="oc-f4">
         <name>.debug_frame</name>
         <load_address>0x214</load_address>
         <run_address>0x214</run_address>
         <size>0x5c</size>
         <input_file_ref idref="fl-4"/>
      </object_component>
      <object_component id="oc-ef">
         <name>.debug_frame</name>
         <load_address>0x270</load_address>
         <run_address>0x270</run_address>
         <size>0x58</size>
         <input_file_ref idref="fl-4"/>
      </object_component>
      <object_component id="oc-69">
         <name>.debug_frame</name>
         <load_address>0x2c8</load_address>
         <run_address>0x2c8</run_address>
         <size>0x58</size>
         <input_file_ref idref="fl-5"/>
      </object_component>
      <object_component id="oc-70">
         <name>.debug_frame</name>
         <load_address>0x320</load_address>
         <run_address>0x320</run_address>
         <size>0x54</size>
         <input_file_ref idref="fl-5"/>
      </object_component>
      <object_component id="oc-fd">
         <name>.debug_frame</name>
         <load_address>0x374</load_address>
         <run_address>0x374</run_address>
         <size>0x58</size>
         <input_file_ref idref="fl-10"/>
      </object_component>
      <object_component id="oc-fb">
         <name>.debug_frame</name>
         <load_address>0x3cc</load_address>
         <run_address>0x3cc</run_address>
         <size>0x58</size>
         <input_file_ref idref="fl-11"/>
      </object_component>
      <object_component id="oc-113">
         <name>.debug_frame</name>
         <load_address>0x424</load_address>
         <run_address>0x424</run_address>
         <size>0x58</size>
         <input_file_ref idref="fl-11"/>
      </object_component>
      <object_component id="oc-18c">
         <name>.debug_frame</name>
         <load_address>0x47c</load_address>
         <run_address>0x47c</run_address>
         <size>0x58</size>
         <input_file_ref idref="fl-14"/>
      </object_component>
      <object_component id="oc-159">
         <name>.debug_frame</name>
         <load_address>0x4d4</load_address>
         <run_address>0x4d4</run_address>
         <size>0x58</size>
         <input_file_ref idref="fl-14"/>
      </object_component>
      <object_component id="oc-bd">
         <name>.debug_frame</name>
         <load_address>0x52c</load_address>
         <run_address>0x52c</run_address>
         <size>0x5c</size>
         <input_file_ref idref="fl-14"/>
      </object_component>
      <object_component id="oc-e9">
         <name>.debug_frame</name>
         <load_address>0x588</load_address>
         <run_address>0x588</run_address>
         <size>0x58</size>
         <input_file_ref idref="fl-15"/>
      </object_component>
      <object_component id="oc-48">
         <name>.debug_frame</name>
         <load_address>0x5e0</load_address>
         <run_address>0x5e0</run_address>
         <size>0x54</size>
         <input_file_ref idref="fl-d5"/>
      </object_component>
      <object_component id="oc-1a3">
         <name>.debug_frame</name>
         <load_address>0x634</load_address>
         <run_address>0x634</run_address>
         <size>0x5c</size>
         <input_file_ref idref="fl-d9"/>
      </object_component>
      <object_component id="oc-59">
         <name>.debug_frame</name>
         <load_address>0x690</load_address>
         <run_address>0x690</run_address>
         <size>0x50</size>
         <input_file_ref idref="fl-dd"/>
      </object_component>
      <object_component id="oc-126">
         <name>.debug_frame</name>
         <load_address>0x6e0</load_address>
         <run_address>0x6e0</run_address>
         <size>0x5c</size>
         <input_file_ref idref="fl-e4"/>
      </object_component>
      <object_component id="oc-9d">
         <name>.debug_frame</name>
         <load_address>0x73c</load_address>
         <run_address>0x73c</run_address>
         <size>0x54</size>
         <input_file_ref idref="fl-e5"/>
      </object_component>
      <object_component id="oc-116">
         <name>.debug_frame</name>
         <load_address>0x790</load_address>
         <run_address>0x790</run_address>
         <size>0x54</size>
         <input_file_ref idref="fl-e7"/>
      </object_component>
      <object_component id="oc-1cc">
         <name>.debug_abbrev</name>
         <load_address>0x0</load_address>
         <run_address>0x0</run_address>
         <size>0xde</size>
         <input_file_ref idref="fl-2"/>
      </object_component>
      <object_component id="oc-114">
         <name>.debug_abbrev</name>
         <load_address>0xde</load_address>
         <run_address>0xde</run_address>
         <size>0x62</size>
         <input_file_ref idref="fl-2"/>
      </object_component>
      <object_component id="oc-d1">
         <name>.debug_abbrev</name>
         <load_address>0x140</load_address>
         <run_address>0x140</run_address>
         <size>0x69</size>
         <input_file_ref idref="fl-2"/>
      </object_component>
      <object_component id="oc-16e">
         <name>.debug_abbrev</name>
         <load_address>0x1a9</load_address>
         <run_address>0x1a9</run_address>
         <size>0x97</size>
         <input_file_ref idref="fl-2"/>
      </object_component>
      <object_component id="oc-169">
         <name>.debug_abbrev</name>
         <load_address>0x240</load_address>
         <run_address>0x240</run_address>
         <size>0xbd</size>
         <input_file_ref idref="fl-2"/>
      </object_component>
      <object_component id="oc-ca">
         <name>.debug_abbrev</name>
         <load_address>0x2fd</load_address>
         <run_address>0x2fd</run_address>
         <size>0x1f</size>
         <input_file_ref idref="fl-2"/>
      </object_component>
      <object_component id="oc-182">
         <name>.debug_abbrev</name>
         <load_address>0x31c</load_address>
         <run_address>0x31c</run_address>
         <size>0x5c</size>
         <input_file_ref idref="fl-2"/>
      </object_component>
      <object_component id="oc-17d">
         <name>.debug_abbrev</name>
         <load_address>0x378</load_address>
         <run_address>0x378</run_address>
         <size>0x24</size>
         <input_file_ref idref="fl-2"/>
      </object_component>
      <object_component id="oc-c5">
         <name>.debug_abbrev</name>
         <load_address>0x39c</load_address>
         <run_address>0x39c</run_address>
         <size>0x24</size>
         <input_file_ref idref="fl-2"/>
      </object_component>
      <object_component id="oc-173">
         <name>.debug_abbrev</name>
         <load_address>0x3c0</load_address>
         <run_address>0x3c0</run_address>
         <size>0x4b</size>
         <input_file_ref idref="fl-2"/>
      </object_component>
      <object_component id="oc-153">
         <name>.debug_abbrev</name>
         <load_address>0x40b</load_address>
         <run_address>0x40b</run_address>
         <size>0x50</size>
         <input_file_ref idref="fl-3"/>
      </object_component>
      <object_component id="oc-34">
         <name>.debug_abbrev</name>
         <load_address>0x45b</load_address>
         <run_address>0x45b</run_address>
         <size>0x1f</size>
         <input_file_ref idref="fl-3"/>
      </object_component>
      <object_component id="oc-165">
         <name>.debug_abbrev</name>
         <load_address>0x47a</load_address>
         <run_address>0x47a</run_address>
         <size>0x102</size>
         <input_file_ref idref="fl-4"/>
      </object_component>
      <object_component id="oc-1d0">
         <name>.debug_abbrev</name>
         <load_address>0x57c</load_address>
         <run_address>0x57c</run_address>
         <size>0x29</size>
         <input_file_ref idref="fl-4"/>
      </object_component>
      <object_component id="oc-c2">
         <name>.debug_abbrev</name>
         <load_address>0x5a5</load_address>
         <run_address>0x5a5</run_address>
         <size>0x7b</size>
         <input_file_ref idref="fl-4"/>
      </object_component>
      <object_component id="oc-197">
         <name>.debug_abbrev</name>
         <load_address>0x620</load_address>
         <run_address>0x620</run_address>
         <size>0x52</size>
         <input_file_ref idref="fl-4"/>
      </object_component>
      <object_component id="oc-1a4">
         <name>.debug_abbrev</name>
         <load_address>0x672</load_address>
         <run_address>0x672</run_address>
         <size>0x6e</size>
         <input_file_ref idref="fl-4"/>
      </object_component>
      <object_component id="oc-1d5">
         <name>.debug_abbrev</name>
         <load_address>0x6e0</load_address>
         <run_address>0x6e0</run_address>
         <size>0x6c</size>
         <input_file_ref idref="fl-4"/>
      </object_component>
      <object_component id="oc-191">
         <name>.debug_abbrev</name>
         <load_address>0x74c</load_address>
         <run_address>0x74c</run_address>
         <size>0x7b</size>
         <input_file_ref idref="fl-4"/>
      </object_component>
      <object_component id="oc-190">
         <name>.debug_abbrev</name>
         <load_address>0x7c7</load_address>
         <run_address>0x7c7</run_address>
         <size>0x6d</size>
         <input_file_ref idref="fl-4"/>
      </object_component>
      <object_component id="oc-178">
         <name>.debug_abbrev</name>
         <load_address>0x834</load_address>
         <run_address>0x834</run_address>
         <size>0x3a</size>
         <input_file_ref idref="fl-4"/>
      </object_component>
      <object_component id="oc-cd">
         <name>.debug_abbrev</name>
         <load_address>0x86e</load_address>
         <run_address>0x86e</run_address>
         <size>0x7c</size>
         <input_file_ref idref="fl-5"/>
      </object_component>
      <object_component id="oc-79">
         <name>.debug_abbrev</name>
         <load_address>0x8ea</load_address>
         <run_address>0x8ea</run_address>
         <size>0x29</size>
         <input_file_ref idref="fl-5"/>
      </object_component>
      <object_component id="oc-b7">
         <name>.debug_abbrev</name>
         <load_address>0x913</load_address>
         <run_address>0x913</run_address>
         <size>0x5e</size>
         <input_file_ref idref="fl-5"/>
      </object_component>
      <object_component id="oc-b8">
         <name>.debug_abbrev</name>
         <load_address>0x971</load_address>
         <run_address>0x971</run_address>
         <size>0x42</size>
         <input_file_ref idref="fl-5"/>
      </object_component>
      <object_component id="oc-229">
         <name>.debug_abbrev</name>
         <load_address>0x9b3</load_address>
         <run_address>0x9b3</run_address>
         <size>0xd1</size>
         <input_file_ref idref="fl-10"/>
      </object_component>
      <object_component id="oc-196">
         <name>.debug_abbrev</name>
         <load_address>0xa84</load_address>
         <run_address>0xa84</run_address>
         <size>0x6c</size>
         <input_file_ref idref="fl-10"/>
      </object_component>
      <object_component id="oc-201">
         <name>.debug_abbrev</name>
         <load_address>0xaf0</load_address>
         <run_address>0xaf0</run_address>
         <size>0xbd</size>
         <input_file_ref idref="fl-10"/>
      </object_component>
      <object_component id="oc-22d">
         <name>.debug_abbrev</name>
         <load_address>0xbad</load_address>
         <run_address>0xbad</run_address>
         <size>0x49</size>
         <input_file_ref idref="fl-10"/>
      </object_component>
      <object_component id="oc-20b">
         <name>.debug_abbrev</name>
         <load_address>0xbf6</load_address>
         <run_address>0xbf6</run_address>
         <size>0x69</size>
         <input_file_ref idref="fl-10"/>
      </object_component>
      <object_component id="oc-206">
         <name>.debug_abbrev</name>
         <load_address>0xc5f</load_address>
         <run_address>0xc5f</run_address>
         <size>0x97</size>
         <input_file_ref idref="fl-10"/>
      </object_component>
      <object_component id="oc-1c9">
         <name>.debug_abbrev</name>
         <load_address>0xcf6</load_address>
         <run_address>0xcf6</run_address>
         <size>0x5c</size>
         <input_file_ref idref="fl-10"/>
      </object_component>
      <object_component id="oc-15d">
         <name>.debug_abbrev</name>
         <load_address>0xd52</load_address>
         <run_address>0xd52</run_address>
         <size>0x24</size>
         <input_file_ref idref="fl-10"/>
      </object_component>
      <object_component id="oc-162">
         <name>.debug_abbrev</name>
         <load_address>0xd76</load_address>
         <run_address>0xd76</run_address>
         <size>0x24</size>
         <input_file_ref idref="fl-10"/>
      </object_component>
      <object_component id="oc-213">
         <name>.debug_abbrev</name>
         <load_address>0xd9a</load_address>
         <run_address>0xd9a</run_address>
         <size>0xbb</size>
         <input_file_ref idref="fl-11"/>
      </object_component>
      <object_component id="oc-1d2">
         <name>.debug_abbrev</name>
         <load_address>0xe55</load_address>
         <run_address>0xe55</run_address>
         <size>0x27</size>
         <input_file_ref idref="fl-11"/>
      </object_component>
      <object_component id="oc-195">
         <name>.debug_abbrev</name>
         <load_address>0xe7c</load_address>
         <run_address>0xe7c</run_address>
         <size>0x6c</size>
         <input_file_ref idref="fl-11"/>
      </object_component>
      <object_component id="oc-1a5">
         <name>.debug_abbrev</name>
         <load_address>0xee8</load_address>
         <run_address>0xee8</run_address>
         <size>0x6c</size>
         <input_file_ref idref="fl-11"/>
      </object_component>
      <object_component id="oc-1fd">
         <name>.debug_abbrev</name>
         <load_address>0xf54</load_address>
         <run_address>0xf54</run_address>
         <size>0xbb</size>
         <input_file_ref idref="fl-14"/>
      </object_component>
      <object_component id="oc-1ce">
         <name>.debug_abbrev</name>
         <load_address>0x100f</load_address>
         <run_address>0x100f</run_address>
         <size>0x6e</size>
         <input_file_ref idref="fl-14"/>
      </object_component>
      <object_component id="oc-1c6">
         <name>.debug_abbrev</name>
         <load_address>0x107d</load_address>
         <run_address>0x107d</run_address>
         <size>0x6e</size>
         <input_file_ref idref="fl-14"/>
      </object_component>
      <object_component id="oc-15a">
         <name>.debug_abbrev</name>
         <load_address>0x10eb</load_address>
         <run_address>0x10eb</run_address>
         <size>0x7c</size>
         <input_file_ref idref="fl-14"/>
      </object_component>
      <object_component id="oc-210">
         <name>.debug_abbrev</name>
         <load_address>0x1167</load_address>
         <run_address>0x1167</run_address>
         <size>0x4b</size>
         <input_file_ref idref="fl-14"/>
      </object_component>
      <object_component id="oc-186">
         <name>.debug_abbrev</name>
         <load_address>0x11b2</load_address>
         <run_address>0x11b2</run_address>
         <size>0x5e</size>
         <input_file_ref idref="fl-15"/>
      </object_component>
      <object_component id="oc-e0">
         <name>.debug_abbrev</name>
         <load_address>0x1210</load_address>
         <run_address>0x1210</run_address>
         <size>0x5d</size>
         <input_file_ref idref="fl-d5"/>
      </object_component>
      <object_component id="oc-8c">
         <name>.debug_abbrev</name>
         <load_address>0x126d</load_address>
         <run_address>0x126d</run_address>
         <size>0x6f</size>
         <input_file_ref idref="fl-d5"/>
      </object_component>
      <object_component id="oc-8f">
         <name>.debug_abbrev</name>
         <load_address>0x12dc</load_address>
         <run_address>0x12dc</run_address>
         <size>0x24</size>
         <input_file_ref idref="fl-d5"/>
      </object_component>
      <object_component id="oc-dd">
         <name>.debug_abbrev</name>
         <load_address>0x1300</load_address>
         <run_address>0x1300</run_address>
         <size>0x24</size>
         <input_file_ref idref="fl-d5"/>
      </object_component>
      <object_component id="oc-218">
         <name>.debug_abbrev</name>
         <load_address>0x1324</load_address>
         <run_address>0x1324</run_address>
         <size>0x58</size>
         <input_file_ref idref="fl-d9"/>
      </object_component>
      <object_component id="oc-1d9">
         <name>.debug_abbrev</name>
         <load_address>0x137c</load_address>
         <run_address>0x137c</run_address>
         <size>0x71</size>
         <input_file_ref idref="fl-d9"/>
      </object_component>
      <object_component id="oc-230">
         <name>.debug_abbrev</name>
         <load_address>0x13ed</load_address>
         <run_address>0x13ed</run_address>
         <size>0x2e</size>
         <input_file_ref idref="fl-da"/>
      </object_component>
      <object_component id="oc-215">
         <name>.debug_abbrev</name>
         <load_address>0x141b</load_address>
         <run_address>0x141b</run_address>
         <size>0x29</size>
         <input_file_ref idref="fl-da"/>
      </object_component>
      <object_component id="oc-7c">
         <name>.debug_abbrev</name>
         <load_address>0x1444</load_address>
         <run_address>0x1444</run_address>
         <size>0x29</size>
         <input_file_ref idref="fl-dd"/>
      </object_component>
      <object_component id="oc-a8">
         <name>.debug_abbrev</name>
         <load_address>0x146d</load_address>
         <run_address>0x146d</run_address>
         <size>0x55</size>
         <input_file_ref idref="fl-dd"/>
      </object_component>
      <object_component id="oc-1e9">
         <name>.debug_abbrev</name>
         <load_address>0x14c2</load_address>
         <run_address>0x14c2</run_address>
         <size>0xc0</size>
         <input_file_ref idref="fl-e4"/>
      </object_component>
      <object_component id="oc-1b0">
         <name>.debug_abbrev</name>
         <load_address>0x1582</load_address>
         <run_address>0x1582</run_address>
         <size>0x7e</size>
         <input_file_ref idref="fl-e4"/>
      </object_component>
      <object_component id="oc-1ed">
         <name>.debug_abbrev</name>
         <load_address>0x1600</load_address>
         <run_address>0x1600</run_address>
         <size>0x24</size>
         <input_file_ref idref="fl-e4"/>
      </object_component>
      <object_component id="oc-21f">
         <name>.debug_abbrev</name>
         <load_address>0x1624</load_address>
         <run_address>0x1624</run_address>
         <size>0x24</size>
         <input_file_ref idref="fl-e4"/>
      </object_component>
      <object_component id="oc-1f2">
         <name>.debug_abbrev</name>
         <load_address>0x1648</load_address>
         <run_address>0x1648</run_address>
         <size>0x24</size>
         <input_file_ref idref="fl-e4"/>
      </object_component>
      <object_component id="oc-1f7">
         <name>.debug_abbrev</name>
         <load_address>0x166c</load_address>
         <run_address>0x166c</run_address>
         <size>0x4b</size>
         <input_file_ref idref="fl-e4"/>
      </object_component>
      <object_component id="oc-e3">
         <name>.debug_abbrev</name>
         <load_address>0x16b7</load_address>
         <run_address>0x16b7</run_address>
         <size>0x55</size>
         <input_file_ref idref="fl-e5"/>
      </object_component>
      <object_component id="oc-1a6">
         <name>.debug_abbrev</name>
         <load_address>0x170c</load_address>
         <run_address>0x170c</run_address>
         <size>0x45</size>
         <input_file_ref idref="fl-e7"/>
      </object_component>
      <object_component id="oc-267">
         <name>.debug_abbrev</name>
         <load_address>0x1751</load_address>
         <run_address>0x1751</run_address>
         <size>0xf</size>
      </object_component>
      <object_component id="oc-d3">
         <name>.debug_str</name>
         <load_address>0x0</load_address>
         <run_address>0x0</run_address>
         <size>0x2c6</size>
         <input_file_ref idref="fl-2"/>
      </object_component>
      <object_component id="oc-170">
         <name>.debug_str</name>
         <load_address>0x2c6</load_address>
         <run_address>0x2c6</run_address>
         <size>0x4a8</size>
         <input_file_ref idref="fl-2"/>
      </object_component>
      <object_component id="oc-16b">
         <name>.debug_str</name>
         <load_address>0x76e</load_address>
         <run_address>0x76e</run_address>
         <size>0x1602</size>
         <input_file_ref idref="fl-2"/>
      </object_component>
      <object_component id="oc-cc">
         <name>.debug_str</name>
         <load_address>0x1d70</load_address>
         <run_address>0x1d70</run_address>
         <size>0xfd</size>
         <input_file_ref idref="fl-2"/>
      </object_component>
      <object_component id="oc-184">
         <name>.debug_str</name>
         <load_address>0x1e6d</load_address>
         <run_address>0x1e6d</run_address>
         <size>0x35c</size>
         <input_file_ref idref="fl-2"/>
      </object_component>
      <object_component id="oc-17f">
         <name>.debug_str</name>
         <load_address>0x21c9</load_address>
         <run_address>0x21c9</run_address>
         <size>0x1d1</size>
         <input_file_ref idref="fl-2"/>
      </object_component>
      <object_component id="oc-c7">
         <name>.debug_str</name>
         <load_address>0x239a</load_address>
         <run_address>0x239a</run_address>
         <size>0x15e</size>
         <input_file_ref idref="fl-2"/>
      </object_component>
      <object_component id="oc-175">
         <name>.debug_str</name>
         <load_address>0x24f8</load_address>
         <run_address>0x24f8</run_address>
         <size>0x1b0</size>
         <input_file_ref idref="fl-2"/>
      </object_component>
      <object_component id="oc-36">
         <name>.debug_str</name>
         <load_address>0x26a8</load_address>
         <run_address>0x26a8</run_address>
         <size>0xfd</size>
         <input_file_ref idref="fl-3"/>
      </object_component>
      <object_component id="oc-17a">
         <name>.debug_str</name>
         <load_address>0x27a5</load_address>
         <run_address>0x27a5</run_address>
         <size>0xd8</size>
         <input_file_ref idref="fl-4"/>
      </object_component>
      <object_component id="oc-203">
         <name>.debug_str</name>
         <load_address>0x287d</load_address>
         <run_address>0x287d</run_address>
         <size>0x1874</size>
         <input_file_ref idref="fl-10"/>
      </object_component>
      <object_component id="oc-22f">
         <name>.debug_str</name>
         <load_address>0x40f1</load_address>
         <run_address>0x40f1</run_address>
         <size>0x2a2</size>
         <input_file_ref idref="fl-10"/>
      </object_component>
      <object_component id="oc-20d">
         <name>.debug_str</name>
         <load_address>0x4393</load_address>
         <run_address>0x4393</run_address>
         <size>0x2c1</size>
         <input_file_ref idref="fl-10"/>
      </object_component>
      <object_component id="oc-208">
         <name>.debug_str</name>
         <load_address>0x4654</load_address>
         <run_address>0x4654</run_address>
         <size>0x498</size>
         <input_file_ref idref="fl-10"/>
      </object_component>
      <object_component id="oc-1cb">
         <name>.debug_str</name>
         <load_address>0x4aec</load_address>
         <run_address>0x4aec</run_address>
         <size>0x350</size>
         <input_file_ref idref="fl-10"/>
      </object_component>
      <object_component id="oc-15f">
         <name>.debug_str</name>
         <load_address>0x4e3c</load_address>
         <run_address>0x4e3c</run_address>
         <size>0x1cc</size>
         <input_file_ref idref="fl-10"/>
      </object_component>
      <object_component id="oc-164">
         <name>.debug_str</name>
         <load_address>0x5008</load_address>
         <run_address>0x5008</run_address>
         <size>0x159</size>
         <input_file_ref idref="fl-10"/>
      </object_component>
      <object_component id="oc-212">
         <name>.debug_str</name>
         <load_address>0x5161</load_address>
         <run_address>0x5161</run_address>
         <size>0x1a1</size>
         <input_file_ref idref="fl-14"/>
      </object_component>
      <object_component id="oc-91">
         <name>.debug_str</name>
         <load_address>0x5302</load_address>
         <run_address>0x5302</run_address>
         <size>0x105</size>
         <input_file_ref idref="fl-d5"/>
      </object_component>
      <object_component id="oc-df">
         <name>.debug_str</name>
         <load_address>0x5407</load_address>
         <run_address>0x5407</run_address>
         <size>0x140</size>
         <input_file_ref idref="fl-d5"/>
      </object_component>
      <object_component id="oc-1ef">
         <name>.debug_str</name>
         <load_address>0x5547</load_address>
         <run_address>0x5547</run_address>
         <size>0xed</size>
         <input_file_ref idref="fl-e4"/>
      </object_component>
      <object_component id="oc-221">
         <name>.debug_str</name>
         <load_address>0x5634</load_address>
[...]
      </logical_group>
      <logical_group id="lg-257" display="never" color="cyan">
         <name>.debug_pubtypes</name>
         <load_address>0x0</load_address>
         <run_address>0x0</run_address>
         <size>0x1a88</size>
         <contents>
            <object_component_ref idref="oc-d0"/>
            <object_component_ref idref="oc-16d"/>
            <object_component_ref idref="oc-168"/>
            <object_component_ref idref="oc-c9"/>
            <object_component_ref idref="oc-181"/>
            <object_component_ref idref="oc-17c"/>
            <object_component_ref idref="oc-c4"/>
            <object_component_ref idref="oc-172"/>
            <object_component_ref idref="oc-33"/>
            <object_component_ref idref="oc-177"/>
            <object_component_ref idref="oc-200"/>
            <object_component_ref idref="oc-22c"/>
            <object_component_ref idref="oc-20a"/>
            <object_component_ref idref="oc-205"/>
            <object_component_ref idref="oc-1c8"/>
            <object_component_ref idref="oc-15c"/>
            <object_component_ref idref="oc-161"/>
            <object_component_ref idref="oc-20f"/>
            <object_component_ref idref="oc-8e"/>
            <object_component_ref idref="oc-dc"/>
            <object_component_ref idref="oc-1ec"/>
            <object_component_ref idref="oc-21e"/>
            <object_component_ref idref="oc-1f1"/>
            <object_component_ref idref="oc-1f6"/>
         </contents>
      </logical_group>
      <logical_group id="lg-264" display="no" color="cyan">
         <name>Veneer$$CMSE</name>
         <run_address>0x0</run_address>
         <size>0x0</size>
         <contents>
         </contents>
      </logical_group>
      <load_segment id="lg-269" display="no" color="cyan">
         <name>SEGMENT_0</name>
         <load_address>0x0</load_address>
         <run_address>0x0</run_address>
         <size>0x88c</size>
         <flags>0x5</flags>
         <contents>
            <logical_group_ref idref="lg-3"/>
            <logical_group_ref idref="lg-4"/>
            <logical_group_ref idref="lg-5"/>
            <logical_group_ref idref="lg-6"/>
         </contents>
      </load_segment>
      <load_segment id="lg-26a" display="no" color="cyan">
         <name>SEGMENT_1</name>
         <run_address>0x20000000</run_address>
         <size>0x22</size>
         <flags>0x6</flags>
         <contents>
            <logical_group_ref idref="lg-f"/>
         </contents>
      </load_segment>
      <load_segment id="lg-26b" display="no" color="cyan">
         <name>SEGMENT_2</name>
         <run_address>0x2000fe00</run_address>
         <size>0x200</size>
         <flags>0x6</flags>
         <contents>
            <logical_group_ref idref="lg-11"/>
         </contents>
      </load_segment>
   </logical_group_list>
   <placement_map>
      <memory_area display="yes" color="green">
         <name>MAIN</name>
         <page_id>0x0</page_id>
         <origin>0x0</origin>
         <length>0x40000</length>
         <used_space>0x888</used_space>
         <unused_space>0x3f778</unused_space>
         <attributes>RX</attributes>
         <usage_details>
            <allocated_space>
               <start_address>0x0</start_address>
               <size>0x0</size>
               <logical_group_ref idref="lg-9"/>
            </allocated_space>
            <allocated_space>
               <start_address>0x0</start_address>
               <size>0xe4</size>
               <logical_group_ref idref="lg-3"/>
            </allocated_space>
            <allocated_space>
               <start_address>0xe4</start_address>
               <size>0x634</size>
               <logical_group_ref idref="lg-4"/>
            </allocated_space>
            <allocated_space>
               <start_address>0x718</start_address>
               <size>0x15c</size>
               <logical_group_ref idref="lg-5"/>
            </allocated_space>
            <available_space>
               <start_address>0x874</start_address>
               <size>0x4</size>
            </available_space>
            <allocated_space>
               <start_address>0x878</start_address>
               <size>0x14</size>
               <logical_group_ref idref="lg-6"/>
            </allocated_space>
            <available_space>
               <start_address>0x88c</start_address>
               <size>0x3f774</size>
            </available_space>
         </usage_details>
      </memory_area>
      <memory_area display="yes" color="green">
         <name>INFO</name>
         <page_id>0x0</page_id>
         <origin>0x200000</origin>
         <length>0x4000</length>
         <used_space>0x0</used_space>
         <unused_space>0x4000</unused_space>
         <attributes>RX</attributes>
         <usage_details>
         </usage_details>
      </memory_area>
      <memory_area display="yes" color="green">
         <name>SRAM_CODE</name>
         <page_id>0x0</page_id>
         <origin>0x1000000</origin>
         <length>0x10000</length>
         <used_space>0x222</used_space>
         <unused_space>0xfdde</unused_space>
         <attributes>RWX</attributes>
         <usage_details>
            <allocated_space>
               <start_address>0x1000000</start_address>
               <size>0x0</size>
               <logical_group_ref idref="lg-234"/>
            </allocated_space>
            <allocated_space>
               <start_address>0x1000000</start_address>
               <size>0x22</size>
               <logical_group_ref idref="lg-f"/>
            </allocated_space>
            <available_space>
               <start_address>0x1000022</start_address>
               <size>0xfdde</size>
            </available_space>
            <allocated_space>
               <start_address>0x100fe00</start_address>
               <size>0x200</size>
               <logical_group_ref idref="lg-11"/>
            </allocated_space>
         </usage_details>
      </memory_area>
      <memory_area display="yes" color="green">
         <name>SRAM_DATA</name>
         <page_id>0x0</page_id>
         <origin>0x20000000</origin>
         <length>0x10000</length>
         <used_space>0x222</used_space>
         <unused_space>0xfdde</unused_space>
         <attributes>RW</attributes>
         <usage_details>
            <allocated_space>
               <start_address>0x20000000</start_address>
               <size>0x0</size>
               <logical_group_ref idref="lg-234"/>
            </allocated_space>
            <allocated_space>
               <start_address>0x20000000</start_address>
               <size>0x22</size>
               <logical_group_ref idref="lg-f"/>
            </allocated_space>
            <available_space>
               <start_address>0x20000022</start_address>
               <size>0xfdde</size>
            </available_space>
            <allocated_space>
               <start_address>0x2000fe00</start_address>
               <size>0x200</size>
               <logical_group_ref idref="lg-11"/>
            </allocated_space>
         </usage_details>
      </memory_area>
   </placement_map>
   <cptbl_list>
      <cptbl>
         <name>__TI_cinit_table</name>
         <cprec>
            <name>.bss</name>
            <load_address>0x878</load_address>
            <load_size>0x8</load_size>
            <run_address>0x20000000</run_address>
            <run_size>0x22</run_size>
            <compression>zero_init</compression>
         </cprec>
      </cptbl>
   </cptbl_list>
   <handler_table>
      <handler_table_name>__TI_handler_table</handler_table_name>
      <handler>
         <index>0x0</index>
         <name>__TI_zero_init</name>
      </handler>
   </handler_table>
   <symbol_table>
      <symbol id="sm-1">
         <name>WDTCTL_SYM</name>
         <value>0x4000480c</value>
      </symbol>
      <symbol id="sm-2">
         <name>__start___llvm_prf_cnts</name>
         <value>0x20000000</value>
      </symbol>
      <symbol id="sm-3">
         <name>__stop___llvm_prf_cnts</name>
         <value>0x20000000</value>
      </symbol>
      <symbol id="sm-4">
         <name>__TI_CINIT_Base</name>
         <value>0x884</value>
      </symbol>
      <symbol id="sm-5">
         <name>__TI_CINIT_Limit</name>
         <value>0x88c</value>
      </symbol>
      <symbol id="sm-6">
         <name>__TI_Handler_Table_Base</name>
         <value>0x880</value>
      </symbol>
      <symbol id="sm-7">
         <name>__TI_Handler_Table_Limit</name>
         <value>0x884</value>
      </symbol>
      <symbol id="sm-8">
         <name>binit</name>
         <value>0xffffffff</value>
      </symbol>
      <symbol id="sm-9">
         <name>__binit__</name>
         <value>0xffffffff</value>
      </symbol>
      <symbol id="sm-a">
         <name>__STACK_SIZE</name>
         <value>0x200</value>
      </symbol>
      <symbol id="sm-b">
         <name>__STACK_END</name>
         <value>0x20010000</value>
      </symbol>
      <symbol id="sm-c">
         <name>__c_args__</name>
         <value>0xffffffff</value>
      </symbol>
      <symbol id="sm-d">
         <name>__TI_pprof_out_hndl</name>
         <value>0xffffffff</value>
      </symbol>
      <symbol id="sm-e">
         <name>__TI_prof_data_start</name>
         <value>0xffffffff</value>
      </symbol>
      <symbol id="sm-f">
         <name>__TI_prof_data_size</name>
         <value>0xffffffff</value>
      </symbol>
      <symbol id="sm-68">
         <name>main</name>
         <value>0x201</value>
         <object_component_ref idref="oc-9f"/>
      </symbol>
      <symbol id="sm-80">
         <name>SystemInit</name>
         <value>0x311</value>
         <object_component_ref idref="oc-b1"/>
      </symbol>
      <symbol id="sm-dc">
         <name>ringBuffer</name>
         <value>0x20000000</value>
      </symbol>
      <symbol id="sm-dd">
         <name>uartConfig</name>
         <value>0x84c</value>
         <object_component_ref idref="oc-18d"/>
      </symbol>
      <symbol id="sm-de">
         <name>EUSCIA0_IRQHandler</name>
         <value>0x389</value>
         <object_component_ref idref="oc-73"/>
      </symbol>
      <symbol id="sm-df">
         <name>readString</name>
         <value>0x4c9</value>
         <object_component_ref idref="oc-198"/>
      </symbol>
      <symbol id="sm-e0">
         <name>writeString</name>
         <value>0x3f9</value>
         <object_component_ref idref="oc-f0"/>
      </symbol>
      <symbol id="sm-e1">
         <name>initUART</name>
         <value>0x295</value>
         <object_component_ref idref="oc-ea"/>
      </symbol>
      <symbol id="sm-e2">
         <name>readChar</name>
         <value>0x6cd</value>
         <object_component_ref idref="oc-108"/>
      </symbol>
      <symbol id="sm-e3">
         <name>peek</name>
         <value>0x713</value>
         <object_component_ref idref="oc-102"/>
      </symbol>
      <symbol id="sm-ff">
         <name>Reset_Handler</name>
         <value>0x6ff</value>
         <object_component_ref idref="oc-67"/>
      </symbol>
      <symbol id="sm-100">
         <name>Default_Handler</name>
         <value>0x717</value>
         <object_component_ref idref="oc-6d"/>
      </symbol>
      <symbol id="sm-101">
         <name>interruptVectors</name>
         <value>0x0</value>
         <object_component_ref idref="oc-26"/>
      </symbol>
      <symbol id="sm-135">
         <name>CS_setDCOCenteredFrequency</name>
         <value>0x5fd</value>
         <object_component_ref idref="oc-fc"/>
      </symbol>
      <symbol id="sm-155">
         <name>GPIO_setAsOutputPin</name>
         <value>0x5bd</value>
         <object_component_ref idref="oc-f6"/>
      </symbol>
      <symbol id="sm-156">
         <name>GPIO_toggleOutputOnPin</name>
         <value>0x665</value>
         <object_component_ref idref="oc-10e"/>
      </symbol>
      <symbol id="sm-190">
         <name>UART_getEnabledInterruptStatus</name>
         <value>0x465</value>
         <object_component_ref idref="oc-b9"/>
      </symbol>
      <symbol id="sm-191">
         <name>UART_getInterruptStatus</name>
         <value>0x6e7</value>
         <object_component_ref idref="oc-154"/>
      </symbol>
      <symbol id="sm-192">
         <name>UART_initModule</name>
         <value>0xe5</value>
         <object_component_ref idref="oc-187"/>
      </symbol>
      <symbol id="sm-19e">
         <name>WDT_A_holdTimer</name>
         <value>0x68d</value>
         <object_component_ref idref="oc-e4"/>
      </symbol>
      <symbol id="sm-1c1">
         <name>__TI_zero_init_nomemset</name>
         <value>0x6b1</value>
         <object_component_ref idref="oc-43"/>
      </symbol>
      <symbol id="sm-1da">
         <name>atoi</name>
         <value>0x52d</value>
         <object_component_ref idref="oc-19e"/>
      </symbol>
      <symbol id="sm-1e5">
         <name>_ctypes_</name>
         <value>0x718</value>
         <object_component_ref idref="oc-1d6"/>
      </symbol>
      <symbol id="sm-1fa">
         <name>__stack</name>
         <value>0x2000fe00</value>
         <object_component_ref idref="oc-29"/>
      </symbol>
      <symbol id="sm-1fb">
         <name>_c_int00_noargs</name>
         <value>0x631</value>
         <object_component_ref idref="oc-55"/>
      </symbol>
      <symbol id="sm-229">
         <name>__TI_auto_init_nobinit_nopinit</name>
         <value>0x579</value>
         <object_component_ref idref="oc-121"/>
      </symbol>
      <symbol id="sm-233">
         <name>_system_pre_init</name>
         <value>0x70b</value>
         <object_component_ref idref="oc-99"/>
      </symbol>
      <symbol id="sm-23f">
         <name>C$$EXIT</name>
         <value>0x70f</value>
         <object_component_ref idref="oc-115"/>
      </symbol>
      <symbol id="sm-240">
         <name>abort</name>
         <value>0x70f</value>
         <object_component_ref idref="oc-115"/>
      </symbol>
      <symbol id="sm-24b">
         <name>__TI_static_base__</name>
         <value>0x0</value>
      </symbol>
      <symbol id="sm-24d">
         <name>__mpu_init</name>
         <value>0x0</value>
      </symbol>
      <symbol id="sm-24e">
         <name>_system_post_cinit</name>
         <value>0x0</value>
      </symbol>
      <symbol id="sm-24f">
         <name>NMI_Handler</name>
         <value>0x717</value>
      </symbol>
      <symbol id="sm-250">
         <name>HardFault_Handler</name>
         <value>0x717</value>
      </symbol>
      <symbol id="sm-251">
         <name>MemManage_Handler</name>
         <value>0x717</value>
      </symbol>
      <symbol id="sm-252">
         <name>BusFault_Handler</name>
         <value>0x717</value>
      </symbol>
      <symbol id="sm-253">
         <name>UsageFault_Handler</name>
         <value>0x717</value>
      </symbol>
      <symbol id="sm-254">
         <name>SVC_Handler</name>
         <value>0x717</value>
      </symbol>
      <symbol id="sm-255">
         <name>DebugMon_Handler</name>
         <value>0x717</value>
      </symbol>
      <symbol id="sm-256">
         <name>PendSV_Handler</name>
         <value>0x717</value>
      </symbol>
      <symbol id="sm-257">
         <name>SysTick_Handler</name>
         <value>0x717</value>
      </symbol>
      <symbol id="sm-258">
         <name>PSS_IRQHandler</name>
         <value>0x717</value>
      </symbol>
      <symbol id="sm-259">
         <name>CS_IRQHandler</name>
         <value>0x717</value>
      </symbol>
      <symbol id="sm-25a">
         <name>PCM_IRQHandler</name>
         <value>0x717</value>
      </symbol>
      <symbol id="sm-25b">
         <name>WDT_A_IRQHandler</name>
         <value>0x717</value>
      </symbol>
      <symbol id="sm-25c">
         <name>FPU_IRQHandler</name>
         <value>0x717</value>
      </symbol>
      <symbol id="sm-25d">
         <name>FLCTL_IRQHandler</name>
         <value>0x717</value>
      </symbol>
      <symbol id="sm-25e">
         <name>COMP_E0_IRQHandler</name>
         <value>0x717</value>
      </symbol>
      <symbol id="sm-25f">
         <name>COMP_E1_IRQHandler</name>
         <value>0x717</value>
      </symbol>
      <symbol id="sm-260">
         <name>TA0_0_IRQHandler</name>
         <value>0x717</value>
      </symbol>
      <symbol id="sm-261">
         <name>TA0_N_IRQHandler</name>
         <value>0x717</value>
      </symbol>
      <symbol id="sm-262">
         <name>TA1_0_IRQHandler</name>
         <value>0x717</value>
      </symbol>
      <symbol id="sm-263">
         <name>TA1_N_IRQHandler</name>
         <value>0x717</value>
      </symbol>
      <symbol id="sm-264">
         <name>TA2_0_IRQHandler</name>
         <value>0x717</value>
      </symbol>
      <symbol id="sm-265">
         <name>TA2_N_IRQHandler</name>
         <value>0x717</value>
      </symbol>
      <symbol id="sm-266">
         <name>TA3_0_IRQHandler</name>
         <value>0x717</value>
      </symbol>
      <symbol id="sm-267">
         <name>TA3_N_IRQHandler</name>
         <value>0x717</value>
      </symbol>
      <symbol id="sm-268">
         <name>EUSCIA0_IRQHandler</name>
         <value>0x389</value>
      </symbol>
      <symbol id="sm-269">
         <name>EUSCIA1_IRQHandler</name>
         <value>0x717</value>
      </symbol>
      <symbol id="sm-26a">
         <name>EUSCIA2_IRQHandler</name>
         <value>0x717</value>
      </symbol>
      <symbol id="sm-26b">
         <name>EUSCIA3_IRQHandler</name>
         <value>0x717</value>
      </symbol>
      <symbol id="sm-26c">
         <name>EUSCIB0_IRQHandler</name>
         <value>0x717</value>
      </symbol>
      <symbol id="sm-26d">
         <name>EUSCIB1_IRQHandler</name>
         <value>0x717</value>
      </symbol>
      <symbol id="sm-26e">
         <name>EUSCIB2_IRQHandler</name>
         <value>0x717</value>
      </symbol>
      <symbol id="sm-26f">
         <name>EUSCIB3_IRQHandler</name>
         <value>0x717</value>
      </symbol>
      <symbol id="sm-270">
         <name>ADC14_IRQHandler</name>
         <value>0x717</value>
      </symbol>
      <symbol id="sm-271">
         <name>T32_INT1_IRQHandler</name>
         <value>0x717</value>
      </symbol>
      <symbol id="sm-272">
         <name>T32_INT2_IRQHandler</name>
         <value>0x717</value>
      </symbol>
      <symbol id="sm-273">
         <name>T32_INTC_IRQHandler</name>
         <value>0x717</value>
      </symbol>
      <symbol id="sm-274">
         <name>AES256_IRQHandler</name>
         <value>0x717</value>
      </symbol>
      <symbol id="sm-275">
         <name>RTC_C_IRQHandler</name>
         <value>0x717</value>
      </symbol>
      <symbol id="sm-276">
         <name>DMA_ERR_IRQHandler</name>
         <value>0x717</value>
      </symbol>
      <symbol id="sm-277">
         <name>DMA_INT3_IRQHandler</name>
         <value>0x717</value>
      </symbol>
      <symbol id="sm-278">
         <name>DMA_INT2_IRQHandler</name>
         <value>0x717</value>
      </symbol>
      <symbol id="sm-279">
         <name>DMA_INT1_IRQHandler</name>
         <value>0x717</value>
      </symbol>
      <symbol id="sm-27a">
         <name>DMA_INT0_IRQHandler</name>
         <value>0x717</value>
      </symbol>
      <symbol id="sm-27b">
         <name>PORT1_IRQHandler</name>
         <value>0x717</value>
      </symbol>
      <symbol id="sm-27c">
         <name>PORT2_IRQHandler</name>
         <value>0x717</value>
      </symbol>
      <symbol id="sm-27d">
         <name>PORT3_IRQHandler</name>
         <value>0x717</value>
      </symbol>
      <symbol id="sm-27e">
         <name>PORT4_IRQHandler</name>
         <value>0x717</value>
      </symbol>
      <symbol id="sm-27f">
         <name>PORT5_IRQHandler</name>
         <value>0x717</value>
      </symbol>
      <symbol id="sm-280">
         <name>PORT6_IRQHandler</name>
         <value>0x717</value>
      </symbol>
   </symbol_table>
   <title>Link successful</title>
</link_info>
