******************************************************************************
                  TI ARM Linker PC v20.2.1                     
******************************************************************************
>> Linked Thu Jul  2 16:54:58 2020

OUTPUT FILE NAME:   <empty_MSP_EXP432P401R_nortos_ccs.out>
ENTRY POINT SYMBOL: "_c_int00_noargs"  address: 00000631


MEMORY CONFIGURATION

         name            origin    length      used     unused   attr    fill
----------------------  --------  ---------  --------  --------  ----  --------
  MAIN                  00000000   00040000  00000888  0003f778  R  X
  INFO                  00200000   00004000  00000000  00004000  R  X
  SRAM_CODE             01000000   00010000  00000222  0000fdde  RW X
  SRAM_DATA             20000000   00010000  00000222  0000fdde  RW  


SEGMENT ALLOCATION MAP

run origin  load origin   length   init length attrs members
----------  ----------- ---------- ----------- ----- -------
00000000    00000000    0000088c   0000088c    r-x
  00000000    00000000    000000e4   000000e4    r-- .intvecs
  000000e4    000000e4    00000634   00000634    r-x .text
  00000718    00000718    0000015c   0000015c    r-- .const
  00000878    00000878    00000014   00000014    r-- .cinit
20000000    20000000    00000022   00000000    rw-
  20000000    20000000    00000022   00000000    rw- .bss
2000fe00    2000fe00    00000200   00000000    rw-
  2000fe00    2000fe00    00000200   00000000    rw- .stack


SECTION ALLOCATION MAP

 output                                  attributes/
section   page    origin      length       input sections
--------  ----  ----------  ----------   ----------------
.intvecs   0    00000000    000000e4     
                  00000000    000000e4     startup_msp432p401r_ccs.obj (.intvecs:retain)

.text      0    000000e4    00000634     
                  000000e4    0000011c     msp432p4xx_driverlib.lib : uart.o (.text:UART_initModule)
                  00000200    00000094     main.obj (.text:main)
                  00000294    0000007c     uart_functions.obj (.text:initUART)
                  00000310    00000078     system_msp432p401r.obj (.text:SystemInit)
                  00000388    00000070     uart_functions.obj (.text:EUSCIA0_IRQHandler)
                  000003f8    0000006c     uart_functions.obj (.text:writeString)
                  00000464    00000064     msp432p4xx_driverlib.lib : uart.o (.text:UART_getEnabledInterruptStatus)
                  000004c8    00000064     uart_functions.obj (.text:readString)
                  0000052c    0000004c     rtsv7M4_T_le_v4SPD16_eabi.lib : atoi.c.obj (.text:atoi)
                  00000578    00000044                                   : autoinit.c.obj (.text:__TI_auto_init_nobinit_nopinit:__TI_auto_init_nobinit_nopinit)
                  000005bc    00000040     msp432p4xx_driverlib.lib : gpio.o (.text:GPIO_setAsOutputPin)
                  000005fc    00000034                              : cs.o (.text:CS_setDCOCenteredFrequency)
                  00000630    00000034     rtsv7M4_T_le_v4SPD16_eabi.lib : boot_cortex_m.c.obj (.text:_c_int00_noargs:_c_int00_noargs)
                  00000664    00000028     msp432p4xx_driverlib.lib : gpio.o (.text:GPIO_toggleOutputOnPin)
                  0000068c    00000024                              : wdt_a.o (.text:WDT_A_holdTimer)
                  000006b0    0000001c     rtsv7M4_T_le_v4SPD16_eabi.lib : copy_zero_init.c.obj (.text:decompress:ZI:__TI_zero_init_nomemset:__TI_zero_init_nomemset)
                  000006cc    0000001a     uart_functions.obj (.text:readChar)
                  000006e6    00000018     msp432p4xx_driverlib.lib : uart.o (.text:UART_getInterruptStatus)
                  000006fe    0000000c     startup_msp432p401r_ccs.obj (.text:Reset_Handler)
                  0000070a    00000004     rtsv7M4_T_le_v4SPD16_eabi.lib : pre_init.c.obj (.text:_system_pre_init)
                  0000070e    00000004                                   : exit.c.obj (.text:abort:abort)
                  00000712    00000004     uart_functions.obj (.text:peek)
                  00000716    00000002     startup_msp432p401r_ccs.obj (.text:Default_Handler)

.const     0    00000718    0000015c     
                  00000718    00000101     rtsv7M4_T_le_v4SPD16_eabi.lib : ctype.c.obj (.const:.string:_ctypes_)
                  00000819    00000003     --HOLE-- [fill = 0]
                  0000081c    00000030     msp432p4xx_driverlib.lib : gpio.o (.const:GPIO_PORT_TO_BASE)
                  0000084c    00000028     uart_functions.obj (.const:uartConfig)

.cinit     0    00000878    00000014     
                  00000878    00000008     (.cinit..bss.load) [load image, compression = zero_init]
                  00000880    00000004     (__TI_handler_table)
                  00000884    00000008     (__TI_cinit_table)

.init_array 
*          0    00000000    00000000     UNINITIALIZED

.binit     0    00000000    00000000     

.bss       0    20000000    00000022     UNINITIALIZED
                  20000000    00000022     (.common:ringBuffer)

.stack     0    2000fe00    00000200     UNINITIALIZED
                  2000fe00    00000004     rtsv7M4_T_le_v4SPD16_eabi.lib : boot_cortex_m.c.obj (.stack)
                  2000fe04    000001fc     --HOLE--

__llvm_prf_cnts 
*          0    20000000    00000000     UNINITIALIZED

MODULE SUMMARY

       Module                        code   ro data   rw data
       ------                        ----   -------   -------
    .\
       uart_functions.obj            474    40        68     
       main.obj                      148    0         0      
       system_msp432p401r.obj        120    0         0      
    +--+-----------------------------+------+---------+---------+
       Total:                        742    40        68     
                                                             
    .\ccs\
       startup_msp432p401r_ccs.obj   14     228       0      
    +--+-----------------------------+------+---------+---------+
       Total:                        14     228       0      
                                                             
    C:/ti/simplelink_msp432p4_sdk_3_40_01_02/source/ti/devices/msp432p4xx/driverlib/ccs/msp432p4xx_driverlib.lib
       uart.o                        408    0         0      
       gpio.o                        104    48        0      
       cs.o                          52     0         0      
       wdt_a.o                       36     0         0      
    +--+-----------------------------+------+---------+---------+
       Total:                        600    48        0      
                                                             
    C:\ti\ccs1010\ccs\tools\compiler\ti-cgt-arm_20.2.1.LTS\lib\rtsv7M4_T_le_v4SPD16_eabi.lib
       ctype.c.obj                   0      257       0      
       atoi.c.obj                    76     0         0      
       autoinit.c.obj                68     0         0      
       boot_cortex_m.c.obj           52     0         0      
       copy_zero_init.c.obj          28     0         0      
       exit.c.obj                    4      0         0      
       pre_init.c.obj                4      0         0      
    +--+-----------------------------+------+---------+---------+
       Total:                        232    257       0      
                                                             
       Stack:                        0      0         1024   
       Linker Generated:             0      20        0      
    +--+-----------------------------+------+---------+---------+
       Grand Total:                  1588   593       1092   


LINKER GENERATED COPY TABLES

__TI_cinit_table @ 00000884 records: 1, size/record: 8, table size: 8
	.bss: load addr=00000878, load size=00000008 bytes, run addr=20000000, run size=00000022 bytes, compression=zero_init


LINKER GENERATED HANDLER TABLE

__TI_handler_table @ 00000880 records: 1, size/record: 4, table size: 4
	index: 0, handler: __TI_zero_init


GLOBAL SYMBOLS: SORTED ALPHABETICALLY BY Name 

address   name                          
-------   ----                          
00000717  ADC14_IRQHandler              
00000717  AES256_IRQHandler             
00000717  BusFault_Handler              
0000070f  C$$EXIT                       
00000717  COMP_E0_IRQHandler            
00000717  COMP_E1_IRQHandler            
00000717  CS_IRQHandler                 
000005fd  CS_setDCOCenteredFrequency    
00000717  DMA_ERR_IRQHandler            
00000717  DMA_INT0_IRQHandler           
00000717  DMA_INT1_IRQHandler           
00000717  DMA_INT2_IRQHandler           
00000717  DMA_INT3_IRQHandler           
00000717  DebugMon_Handler              
00000717  Default_Handler               
00000389  EUSCIA0_IRQHandler            
00000389  EUSCIA0_IRQHandler            
00000717  EUSCIA1_IRQHandler            
00000717  EUSCIA2_IRQHandler            
00000717  EUSCIA3_IRQHandler            
00000717  EUSCIB0_IRQHandler            
00000717  EUSCIB1_IRQHandler            
00000717  EUSCIB2_IRQHandler            
00000717  EUSCIB3_IRQHandler            
00000717  FLCTL_IRQHandler              
00000717  FPU_IRQHandler                
000005bd  GPIO_setAsOutputPin           
00000665  GPIO_toggleOutputOnPin        
00000717  HardFault_Handler             
00000717  MemManage_Handler             
00000717  NMI_Handler                   
00000717  PCM_IRQHandler                
00000717  PORT1_IRQHandler              
00000717  PORT2_IRQHandler              
00000717  PORT3_IRQHandler              
00000717  PORT4_IRQHandler              
00000717  PORT5_IRQHandler              
00000717  PORT6_IRQHandler              
00000717  PSS_IRQHandler                
00000717  PendSV_Handler                
00000717  RTC_C_IRQHandler              
000006ff  Reset_Handler                 
00000717  SVC_Handler                   
00000717  SysTick_Handler               
00000311  SystemInit                    
00000717  T32_INT1_IRQHandler           
00000717  T32_INT2_IRQHandler           
00000717  T32_INTC_IRQHandler           
00000717  TA0_0_IRQHandler              
00000717  TA0_N_IRQHandler              
00000717  TA1_0_IRQHandler              
00000717  TA1_N_IRQHandler              
00000717  TA2_0_IRQHandler              
00000717  TA2_N_IRQHandler              
00000717  TA3_0_IRQHandler              
00000717  TA3_N_IRQHandler              
00000465  UART_getEnabledInterruptStatus
000006e7  UART_getInterruptStatus       
000000e5  UART_initModule               
00000717  UsageFault_Handler            
4000480c  WDTCTL_SYM                    
00000717  WDT_A_IRQHandler              
0000068d  WDT_A_holdTimer               
20010000  __STACK_END                   
00000200  __STACK_SIZE                  
00000884  __TI_CINIT_Base               
0000088c  __TI_CINIT_Limit              
00000880  __TI_Handler_Table_Base       
00000884  __TI_Handler_Table_Limit      
00000579  __TI_auto_init_nobinit_nopinit
ffffffff  __TI_pprof_out_hndl           
ffffffff  __TI_prof_data_size           
ffffffff  __TI_prof_data_start          
00000000  __TI_static_base__            
000006b1  __TI_zero_init_nomemset       
ffffffff  __binit__                     
ffffffff  __c_args__                    
UNDEFED   __mpu_init                    
2000fe00  __stack                       
20000000  __start___llvm_prf_cnts       
20000000  __stop___llvm_prf_cnts        
00000631  _c_int00_noargs               
00000718  _ctypes_                      
UNDEFED   _system_post_cinit            
0000070b  _system_pre_init              
0000070f  abort                         
0000052d  atoi                          
ffffffff  binit                         
00000295  initUART                      
00000000  interruptVectors              
00000201  main                          
00000713  peek                          
000006cd  readChar                      
000004c9  readString                    
20000000  ringBuffer                    
0000084c  uartConfig                    
000003f9  writeString                   


GLOBAL SYMBOLS: SORTED BY Symbol Address 

address   name                          
-------   ----                          
00000000  __TI_static_base__            
00000000  interruptVectors              
000000e5  UART_initModule               
00000200  __STACK_SIZE                  
00000201  main                          
00000295  initUART                      
00000311  SystemInit                    
00000389  EUSCIA0_IRQHandler            
00000389  EUSCIA0_IRQHandler            
000003f9  writeString                   
00000465  UART_getEnabledInterruptStatus
000004c9  readString                    
0000052d  atoi                          
00000579  __TI_auto_init_nobinit_nopinit
000005bd  GPIO_setAsOutputPin           
000005fd  CS_setDCOCenteredFrequency    
00000631  _c_int00_noargs               
00000665  GPIO_toggleOutputOnPin        
0000068d  WDT_A_holdTimer               
000006b1  __TI_zero_init_nomemset       
000006cd  readChar                      
000006e7  UART_getInterruptStatus       
000006ff  Reset_Handler                 
0000070b  _system_pre_init              
0000070f  C$$EXIT                       
0000070f  abort                         
00000713  peek                          
00000717  ADC14_IRQHandler              
00000717  AES256_IRQHandler             
00000717  BusFault_Handler              
00000717  COMP_E0_IRQHandler            
00000717  COMP_E1_IRQHandler            
00000717  CS_IRQHandler                 
00000717  DMA_ERR_IRQHandler            
00000717  DMA_INT0_IRQHandler           
00000717  DMA_INT1_IRQHandler           
00000717  DMA_INT2_IRQHandler           
00000717  DMA_INT3_IRQHandler           
00000717  DebugMon_Handler              
00000717  Default_Handler               
00000717  EUSCIA1_IRQHandler            
00000717  EUSCIA2_IRQHandler            
00000717  EUSCIA3_IRQHandler            
00000717  EUSCIB0_IRQHandler            
00000717  EUSCIB1_IRQHandler            
00000717  EUSCIB2_IRQHandler            
00000717  EUSCIB3_IRQHandler            
00000717  FLCTL_IRQHandler              
00000717  FPU_IRQHandler                
00000717  HardFault_Handler             
00000717  MemManage_Handler             
00000717  NMI_Handler                   
00000717  PCM_IRQHandler                
00000717  PORT1_IRQHandler              
00000717  PORT2_IRQHandler              
00000717  PORT3_IRQHandler              
00000717  PORT4_IRQHandler              
00000717  PORT5_IRQHandler              
00000717  PORT6_IRQHandler              
00000717  PSS_IRQHandler                
00000717  PendSV_Handler                
00000717  RTC_C_IRQHandler              
00000717  SVC_Handler                   
00000717  SysTick_Handler               
00000717  T32_INT1_IRQHandler           
00000717  T32_INT2_IRQHandler           
00000717  T32_INTC_IRQHandler           
00000717  TA0_0_IRQHandler              
00000717  TA0_N_IRQHandler              
00000717  TA1_0_IRQHandler              
00000717  TA1_N_IRQHandler              
00000717  TA2_0_IRQHandler              
00000717  TA2_N_IRQHandler              
00000717  TA3_0_IRQHandler              
00000717  TA3_N_IRQHandler              
00000717  UsageFault_Handler            
00000717  WDT_A_IRQHandler              
00000718  _ctypes_                      
0000084c  uartConfig                    
00000880  __TI_Handler_Table_Base       
00000884  __TI_CINIT_Base               
00000884  __TI_Handler_Table_Limit      
0000088c  __TI_CINIT_Limit              
20000000  __start___llvm_prf_cnts       
20000000  __stop___llvm_prf_cnts        
20000000  ringBuffer                    
2000fe00  __stack                       
20010000  __STACK_END                   
4000480c  WDTCTL_SYM                    
ffffffff  __TI_pprof_out_hndl           
ffffffff  __TI_prof_data_size           
ffffffff  __TI_prof_data_start          
ffffffff  __binit__                     
ffffffff  __c_args__                    
ffffffff  binit                         
UNDEFED   __mpu_init                    
UNDEFED   _system_post_cinit            

[97 symbols]
