******************************************************************************
                  TI ARM Linker PC v20.2.1                     
******************************************************************************
>> Linked Fri Oct  9 20:57:20 2020

OUTPUT FILE NAME:   <LAB2_P1.out>
ENTRY POINT SYMBOL: "_c_int00_noargs"  address: 00000601


MEMORY CONFIGURATION

         name            origin    length      used     unused   attr    fill
----------------------  --------  ---------  --------  --------  ----  --------
  MAIN                  00000000   00040000  0000076e  0003f892  R  X
  INFO                  00200000   00004000  00000000  00004000  R  X
  SRAM_CODE             01000000   00010000  00000222  0000fdde  RW X
  SRAM_DATA             20000000   00010000  00000222  0000fdde  RW  


SEGMENT ALLOCATION MAP

run origin  load origin   length   init length attrs members
----------  ----------- ---------- ----------- ----- -------
00000000    00000000    00000774   00000774    r-x
  00000000    00000000    000000e4   000000e4    r-- .intvecs
  000000e4    000000e4    0000061e   0000061e    r-x .text
  00000704    00000704    00000058   00000058    r-- .const
  00000760    00000760    00000014   00000014    r-- .cinit
20000000    20000000    00000022   00000000    rw-
  20000000    20000000    00000022   00000000    rw- .bss
2000fe00    2000fe00    00000200   00000000    rw-
  2000fe00    2000fe00    00000200   00000000    rw- .stack


SECTION ALLOCATION MAP

 output                                  attributes/
section   page    origin      length       input sections
--------  ----  ----------  ----------   ----------------
.intvecs   0    00000000    000000e4     
                  00000000    000000e4     startup_msp432p401r_ccs.obj (.intvecs:retain)

.text      0    000000e4    0000061e     
                  000000e4    0000011c     msp432p4xx_driverlib.lib : uart.o (.text:UART_initModule)
                  00000200    000000b0     main.obj (.text:main)
                  000002b0    0000007c     uart_functions.obj (.text:initUART)
                  0000032c    00000078     system_msp432p401r.obj (.text:SystemInit)
                  000003a4    00000070     uart_functions.obj (.text:EUSCIA0_IRQHandler)
                  00000414    0000006c     uart_functions.obj (.text:writeString)
                  00000480    00000064     msp432p4xx_driverlib.lib : uart.o (.text:UART_getEnabledInterruptStatus)
                  000004e4    00000064     uart_functions.obj (.text:readString)
                  00000548    00000044     rtsv7M4_T_le_v4SPD16_eabi.lib : autoinit.c.obj (.text:__TI_auto_init_nobinit_nopinit:__TI_auto_init_nobinit_nopinit)
                  0000058c    00000040     msp432p4xx_driverlib.lib : gpio.o (.text:GPIO_setAsOutputPin)
                  000005cc    00000034                              : cs.o (.text:CS_setDCOCenteredFrequency)
                  00000600    00000034     rtsv7M4_T_le_v4SPD16_eabi.lib : boot_cortex_m.c.obj (.text:_c_int00_noargs:_c_int00_noargs)
                  00000634    00000028     msp432p4xx_driverlib.lib : gpio.o (.text:GPIO_toggleOutputOnPin)
                  0000065c    00000024                              : wdt_a.o (.text:WDT_A_holdTimer)
                  00000680    0000001c     rtsv7M4_T_le_v4SPD16_eabi.lib : copy_zero_init.c.obj (.text:decompress:ZI:__TI_zero_init_nomemset:__TI_zero_init_nomemset)
                  0000069c    0000001c     uart_functions.obj (.text:peek)
                  000006b8    0000001c     uart_functions.obj (.text:readChar)
                  000006d4    00000018     msp432p4xx_driverlib.lib : uart.o (.text:UART_getInterruptStatus)
                  000006ec    0000000c     startup_msp432p401r_ccs.obj (.text:Reset_Handler)
                  000006f8    00000004     rtsv7M4_T_le_v4SPD16_eabi.lib : pre_init.c.obj (.text:_system_pre_init)
                  000006fc    00000004                                   : exit.c.obj (.text:abort:abort)
                  00000700    00000002     startup_msp432p401r_ccs.obj (.text:Default_Handler)

.const     0    00000704    00000058     
                  00000704    00000030     msp432p4xx_driverlib.lib : gpio.o (.const:GPIO_PORT_TO_BASE)
                  00000734    00000028     uart_functions.obj (.const:uartConfig)

.cinit     0    00000760    00000014     
                  00000760    00000008     (.cinit..bss.load) [load image, compression = zero_init]
                  00000768    00000004     (__TI_handler_table)
                  0000076c    00000008     (__TI_cinit_table)

.init_array 
*          0    00000000    00000000     UNINITIALIZED

.binit     0    00000000    00000000     

.bss       0    20000000    00000022     UNINITIALIZED
                  20000000    00000022     (.common:ringBuffer)

.stack     0    2000fe00    00000200     UNINITIALIZED
                  2000fe00    00000004     rtsv7M4_T_le_v4SPD16_eabi.lib : boot_cortex_m.c.obj (.stack)
                  2000fe04    000001fc     --HOLE--

__llvm_prf_cnts 
*          0    20000000    00000000     UNINITIALIZED

MODULE SUMMARY

       Module                        code   ro data   rw data
       ------                        ----   -------   -------
    .\
       uart_functions.obj            500    40        68     
       main.obj                      176    0         0      
       system_msp432p401r.obj        120    0         0      
    +--+-----------------------------+------+---------+---------+
       Total:                        796    40        68     
                                                             
    .\ccs\
       startup_msp432p401r_ccs.obj   14     228       0      
    +--+-----------------------------+------+---------+---------+
       Total:                        14     228       0      
                                                             
    C:/ti/simplelink_msp432p4_sdk_3_40_01_02/source/ti/devices/msp432p4xx/driverlib/ccs/msp432p4xx_driverlib.lib
       uart.o                        408    0         0      
       gpio.o                        104    48        0      
       cs.o                          52     0         0      
       wdt_a.o                       36     0         0      
    +--+-----------------------------+------+---------+---------+
       Total:                        600    48        0      
                                                             
    C:\ti\ccs1010\ccs\tools\compiler\ti-cgt-arm_20.2.1.LTS\lib\rtsv7M4_T_le_v4SPD16_eabi.lib
       autoinit.c.obj                68     0         0      
       boot_cortex_m.c.obj           52     0         0      
       copy_zero_init.c.obj          28     0         0      
       exit.c.obj                    4      0         0      
       pre_init.c.obj                4      0         0      
    +--+-----------------------------+------+---------+---------+
       Total:                        156    0         0      
                                                             
       Stack:                        0      0         1024   
       Linker Generated:             0      20        0      
    +--+-----------------------------+------+---------+---------+
       Grand Total:                  1566   336       1092   


LINKER GENERATED COPY TABLES

__TI_cinit_table @ 0000076c records: 1, size/record: 8, table size: 8
	.bss: load addr=00000760, load size=00000008 bytes, run addr=20000000, run size=00000022 bytes, compression=zero_init


LINKER GENERATED HANDLER TABLE

__TI_handler_table @ 00000768 records: 1, size/record: 4, table size: 4
	index: 0, handler: __TI_zero_init


GLOBAL SYMBOLS: SORTED ALPHABETICALLY BY Name 

address   name                          
-------   ----                          
00000701  ADC14_IRQHandler              
00000701  AES256_IRQHandler             
00000701  BusFault_Handler              
000006fd  C$$EXIT                       
00000701  COMP_E0_IRQHandler            
00000701  COMP_E1_IRQHandler            
00000701  CS_IRQHandler                 
000005cd  CS_setDCOCenteredFrequency    
00000701  DMA_ERR_IRQHandler            
00000701  DMA_INT0_IRQHandler           
00000701  DMA_INT1_IRQHandler           
00000701  DMA_INT2_IRQHandler           
00000701  DMA_INT3_IRQHandler           
00000701  DebugMon_Handler              
00000701  Default_Handler               
000003a5  EUSCIA0_IRQHandler            
000003a5  EUSCIA0_IRQHandler            
00000701  EUSCIA1_IRQHandler            
00000701  EUSCIA2_IRQHandler            
00000701  EUSCIA3_IRQHandler            
00000701  EUSCIB0_IRQHandler            
00000701  EUSCIB1_IRQHandler            
00000701  EUSCIB2_IRQHandler            
00000701  EUSCIB3_IRQHandler            
00000701  FLCTL_IRQHandler              
00000701  FPU_IRQHandler                
0000058d  GPIO_setAsOutputPin           
00000635  GPIO_toggleOutputOnPin        
00000701  HardFault_Handler             
00000701  MemManage_Handler             
00000701  NMI_Handler                   
00000701  PCM_IRQHandler                
00000701  PORT1_IRQHandler              
00000701  PORT2_IRQHandler              
00000701  PORT3_IRQHandler              
00000701  PORT4_IRQHandler              
00000701  PORT5_IRQHandler              
00000701  PORT6_IRQHandler              
00000701  PSS_IRQHandler                
00000701  PendSV_Handler                
00000701  RTC_C_IRQHandler              
000006ed  Reset_Handler                 
00000701  SVC_Handler                   
00000701  SysTick_Handler               
0000032d  SystemInit                    
00000701  T32_INT1_IRQHandler           
00000701  T32_INT2_IRQHandler           
00000701  T32_INTC_IRQHandler           
00000701  TA0_0_IRQHandler              
00000701  TA0_N_IRQHandler              
00000701  TA1_0_IRQHandler              
00000701  TA1_N_IRQHandler              
00000701  TA2_0_IRQHandler              
00000701  TA2_N_IRQHandler              
00000701  TA3_0_IRQHandler              
00000701  TA3_N_IRQHandler              
00000481  UART_getEnabledInterruptStatus
000006d5  UART_getInterruptStatus       
000000e5  UART_initModule               
00000701  UsageFault_Handler            
4000480c  WDTCTL_SYM                    
00000701  WDT_A_IRQHandler              
0000065d  WDT_A_holdTimer               
20010000  __STACK_END                   
00000200  __STACK_SIZE                  
0000076c  __TI_CINIT_Base               
00000774  __TI_CINIT_Limit              
00000768  __TI_Handler_Table_Base       
0000076c  __TI_Handler_Table_Limit      
00000549  __TI_auto_init_nobinit_nopinit
ffffffff  __TI_pprof_out_hndl           
ffffffff  __TI_prof_data_size           
ffffffff  __TI_prof_data_start          
00000000  __TI_static_base__            
00000681  __TI_zero_init_nomemset       
ffffffff  __binit__                     
ffffffff  __c_args__                    
UNDEFED   __mpu_init                    
2000fe00  __stack                       
20000000  __start___llvm_prf_cnts       
20000000  __stop___llvm_prf_cnts        
00000601  _c_int00_noargs               
UNDEFED   _system_post_cinit            
000006f9  _system_pre_init              
000006fd  abort                         
ffffffff  binit                         
000002b1  initUART                      
00000000  interruptVectors              
00000201  main                          
0000069d  peek                          
000006b9  readChar                      
000004e5  readString                    
20000000  ringBuffer                    
00000734  uartConfig                    
00000415  writeString                   


GLOBAL SYMBOLS: SORTED BY Symbol Address 

address   name                          
-------   ----                          
00000000  __TI_static_base__            
00000000  interruptVectors              
000000e5  UART_initModule               
00000200  __STACK_SIZE                  
00000201  main                          
000002b1  initUART                      
0000032d  SystemInit                    
000003a5  EUSCIA0_IRQHandler            
000003a5  EUSCIA0_IRQHandler            
00000415  writeString                   
00000481  UART_getEnabledInterruptStatus
000004e5  readString                    
00000549  __TI_auto_init_nobinit_nopinit
0000058d  GPIO_setAsOutputPin           
000005cd  CS_setDCOCenteredFrequency    
00000601  _c_int00_noargs               
00000635  GPIO_toggleOutputOnPin        
0000065d  WDT_A_holdTimer               
00000681  __TI_zero_init_nomemset       
0000069d  peek                          
000006b9  readChar                      
000006d5  UART_getInterruptStatus       
000006ed  Reset_Handler                 
000006f9  _system_pre_init              
000006fd  C$$EXIT                       
000006fd  abort                         
00000701  ADC14_IRQHandler              
00000701  AES256_IRQHandler             
00000701  BusFault_Handler              
00000701  COMP_E0_IRQHandler            
00000701  COMP_E1_IRQHandler            
00000701  CS_IRQHandler                 
00000701  DMA_ERR_IRQHandler            
00000701  DMA_INT0_IRQHandler           
00000701  DMA_INT1_IRQHandler           
00000701  DMA_INT2_IRQHandler           
00000701  DMA_INT3_IRQHandler           
00000701  DebugMon_Handler              
00000701  Default_Handler               
00000701  EUSCIA1_IRQHandler            
00000701  EUSCIA2_IRQHandler            
00000701  EUSCIA3_IRQHandler            
00000701  EUSCIB0_IRQHandler            
00000701  EUSCIB1_IRQHandler            
00000701  EUSCIB2_IRQHandler            
00000701  EUSCIB3_IRQHandler            
00000701  FLCTL_IRQHandler              
00000701  FPU_IRQHandler                
00000701  HardFault_Handler             
00000701  MemManage_Handler             
00000701  NMI_Handler                   
00000701  PCM_IRQHandler                
00000701  PORT1_IRQHandler              
00000701  PORT2_IRQHandler              
00000701  PORT3_IRQHandler              
00000701  PORT4_IRQHandler              
00000701  PORT5_IRQHandler              
00000701  PORT6_IRQHandler              
00000701  PSS_IRQHandler                
00000701  PendSV_Handler                
00000701  RTC_C_IRQHandler              
00000701  SVC_Handler                   
00000701  SysTick_Handler               
00000701  T32_INT1_IRQHandler           
00000701  T32_INT2_IRQHandler           
00000701  T32_INTC_IRQHandler           
00000701  TA0_0_IRQHandler              
00000701  TA0_N_IRQHandler              
00000701  TA1_0_IRQHandler              
00000701  TA1_N_IRQHandler              
00000701  TA2_0_IRQHandler              
00000701  TA2_N_IRQHandler              
00000701  TA3_0_IRQHandler              
00000701  TA3_N_IRQHandler              
00000701  UsageFault_Handler            
00000701  WDT_A_IRQHandler              
00000734  uartConfig                    
00000768  __TI_Handler_Table_Base       
0000076c  __TI_CINIT_Base               
0000076c  __TI_Handler_Table_Limit      
00000774  __TI_CINIT_Limit              
20000000  __start___llvm_prf_cnts       
20000000  __stop___llvm_prf_cnts        
20000000  ringBuffer                    
2000fe00  __stack                       
20010000  __STACK_END                   
4000480c  WDTCTL_SYM                    
ffffffff  __TI_pprof_out_hndl           
ffffffff  __TI_prof_data_size           
ffffffff  __TI_prof_data_start          
ffffffff  __binit__                     
ffffffff  __c_args__                    
ffffffff  binit                         
UNDEFED   __mpu_init                    
UNDEFED   _system_post_cinit            

[95 symbols]
